[0.013s] Invoking command in '/home/hackathon-01/ros2/tutorials/harmonic_gui/build/robot_gazebo': CMAKE_PREFIX_PATH=${CMAKE_PREFIX_PATH}:/opt/ros/jazzy /usr/bin/cmake /home/hackathon-01/ros2/tutorials/harmonic_gui/src/robot_simulation/robot_gazebo -DCMAKE_INSTALL_PREFIX=/home/hackathon-01/ros2/tutorials/harmonic_gui/install/robot_gazebo
[0.101s] -- The C compiler identification is GNU 13.3.0
[0.183s] -- The CXX compiler identification is GNU 13.3.0
[0.205s] -- Detecting C compiler ABI info
[0.336s] -- Detecting C compiler ABI info - done
[0.350s] -- Check for working C compiler: /usr/bin/cc - skipped
[0.351s] -- Detecting C compile features
[0.351s] -- Detecting C compile features - done
[0.366s] -- Detecting CXX compiler ABI info
[0.505s] -- Detecting CXX compiler ABI info - done
[0.521s] -- Check for working CXX compiler: /usr/bin/c++ - skipped
[0.521s] -- Detecting CXX compile features
[0.521s] -- Detecting CXX compile features - done
[0.528s] -- Found ament_cmake: 2.5.4 (/opt/ros/jazzy/share/ament_cmake/cmake)
[0.725s] -- Found Python3: /usr/bin/python3 (found version "3.12.3") found components: Interpreter 
[0.889s] -- Found xacro: 2.1.1 (/opt/ros/jazzy/share/xacro/cmake)
[0.892s] -- Found rclpy: 7.1.5 (/opt/ros/jazzy/share/rclpy/cmake)
[0.896s] -- Found ament_lint_auto: 0.17.3 (/opt/ros/jazzy/share/ament_lint_auto/cmake)
[1.035s] -- Added test 'copyright' to check source files copyright and LICENSE
[1.039s] -- Added test 'flake8' to check Python code syntax and style conventions
[1.040s] -- Configured 'flake8' exclude dirs and/or files: 
[1.041s] -- Added test 'lint_cmake' to check CMake code style
[1.042s] -- Added test 'pep257' to check Python code against some of the docstring style conventions in PEP 257
[1.044s] -- Added test 'xmllint' to check XML markup files
[1.046s] -- Configuring done (1.0s)
[1.050s] -- Generating done (0.0s)
[1.053s] -- Build files have been written to: /home/hackathon-01/ros2/tutorials/harmonic_gui/build/robot_gazebo
[1.058s] Invoked command in '/home/hackathon-01/ros2/tutorials/harmonic_gui/build/robot_gazebo' returned '0': CMAKE_PREFIX_PATH=${CMAKE_PREFIX_PATH}:/opt/ros/jazzy /usr/bin/cmake /home/hackathon-01/ros2/tutorials/harmonic_gui/src/robot_simulation/robot_gazebo -DCMAKE_INSTALL_PREFIX=/home/hackathon-01/ros2/tutorials/harmonic_gui/install/robot_gazebo
[1.061s] Invoking command in '/home/hackathon-01/ros2/tutorials/harmonic_gui/build/robot_gazebo': CMAKE_PREFIX_PATH=${CMAKE_PREFIX_PATH}:/opt/ros/jazzy /usr/bin/cmake --build /home/hackathon-01/ros2/tutorials/harmonic_gui/build/robot_gazebo -- -j22 -l22
[1.133s] Invoked command in '/home/hackathon-01/ros2/tutorials/harmonic_gui/build/robot_gazebo' returned '0': CMAKE_PREFIX_PATH=${CMAKE_PREFIX_PATH}:/opt/ros/jazzy /usr/bin/cmake --build /home/hackathon-01/ros2/tutorials/harmonic_gui/build/robot_gazebo -- -j22 -l22
[1.134s] Invoking command in '/home/hackathon-01/ros2/tutorials/harmonic_gui/build/robot_gazebo': CMAKE_PREFIX_PATH=${CMAKE_PREFIX_PATH}:/opt/ros/jazzy /usr/bin/cmake --install /home/hackathon-01/ros2/tutorials/harmonic_gui/build/robot_gazebo
[1.145s] -- Install configuration: ""
[1.145s] -- Installing: /home/hackathon-01/ros2/tutorials/harmonic_gui/install/robot_gazebo/share/robot_gazebo/launch
[1.146s] -- Installing: /home/hackathon-01/ros2/tutorials/harmonic_gui/install/robot_gazebo/share/robot_gazebo/launch/main.launch.py
[1.146s] -- Installing: /home/hackathon-01/ros2/tutorials/harmonic_gui/install/robot_gazebo/share/robot_gazebo/worlds
[1.146s] -- Installing: /home/hackathon-01/ros2/tutorials/harmonic_gui/install/robot_gazebo/share/robot_gazebo/worlds/path_tracking.sdf
[1.146s] -- Installing: /home/hackathon-01/ros2/tutorials/harmonic_gui/install/robot_gazebo/share/robot_gazebo/worlds/sun
[1.146s] -- Installing: /home/hackathon-01/ros2/tutorials/harmonic_gui/install/robot_gazebo/share/robot_gazebo/worlds/sun/model-1_3.sdf
[1.146s] -- Installing: /home/hackathon-01/ros2/tutorials/harmonic_gui/install/robot_gazebo/share/robot_gazebo/worlds/sun/model.sdf
[1.146s] -- Installing: /home/hackathon-01/ros2/tutorials/harmonic_gui/install/robot_gazebo/share/robot_gazebo/worlds/sun/model-1_4.sdf
[1.148s] -- Installing: /home/hackathon-01/ros2/tutorials/harmonic_gui/install/robot_gazebo/share/robot_gazebo/worlds/sun/model.config
[1.156s] -- Installing: /home/hackathon-01/ros2/tutorials/harmonic_gui/install/robot_gazebo/share/robot_gazebo/worlds/sun/model-1_2.sdf
[1.156s] -- Installing: /home/hackathon-01/ros2/tutorials/harmonic_gui/install/robot_gazebo/share/robot_gazebo/worlds/ground_plane
[1.156s] -- Installing: /home/hackathon-01/ros2/tutorials/harmonic_gui/install/robot_gazebo/share/robot_gazebo/worlds/ground_plane/model-1_3.sdf
[1.156s] -- Installing: /home/hackathon-01/ros2/tutorials/harmonic_gui/install/robot_gazebo/share/robot_gazebo/worlds/ground_plane/model.sdf
[1.156s] -- Installing: /home/hackathon-01/ros2/tutorials/harmonic_gui/install/robot_gazebo/share/robot_gazebo/worlds/ground_plane/model-1_4.sdf
[1.156s] -- Installing: /home/hackathon-01/ros2/tutorials/harmonic_gui/install/robot_gazebo/share/robot_gazebo/worlds/ground_plane/model.config
[1.157s] -- Installing: /home/hackathon-01/ros2/tutorials/harmonic_gui/install/robot_gazebo/share/robot_gazebo/worlds/ground_plane/model-1_2.sdf
[1.157s] -- Installing: /home/hackathon-01/ros2/tutorials/harmonic_gui/install/robot_gazebo/share/robot_gazebo/worlds/path_tracking_stage
[1.157s] -- Installing: /home/hackathon-01/ros2/tutorials/harmonic_gui/install/robot_gazebo/share/robot_gazebo/worlds/path_tracking_stage/model.sdf
[1.157s] -- Installing: /home/hackathon-01/ros2/tutorials/harmonic_gui/install/robot_gazebo/share/robot_gazebo/worlds/path_tracking_stage/model.config
[1.157s] -- Installing: /home/hackathon-01/ros2/tutorials/harmonic_gui/install/robot_gazebo/share/robot_gazebo/worlds/path_tracking_stage/materials
[1.158s] -- Installing: /home/hackathon-01/ros2/tutorials/harmonic_gui/install/robot_gazebo/share/robot_gazebo/worlds/path_tracking_stage/meshes
[1.158s] -- Installing: /home/hackathon-01/ros2/tutorials/harmonic_gui/install/robot_gazebo/share/robot_gazebo/worlds/path_tracking_stage/meshes/path_tracking_stage.dae
[1.158s] -- Installing: /home/hackathon-01/ros2/tutorials/harmonic_gui/install/robot_gazebo/share/robot_gazebo/worlds/path_tracking_stage/meshes/stage.png
[1.158s] -- Installing: /home/hackathon-01/ros2/tutorials/harmonic_gui/install/robot_gazebo/share/robot_gazebo/worlds/path_tracking_stage/meshes/path_tracking_stage.stl
[1.158s] -- Installing: /home/hackathon-01/ros2/tutorials/harmonic_gui/install/robot_gazebo/share/ament_index/resource_index/package_run_dependencies/robot_gazebo
[1.159s] -- Installing: /home/hackathon-01/ros2/tutorials/harmonic_gui/install/robot_gazebo/share/ament_index/resource_index/parent_prefix_path/robot_gazebo
[1.159s] -- Installing: /home/hackathon-01/ros2/tutorials/harmonic_gui/install/robot_gazebo/share/robot_gazebo/environment/ament_prefix_path.sh
[1.160s] -- Installing: /home/hackathon-01/ros2/tutorials/harmonic_gui/install/robot_gazebo/share/robot_gazebo/environment/ament_prefix_path.dsv
[1.160s] -- Installing: /home/hackathon-01/ros2/tutorials/harmonic_gui/install/robot_gazebo/share/robot_gazebo/environment/path.sh
[1.160s] -- Installing: /home/hackathon-01/ros2/tutorials/harmonic_gui/install/robot_gazebo/share/robot_gazebo/environment/path.dsv
[1.160s] -- Installing: /home/hackathon-01/ros2/tutorials/harmonic_gui/install/robot_gazebo/share/robot_gazebo/local_setup.bash
[1.160s] -- Installing: /home/hackathon-01/ros2/tutorials/harmonic_gui/install/robot_gazebo/share/robot_gazebo/local_setup.sh
[1.161s] -- Installing: /home/hackathon-01/ros2/tutorials/harmonic_gui/install/robot_gazebo/share/robot_gazebo/local_setup.zsh
[1.161s] -- Installing: /home/hackathon-01/ros2/tutorials/harmonic_gui/install/robot_gazebo/share/robot_gazebo/local_setup.dsv
[1.161s] -- Installing: /home/hackathon-01/ros2/tutorials/harmonic_gui/install/robot_gazebo/share/robot_gazebo/package.dsv
[1.161s] -- Installing: /home/hackathon-01/ros2/tutorials/harmonic_gui/install/robot_gazebo/share/ament_index/resource_index/packages/robot_gazebo
[1.162s] -- Installing: /home/hackathon-01/ros2/tutorials/harmonic_gui/install/robot_gazebo/share/robot_gazebo/cmake/robot_gazeboConfig.cmake
[1.162s] -- Installing: /home/hackathon-01/ros2/tutorials/harmonic_gui/install/robot_gazebo/share/robot_gazebo/cmake/robot_gazeboConfig-version.cmake
[1.162s] -- Installing: /home/hackathon-01/ros2/tutorials/harmonic_gui/install/robot_gazebo/share/robot_gazebo/package.xml
[1.184s] Invoked command in '/home/hackathon-01/ros2/tutorials/harmonic_gui/build/robot_gazebo' returned '0': CMAKE_PREFIX_PATH=${CMAKE_PREFIX_PATH}:/opt/ros/jazzy /usr/bin/cmake --install /home/hackathon-01/ros2/tutorials/harmonic_gui/build/robot_gazebo
