-- Install configuration: ""
-- Up-to-date: /home/hackathon-01/ros2/tutorials/path_tracking_sim_ros2/install/robot_gazebo/share/robot_gazebo/launch
-- Up-to-date: /home/hackathon-01/ros2/tutorials/path_tracking_sim_ros2/install/robot_gazebo/share/robot_gazebo/launch/main.launch.py
-- Up-to-date: /home/hackathon-01/ros2/tutorials/path_tracking_sim_ros2/install/robot_gazebo/share/robot_gazebo/worlds
-- Up-to-date: /home/hackathon-01/ros2/tutorials/path_tracking_sim_ros2/install/robot_gazebo/share/robot_gazebo/worlds/path_tracking.sdf
-- Up-to-date: /home/hackathon-01/ros2/tutorials/path_tracking_sim_ros2/install/robot_gazebo/share/robot_gazebo/worlds/sun
-- Up-to-date: /home/hackathon-01/ros2/tutorials/path_tracking_sim_ros2/install/robot_gazebo/share/robot_gazebo/worlds/sun/model-1_3.sdf
-- Up-to-date: /home/hackathon-01/ros2/tutorials/path_tracking_sim_ros2/install/robot_gazebo/share/robot_gazebo/worlds/sun/model.sdf
-- Up-to-date: /home/hackathon-01/ros2/tutorials/path_tracking_sim_ros2/install/robot_gazebo/share/robot_gazebo/worlds/sun/model-1_4.sdf
-- Up-to-date: /home/hackathon-01/ros2/tutorials/path_tracking_sim_ros2/install/robot_gazebo/share/robot_gazebo/worlds/sun/model.config
-- Up-to-date: /home/hackathon-01/ros2/tutorials/path_tracking_sim_ros2/install/robot_gazebo/share/robot_gazebo/worlds/sun/model-1_2.sdf
-- Up-to-date: /home/hackathon-01/ros2/tutorials/path_tracking_sim_ros2/install/robot_gazebo/share/robot_gazebo/worlds/ground_plane
-- Up-to-date: /home/hackathon-01/ros2/tutorials/path_tracking_sim_ros2/install/robot_gazebo/share/robot_gazebo/worlds/ground_plane/model-1_3.sdf
-- Up-to-date: /home/hackathon-01/ros2/tutorials/path_tracking_sim_ros2/install/robot_gazebo/share/robot_gazebo/worlds/ground_plane/model.sdf
-- Up-to-date: /home/hackathon-01/ros2/tutorials/path_tracking_sim_ros2/install/robot_gazebo/share/robot_gazebo/worlds/ground_plane/model-1_4.sdf
-- Up-to-date: /home/hackathon-01/ros2/tutorials/path_tracking_sim_ros2/install/robot_gazebo/share/robot_gazebo/worlds/ground_plane/model.config
-- Up-to-date: /home/hackathon-01/ros2/tutorials/path_tracking_sim_ros2/install/robot_gazebo/share/robot_gazebo/worlds/ground_plane/model-1_2.sdf
-- Up-to-date: /home/hackathon-01/ros2/tutorials/path_tracking_sim_ros2/install/robot_gazebo/share/robot_gazebo/worlds/path_tracking_stage
-- Up-to-date: /home/hackathon-01/ros2/tutorials/path_tracking_sim_ros2/install/robot_gazebo/share/robot_gazebo/worlds/path_tracking_stage/model.sdf
-- Up-to-date: /home/hackathon-01/ros2/tutorials/path_tracking_sim_ros2/install/robot_gazebo/share/robot_gazebo/worlds/path_tracking_stage/model.config
-- Up-to-date: /home/hackathon-01/ros2/tutorials/path_tracking_sim_ros2/install/robot_gazebo/share/robot_gazebo/worlds/path_tracking_stage/materials
-- Up-to-date: /home/hackathon-01/ros2/tutorials/path_tracking_sim_ros2/install/robot_gazebo/share/robot_gazebo/worlds/path_tracking_stage/meshes
-- Up-to-date: /home/hackathon-01/ros2/tutorials/path_tracking_sim_ros2/install/robot_gazebo/share/robot_gazebo/worlds/path_tracking_stage/meshes/path_tracking_stage.dae
-- Up-to-date: /home/hackathon-01/ros2/tutorials/path_tracking_sim_ros2/install/robot_gazebo/share/robot_gazebo/worlds/path_tracking_stage/meshes/stage.png
-- Up-to-date: /home/hackathon-01/ros2/tutorials/path_tracking_sim_ros2/install/robot_gazebo/share/robot_gazebo/worlds/path_tracking_stage/meshes/path_tracking_stage.stl
-- Up-to-date: /home/hackathon-01/ros2/tutorials/path_tracking_sim_ros2/install/robot_gazebo/share/ament_index/resource_index/package_run_dependencies/robot_gazebo
-- Up-to-date: /home/hackathon-01/ros2/tutorials/path_tracking_sim_ros2/install/robot_gazebo/share/ament_index/resource_index/parent_prefix_path/robot_gazebo
-- Up-to-date: /home/hackathon-01/ros2/tutorials/path_tracking_sim_ros2/install/robot_gazebo/share/robot_gazebo/environment/ament_prefix_path.sh
-- Up-to-date: /home/hackathon-01/ros2/tutorials/path_tracking_sim_ros2/install/robot_gazebo/share/robot_gazebo/environment/ament_prefix_path.dsv
-- Up-to-date: /home/hackathon-01/ros2/tutorials/path_tracking_sim_ros2/install/robot_gazebo/share/robot_gazebo/environment/path.sh
-- Up-to-date: /home/hackathon-01/ros2/tutorials/path_tracking_sim_ros2/install/robot_gazebo/share/robot_gazebo/environment/path.dsv
-- Up-to-date: /home/hackathon-01/ros2/tutorials/path_tracking_sim_ros2/install/robot_gazebo/share/robot_gazebo/local_setup.bash
-- Up-to-date: /home/hackathon-01/ros2/tutorials/path_tracking_sim_ros2/install/robot_gazebo/share/robot_gazebo/local_setup.sh
-- Up-to-date: /home/hackathon-01/ros2/tutorials/path_tracking_sim_ros2/install/robot_gazebo/share/robot_gazebo/local_setup.zsh
-- Up-to-date: /home/hackathon-01/ros2/tutorials/path_tracking_sim_ros2/install/robot_gazebo/share/robot_gazebo/local_setup.dsv
-- Installing: /home/hackathon-01/ros2/tutorials/path_tracking_sim_ros2/install/robot_gazebo/share/robot_gazebo/package.dsv
-- Up-to-date: /home/hackathon-01/ros2/tutorials/path_tracking_sim_ros2/install/robot_gazebo/share/ament_index/resource_index/packages/robot_gazebo
-- Up-to-date: /home/hackathon-01/ros2/tutorials/path_tracking_sim_ros2/install/robot_gazebo/share/robot_gazebo/cmake/robot_gazeboConfig.cmake
-- Up-to-date: /home/hackathon-01/ros2/tutorials/path_tracking_sim_ros2/install/robot_gazebo/share/robot_gazebo/cmake/robot_gazeboConfig-version.cmake
-- Up-to-date: /home/hackathon-01/ros2/tutorials/path_tracking_sim_ros2/install/robot_gazebo/share/robot_gazebo/package.xml
