[0.131s] DEBUG:colcon:Command line arguments: ['/usr/bin/colcon', 'build', '--base-paths', 'src']
[0.131s] DEBUG:colcon:Parsed command line arguments: Namespace(log_base=None, log_level=None, verb_name='build', build_base='build', install_base='install', merge_install=False, symlink_install=False, test_result_base=None, continue_on_error=False, executor='parallel', parallel_workers=22, event_handlers=None, ignore_user_meta=False, metas=['./colcon.meta'], base_paths=['src'], packages_ignore=None, packages_ignore_regex=None, paths=None, packages_up_to=None, packages_up_to_regex=None, packages_above=None, packages_above_and_dependencies=None, packages_above_depth=None, packages_select_by_dep=None, packages_skip_by_dep=None, packages_skip_up_to=None, packages_select_build_failed=False, packages_skip_build_finished=False, packages_select_test_failures=False, packages_skip_test_passed=False, packages_select=None, packages_skip=None, packages_select_regex=None, packages_skip_regex=None, packages_start=None, packages_end=None, cmake_args=None, cmake_target=None, cmake_target_skip_unavailable=False, cmake_clean_cache=False, cmake_clean_first=False, cmake_force_configure=False, ament_cmake_args=None, catkin_cmake_args=None, catkin_skip_building_tests=False, mixin_files=None, mixin=None, verb_parser=<colcon_mixin.mixin.mixin_argument.MixinArgumentDecorator object at 0x71324ed73d70>, verb_extension=<colcon_core.verb.build.BuildVerb object at 0x71324f6fa240>, main=<bound method BuildVerb.main of <colcon_core.verb.build.BuildVerb object at 0x71324f6fa240>>, mixin_verb=('build',))
[0.177s] Level 1:colcon.colcon_core.package_discovery:discover_packages(colcon_meta) check parameters
[0.177s] Level 1:colcon.colcon_core.package_discovery:discover_packages(recursive) check parameters
[0.177s] Level 1:colcon.colcon_core.package_discovery:discover_packages(ignore) check parameters
[0.177s] Level 1:colcon.colcon_core.package_discovery:discover_packages(path) check parameters
[0.177s] Level 1:colcon.colcon_core.package_discovery:discover_packages(recursive) discover
[0.177s] INFO:colcon.colcon_core.package_discovery:Crawling recursively for packages in '/home/hackathon-01/ros2/tutorials/harmonic_gui/src'
[0.177s] Level 1:colcon.colcon_core.package_identification:_identify(src) by extensions ['ignore', 'ignore_ament_install']
[0.177s] Level 1:colcon.colcon_core.package_identification:_identify(src) by extension 'ignore'
[0.177s] Level 1:colcon.colcon_core.package_identification:_identify(src) by extension 'ignore_ament_install'
[0.177s] Level 1:colcon.colcon_core.package_identification:_identify(src) by extensions ['colcon_pkg']
[0.178s] Level 1:colcon.colcon_core.package_identification:_identify(src) by extension 'colcon_pkg'
[0.178s] Level 1:colcon.colcon_core.package_identification:_identify(src) by extensions ['colcon_meta']
[0.178s] Level 1:colcon.colcon_core.package_identification:_identify(src) by extension 'colcon_meta'
[0.178s] Level 1:colcon.colcon_core.package_identification:_identify(src) by extensions ['ros']
[0.178s] Level 1:colcon.colcon_core.package_identification:_identify(src) by extension 'ros'
[0.206s] Level 1:colcon.colcon_core.package_identification:_identify(src) by extensions ['cmake', 'python']
[0.206s] Level 1:colcon.colcon_core.package_identification:_identify(src) by extension 'cmake'
[0.206s] Level 1:colcon.colcon_core.package_identification:_identify(src) by extension 'python'
[0.206s] Level 1:colcon.colcon_core.package_identification:_identify(src) by extensions ['python_setup_py']
[0.206s] Level 1:colcon.colcon_core.package_identification:_identify(src) by extension 'python_setup_py'
[0.206s] Level 1:colcon.colcon_core.package_identification:_identify(src/robot_control) by extensions ['ignore', 'ignore_ament_install']
[0.206s] Level 1:colcon.colcon_core.package_identification:_identify(src/robot_control) by extension 'ignore'
[0.206s] Level 1:colcon.colcon_core.package_identification:_identify(src/robot_control) by extension 'ignore_ament_install'
[0.206s] Level 1:colcon.colcon_core.package_identification:_identify(src/robot_control) by extensions ['colcon_pkg']
[0.206s] Level 1:colcon.colcon_core.package_identification:_identify(src/robot_control) by extension 'colcon_pkg'
[0.206s] Level 1:colcon.colcon_core.package_identification:_identify(src/robot_control) by extensions ['colcon_meta']
[0.206s] Level 1:colcon.colcon_core.package_identification:_identify(src/robot_control) by extension 'colcon_meta'
[0.206s] Level 1:colcon.colcon_core.package_identification:_identify(src/robot_control) by extensions ['ros']
[0.206s] Level 1:colcon.colcon_core.package_identification:_identify(src/robot_control) by extension 'ros'
[0.209s] DEBUG:colcon.colcon_core.package_identification:Package 'src/robot_control' with type 'ros.ament_cmake' and name 'robot_control'
[0.209s] Level 1:colcon.colcon_core.package_identification:_identify(src/robot_simulation) by extensions ['ignore', 'ignore_ament_install']
[0.209s] Level 1:colcon.colcon_core.package_identification:_identify(src/robot_simulation) by extension 'ignore'
[0.209s] Level 1:colcon.colcon_core.package_identification:_identify(src/robot_simulation) by extension 'ignore_ament_install'
[0.209s] Level 1:colcon.colcon_core.package_identification:_identify(src/robot_simulation) by extensions ['colcon_pkg']
[0.209s] Level 1:colcon.colcon_core.package_identification:_identify(src/robot_simulation) by extension 'colcon_pkg'
[0.209s] Level 1:colcon.colcon_core.package_identification:_identify(src/robot_simulation) by extensions ['colcon_meta']
[0.209s] Level 1:colcon.colcon_core.package_identification:_identify(src/robot_simulation) by extension 'colcon_meta'
[0.209s] Level 1:colcon.colcon_core.package_identification:_identify(src/robot_simulation) by extensions ['ros']
[0.209s] Level 1:colcon.colcon_core.package_identification:_identify(src/robot_simulation) by extension 'ros'
[0.209s] Level 1:colcon.colcon_core.package_identification:_identify(src/robot_simulation) by extensions ['cmake', 'python']
[0.209s] Level 1:colcon.colcon_core.package_identification:_identify(src/robot_simulation) by extension 'cmake'
[0.209s] Level 1:colcon.colcon_core.package_identification:_identify(src/robot_simulation) by extension 'python'
[0.209s] Level 1:colcon.colcon_core.package_identification:_identify(src/robot_simulation) by extensions ['python_setup_py']
[0.209s] Level 1:colcon.colcon_core.package_identification:_identify(src/robot_simulation) by extension 'python_setup_py'
[0.210s] Level 1:colcon.colcon_core.package_identification:_identify(src/robot_simulation/robot_description) by extensions ['ignore', 'ignore_ament_install']
[0.210s] Level 1:colcon.colcon_core.package_identification:_identify(src/robot_simulation/robot_description) by extension 'ignore'
[0.210s] Level 1:colcon.colcon_core.package_identification:_identify(src/robot_simulation/robot_description) by extension 'ignore_ament_install'
[0.210s] Level 1:colcon.colcon_core.package_identification:_identify(src/robot_simulation/robot_description) by extensions ['colcon_pkg']
[0.210s] Level 1:colcon.colcon_core.package_identification:_identify(src/robot_simulation/robot_description) by extension 'colcon_pkg'
[0.210s] Level 1:colcon.colcon_core.package_identification:_identify(src/robot_simulation/robot_description) by extensions ['colcon_meta']
[0.210s] Level 1:colcon.colcon_core.package_identification:_identify(src/robot_simulation/robot_description) by extension 'colcon_meta'
[0.210s] Level 1:colcon.colcon_core.package_identification:_identify(src/robot_simulation/robot_description) by extensions ['ros']
[0.210s] Level 1:colcon.colcon_core.package_identification:_identify(src/robot_simulation/robot_description) by extension 'ros'
[0.210s] DEBUG:colcon.colcon_core.package_identification:Package 'src/robot_simulation/robot_description' with type 'ros.ament_cmake' and name 'robot_description'
[0.211s] Level 1:colcon.colcon_core.package_identification:_identify(src/robot_simulation/robot_gazebo) by extensions ['ignore', 'ignore_ament_install']
[0.211s] Level 1:colcon.colcon_core.package_identification:_identify(src/robot_simulation/robot_gazebo) by extension 'ignore'
[0.211s] Level 1:colcon.colcon_core.package_identification:_identify(src/robot_simulation/robot_gazebo) by extension 'ignore_ament_install'
[0.211s] Level 1:colcon.colcon_core.package_identification:_identify(src/robot_simulation/robot_gazebo) by extensions ['colcon_pkg']
[0.211s] Level 1:colcon.colcon_core.package_identification:_identify(src/robot_simulation/robot_gazebo) by extension 'colcon_pkg'
[0.211s] Level 1:colcon.colcon_core.package_identification:_identify(src/robot_simulation/robot_gazebo) by extensions ['colcon_meta']
[0.211s] Level 1:colcon.colcon_core.package_identification:_identify(src/robot_simulation/robot_gazebo) by extension 'colcon_meta'
[0.211s] Level 1:colcon.colcon_core.package_identification:_identify(src/robot_simulation/robot_gazebo) by extensions ['ros']
[0.211s] Level 1:colcon.colcon_core.package_identification:_identify(src/robot_simulation/robot_gazebo) by extension 'ros'
[0.212s] DEBUG:colcon.colcon_core.package_identification:Package 'src/robot_simulation/robot_gazebo' with type 'ros.ament_cmake' and name 'robot_gazebo'
[0.212s] Level 1:colcon.colcon_core.package_discovery:discover_packages(recursive) using defaults
[0.232s] Level 5:colcon.colcon_core.verb:set package 'robot_control' build argument 'cmake_args' from command line to 'None'
[0.233s] Level 5:colcon.colcon_core.verb:set package 'robot_control' build argument 'cmake_target' from command line to 'None'
[0.233s] Level 5:colcon.colcon_core.verb:set package 'robot_control' build argument 'cmake_target_skip_unavailable' from command line to 'False'
[0.233s] Level 5:colcon.colcon_core.verb:set package 'robot_control' build argument 'cmake_clean_cache' from command line to 'False'
[0.233s] Level 5:colcon.colcon_core.verb:set package 'robot_control' build argument 'cmake_clean_first' from command line to 'False'
[0.233s] Level 5:colcon.colcon_core.verb:set package 'robot_control' build argument 'cmake_force_configure' from command line to 'False'
[0.233s] Level 5:colcon.colcon_core.verb:set package 'robot_control' build argument 'ament_cmake_args' from command line to 'None'
[0.233s] Level 5:colcon.colcon_core.verb:set package 'robot_control' build argument 'catkin_cmake_args' from command line to 'None'
[0.233s] Level 5:colcon.colcon_core.verb:set package 'robot_control' build argument 'catkin_skip_building_tests' from command line to 'False'
[0.233s] DEBUG:colcon.colcon_core.verb:Building package 'robot_control' with the following arguments: {'ament_cmake_args': None, 'build_base': '/home/hackathon-01/ros2/tutorials/harmonic_gui/build/robot_control', 'catkin_cmake_args': None, 'catkin_skip_building_tests': False, 'cmake_args': None, 'cmake_clean_cache': False, 'cmake_clean_first': False, 'cmake_force_configure': False, 'cmake_target': None, 'cmake_target_skip_unavailable': False, 'install_base': '/home/hackathon-01/ros2/tutorials/harmonic_gui/install/robot_control', 'merge_install': False, 'path': '/home/hackathon-01/ros2/tutorials/harmonic_gui/src/robot_control', 'symlink_install': False, 'test_result_base': None}
[0.233s] Level 5:colcon.colcon_core.verb:set package 'robot_description' build argument 'cmake_args' from command line to 'None'
[0.233s] Level 5:colcon.colcon_core.verb:set package 'robot_description' build argument 'cmake_target' from command line to 'None'
[0.233s] Level 5:colcon.colcon_core.verb:set package 'robot_description' build argument 'cmake_target_skip_unavailable' from command line to 'False'
[0.233s] Level 5:colcon.colcon_core.verb:set package 'robot_description' build argument 'cmake_clean_cache' from command line to 'False'
[0.233s] Level 5:colcon.colcon_core.verb:set package 'robot_description' build argument 'cmake_clean_first' from command line to 'False'
[0.233s] Level 5:colcon.colcon_core.verb:set package 'robot_description' build argument 'cmake_force_configure' from command line to 'False'
[0.233s] Level 5:colcon.colcon_core.verb:set package 'robot_description' build argument 'ament_cmake_args' from command line to 'None'
[0.233s] Level 5:colcon.colcon_core.verb:set package 'robot_description' build argument 'catkin_cmake_args' from command line to 'None'
[0.233s] Level 5:colcon.colcon_core.verb:set package 'robot_description' build argument 'catkin_skip_building_tests' from command line to 'False'
[0.233s] DEBUG:colcon.colcon_core.verb:Building package 'robot_description' with the following arguments: {'ament_cmake_args': None, 'build_base': '/home/hackathon-01/ros2/tutorials/harmonic_gui/build/robot_description', 'catkin_cmake_args': None, 'catkin_skip_building_tests': False, 'cmake_args': None, 'cmake_clean_cache': False, 'cmake_clean_first': False, 'cmake_force_configure': False, 'cmake_target': None, 'cmake_target_skip_unavailable': False, 'install_base': '/home/hackathon-01/ros2/tutorials/harmonic_gui/install/robot_description', 'merge_install': False, 'path': '/home/hackathon-01/ros2/tutorials/harmonic_gui/src/robot_simulation/robot_description', 'symlink_install': False, 'test_result_base': None}
[0.233s] Level 5:colcon.colcon_core.verb:set package 'robot_gazebo' build argument 'cmake_args' from command line to 'None'
[0.233s] Level 5:colcon.colcon_core.verb:set package 'robot_gazebo' build argument 'cmake_target' from command line to 'None'
[0.233s] Level 5:colcon.colcon_core.verb:set package 'robot_gazebo' build argument 'cmake_target_skip_unavailable' from command line to 'False'
[0.233s] Level 5:colcon.colcon_core.verb:set package 'robot_gazebo' build argument 'cmake_clean_cache' from command line to 'False'
[0.233s] Level 5:colcon.colcon_core.verb:set package 'robot_gazebo' build argument 'cmake_clean_first' from command line to 'False'
[0.233s] Level 5:colcon.colcon_core.verb:set package 'robot_gazebo' build argument 'cmake_force_configure' from command line to 'False'
[0.233s] Level 5:colcon.colcon_core.verb:set package 'robot_gazebo' build argument 'ament_cmake_args' from command line to 'None'
[0.234s] Level 5:colcon.colcon_core.verb:set package 'robot_gazebo' build argument 'catkin_cmake_args' from command line to 'None'
[0.234s] Level 5:colcon.colcon_core.verb:set package 'robot_gazebo' build argument 'catkin_skip_building_tests' from command line to 'False'
[0.234s] DEBUG:colcon.colcon_core.verb:Building package 'robot_gazebo' with the following arguments: {'ament_cmake_args': None, 'build_base': '/home/hackathon-01/ros2/tutorials/harmonic_gui/build/robot_gazebo', 'catkin_cmake_args': None, 'catkin_skip_building_tests': False, 'cmake_args': None, 'cmake_clean_cache': False, 'cmake_clean_first': False, 'cmake_force_configure': False, 'cmake_target': None, 'cmake_target_skip_unavailable': False, 'install_base': '/home/hackathon-01/ros2/tutorials/harmonic_gui/install/robot_gazebo', 'merge_install': False, 'path': '/home/hackathon-01/ros2/tutorials/harmonic_gui/src/robot_simulation/robot_gazebo', 'symlink_install': False, 'test_result_base': None}
[0.234s] INFO:colcon.colcon_core.executor:Executing jobs using 'parallel' executor
[0.235s] DEBUG:colcon.colcon_parallel_executor.executor.parallel:run_until_complete
[0.235s] INFO:colcon.colcon_ros.task.ament_cmake.build:Building ROS package in '/home/hackathon-01/ros2/tutorials/harmonic_gui/src/robot_control' with build type 'ament_cmake'
[0.235s] INFO:colcon.colcon_cmake.task.cmake.build:Building CMake package in '/home/hackathon-01/ros2/tutorials/harmonic_gui/src/robot_control'
[0.237s] INFO:colcon.colcon_core.plugin_system:Skipping extension 'colcon_core.shell.bat': Not used on non-Windows systems
[0.238s] INFO:colcon.colcon_core.shell:Skip shell extension 'powershell' for command environment: Not usable outside of PowerShell
[0.238s] DEBUG:colcon.colcon_core.shell:Skip shell extension 'dsv' for command environment
[0.244s] INFO:colcon.colcon_ros.task.ament_cmake.build:Building ROS package in '/home/hackathon-01/ros2/tutorials/harmonic_gui/src/robot_simulation/robot_description' with build type 'ament_cmake'
[0.244s] INFO:colcon.colcon_cmake.task.cmake.build:Building CMake package in '/home/hackathon-01/ros2/tutorials/harmonic_gui/src/robot_simulation/robot_description'
[0.244s] INFO:colcon.colcon_core.shell:Skip shell extension 'powershell' for command environment: Not usable outside of PowerShell
[0.244s] DEBUG:colcon.colcon_core.shell:Skip shell extension 'dsv' for command environment
[0.248s] INFO:colcon.colcon_ros.task.ament_cmake.build:Building ROS package in '/home/hackathon-01/ros2/tutorials/harmonic_gui/src/robot_simulation/robot_gazebo' with build type 'ament_cmake'
[0.248s] INFO:colcon.colcon_cmake.task.cmake.build:Building CMake package in '/home/hackathon-01/ros2/tutorials/harmonic_gui/src/robot_simulation/robot_gazebo'
[0.248s] INFO:colcon.colcon_core.shell:Skip shell extension 'powershell' for command environment: Not usable outside of PowerShell
[0.248s] DEBUG:colcon.colcon_core.shell:Skip shell extension 'dsv' for command environment
[0.256s] DEBUG:colcon.colcon_core.event_handler.log_command:Invoking command in '/home/hackathon-01/ros2/tutorials/harmonic_gui/build/robot_control': CMAKE_PREFIX_PATH=${CMAKE_PREFIX_PATH}:/opt/ros/jazzy /usr/bin/cmake /home/hackathon-01/ros2/tutorials/harmonic_gui/src/robot_control -DCMAKE_INSTALL_PREFIX=/home/hackathon-01/ros2/tutorials/harmonic_gui/install/robot_control
[0.258s] DEBUG:colcon.colcon_core.event_handler.log_command:Invoking command in '/home/hackathon-01/ros2/tutorials/harmonic_gui/build/robot_description': CMAKE_PREFIX_PATH=${CMAKE_PREFIX_PATH}:/opt/ros/jazzy /usr/bin/cmake /home/hackathon-01/ros2/tutorials/harmonic_gui/src/robot_simulation/robot_description -DCMAKE_INSTALL_PREFIX=/home/hackathon-01/ros2/tutorials/harmonic_gui/install/robot_description
[0.261s] DEBUG:colcon.colcon_core.event_handler.log_command:Invoking command in '/home/hackathon-01/ros2/tutorials/harmonic_gui/build/robot_gazebo': CMAKE_PREFIX_PATH=${CMAKE_PREFIX_PATH}:/opt/ros/jazzy /usr/bin/cmake /home/hackathon-01/ros2/tutorials/harmonic_gui/src/robot_simulation/robot_gazebo -DCMAKE_INSTALL_PREFIX=/home/hackathon-01/ros2/tutorials/harmonic_gui/install/robot_gazebo
[1.307s] DEBUG:colcon.colcon_core.event_handler.log_command:Invoked command in '/home/hackathon-01/ros2/tutorials/harmonic_gui/build/robot_gazebo' returned '0': CMAKE_PREFIX_PATH=${CMAKE_PREFIX_PATH}:/opt/ros/jazzy /usr/bin/cmake /home/hackathon-01/ros2/tutorials/harmonic_gui/src/robot_simulation/robot_gazebo -DCMAKE_INSTALL_PREFIX=/home/hackathon-01/ros2/tutorials/harmonic_gui/install/robot_gazebo
[1.309s] DEBUG:colcon.colcon_core.event_handler.log_command:Invoking command in '/home/hackathon-01/ros2/tutorials/harmonic_gui/build/robot_gazebo': CMAKE_PREFIX_PATH=${CMAKE_PREFIX_PATH}:/opt/ros/jazzy /usr/bin/cmake --build /home/hackathon-01/ros2/tutorials/harmonic_gui/build/robot_gazebo -- -j22 -l22
[1.310s] DEBUG:colcon.colcon_core.event_handler.log_command:Invoked command in '/home/hackathon-01/ros2/tutorials/harmonic_gui/build/robot_control' returned '0': CMAKE_PREFIX_PATH=${CMAKE_PREFIX_PATH}:/opt/ros/jazzy /usr/bin/cmake /home/hackathon-01/ros2/tutorials/harmonic_gui/src/robot_control -DCMAKE_INSTALL_PREFIX=/home/hackathon-01/ros2/tutorials/harmonic_gui/install/robot_control
[1.311s] DEBUG:colcon.colcon_core.event_handler.log_command:Invoking command in '/home/hackathon-01/ros2/tutorials/harmonic_gui/build/robot_control': CMAKE_PREFIX_PATH=${CMAKE_PREFIX_PATH}:/opt/ros/jazzy /usr/bin/cmake --build /home/hackathon-01/ros2/tutorials/harmonic_gui/build/robot_control -- -j22 -l22
[1.367s] DEBUG:colcon.colcon_core.event_handler.log_command:Invoked command in '/home/hackathon-01/ros2/tutorials/harmonic_gui/build/robot_control' returned '0': CMAKE_PREFIX_PATH=${CMAKE_PREFIX_PATH}:/opt/ros/jazzy /usr/bin/cmake --build /home/hackathon-01/ros2/tutorials/harmonic_gui/build/robot_control -- -j22 -l22
[1.379s] DEBUG:colcon.colcon_core.event_handler.log_command:Invoking command in '/home/hackathon-01/ros2/tutorials/harmonic_gui/build/robot_control': CMAKE_PREFIX_PATH=${CMAKE_PREFIX_PATH}:/opt/ros/jazzy /usr/bin/cmake --install /home/hackathon-01/ros2/tutorials/harmonic_gui/build/robot_control
[1.381s] DEBUG:colcon.colcon_core.event_handler.log_command:Invoked command in '/home/hackathon-01/ros2/tutorials/harmonic_gui/build/robot_gazebo' returned '0': CMAKE_PREFIX_PATH=${CMAKE_PREFIX_PATH}:/opt/ros/jazzy /usr/bin/cmake --build /home/hackathon-01/ros2/tutorials/harmonic_gui/build/robot_gazebo -- -j22 -l22
[1.382s] DEBUG:colcon.colcon_core.event_handler.log_command:Invoking command in '/home/hackathon-01/ros2/tutorials/harmonic_gui/build/robot_gazebo': CMAKE_PREFIX_PATH=${CMAKE_PREFIX_PATH}:/opt/ros/jazzy /usr/bin/cmake --install /home/hackathon-01/ros2/tutorials/harmonic_gui/build/robot_gazebo
[1.402s] Level 1:colcon.colcon_core.environment:create_environment_scripts_only(robot_control)
[1.406s] DEBUG:colcon.colcon_core.event_handler.log_command:Invoked command in '/home/hackathon-01/ros2/tutorials/harmonic_gui/build/robot_description' returned '0': CMAKE_PREFIX_PATH=${CMAKE_PREFIX_PATH}:/opt/ros/jazzy /usr/bin/cmake /home/hackathon-01/ros2/tutorials/harmonic_gui/src/robot_simulation/robot_description -DCMAKE_INSTALL_PREFIX=/home/hackathon-01/ros2/tutorials/harmonic_gui/install/robot_description
[1.410s] DEBUG:colcon.colcon_core.event_handler.log_command:Invoking command in '/home/hackathon-01/ros2/tutorials/harmonic_gui/build/robot_description': CMAKE_PREFIX_PATH=${CMAKE_PREFIX_PATH}:/opt/ros/jazzy /usr/bin/cmake --build /home/hackathon-01/ros2/tutorials/harmonic_gui/build/robot_description -- -j22 -l22
[1.411s] DEBUG:colcon.colcon_core.event_handler.log_command:Invoked command in '/home/hackathon-01/ros2/tutorials/harmonic_gui/build/robot_control' returned '0': CMAKE_PREFIX_PATH=${CMAKE_PREFIX_PATH}:/opt/ros/jazzy /usr/bin/cmake --install /home/hackathon-01/ros2/tutorials/harmonic_gui/build/robot_control
[1.412s] Level 1:colcon.colcon_core.environment:checking '/home/hackathon-01/ros2/tutorials/harmonic_gui/install/robot_control' for CMake module files
[1.413s] Level 1:colcon.colcon_core.environment:checking '/home/hackathon-01/ros2/tutorials/harmonic_gui/install/robot_control' for CMake config files
[1.413s] Level 1:colcon.colcon_core.shell:create_environment_hook('robot_control', 'cmake_prefix_path')
[1.413s] INFO:colcon.colcon_core.shell:Creating environment hook '/home/hackathon-01/ros2/tutorials/harmonic_gui/install/robot_control/share/robot_control/hook/cmake_prefix_path.ps1'
[1.414s] INFO:colcon.colcon_core.shell:Creating environment descriptor '/home/hackathon-01/ros2/tutorials/harmonic_gui/install/robot_control/share/robot_control/hook/cmake_prefix_path.dsv'
[1.414s] INFO:colcon.colcon_core.shell:Creating environment hook '/home/hackathon-01/ros2/tutorials/harmonic_gui/install/robot_control/share/robot_control/hook/cmake_prefix_path.sh'
[1.415s] Level 1:colcon.colcon_core.environment:checking '/home/hackathon-01/ros2/tutorials/harmonic_gui/install/robot_control/lib'
[1.416s] Level 1:colcon.colcon_core.environment:checking '/home/hackathon-01/ros2/tutorials/harmonic_gui/install/robot_control/bin'
[1.416s] Level 1:colcon.colcon_core.environment:checking '/home/hackathon-01/ros2/tutorials/harmonic_gui/install/robot_control/lib/pkgconfig/robot_control.pc'
[1.419s] Level 1:colcon.colcon_core.environment:checking '/home/hackathon-01/ros2/tutorials/harmonic_gui/install/robot_control/lib/python3.12/site-packages'
[1.419s] Level 1:colcon.colcon_core.environment:checking '/home/hackathon-01/ros2/tutorials/harmonic_gui/install/robot_control/bin'
[1.419s] INFO:colcon.colcon_core.shell:Creating package script '/home/hackathon-01/ros2/tutorials/harmonic_gui/install/robot_control/share/robot_control/package.ps1'
[1.420s] INFO:colcon.colcon_core.shell:Creating package descriptor '/home/hackathon-01/ros2/tutorials/harmonic_gui/install/robot_control/share/robot_control/package.dsv'
[1.421s] INFO:colcon.colcon_core.shell:Creating package script '/home/hackathon-01/ros2/tutorials/harmonic_gui/install/robot_control/share/robot_control/package.sh'
[1.421s] INFO:colcon.colcon_core.shell:Creating package script '/home/hackathon-01/ros2/tutorials/harmonic_gui/install/robot_control/share/robot_control/package.bash'
[1.422s] INFO:colcon.colcon_core.shell:Creating package script '/home/hackathon-01/ros2/tutorials/harmonic_gui/install/robot_control/share/robot_control/package.zsh'
[1.423s] Level 1:colcon.colcon_core.environment:create_file_with_runtime_dependencies(/home/hackathon-01/ros2/tutorials/harmonic_gui/install/robot_control/share/colcon-core/packages/robot_control)
[1.423s] Level 1:colcon.colcon_core.environment:create_environment_scripts_only(robot_control)
[1.424s] Level 1:colcon.colcon_core.environment:checking '/home/hackathon-01/ros2/tutorials/harmonic_gui/install/robot_control' for CMake module files
[1.424s] Level 1:colcon.colcon_core.environment:checking '/home/hackathon-01/ros2/tutorials/harmonic_gui/install/robot_control' for CMake config files
[1.425s] Level 1:colcon.colcon_core.shell:create_environment_hook('robot_control', 'cmake_prefix_path')
[1.425s] INFO:colcon.colcon_core.shell:Creating environment hook '/home/hackathon-01/ros2/tutorials/harmonic_gui/install/robot_control/share/robot_control/hook/cmake_prefix_path.ps1'
[1.425s] INFO:colcon.colcon_core.shell:Creating environment descriptor '/home/hackathon-01/ros2/tutorials/harmonic_gui/install/robot_control/share/robot_control/hook/cmake_prefix_path.dsv'
[1.426s] INFO:colcon.colcon_core.shell:Creating environment hook '/home/hackathon-01/ros2/tutorials/harmonic_gui/install/robot_control/share/robot_control/hook/cmake_prefix_path.sh'
[1.426s] Level 1:colcon.colcon_core.environment:checking '/home/hackathon-01/ros2/tutorials/harmonic_gui/install/robot_control/lib'
[1.426s] Level 1:colcon.colcon_core.environment:checking '/home/hackathon-01/ros2/tutorials/harmonic_gui/install/robot_control/bin'
[1.426s] Level 1:colcon.colcon_core.environment:checking '/home/hackathon-01/ros2/tutorials/harmonic_gui/install/robot_control/lib/pkgconfig/robot_control.pc'
[1.427s] Level 1:colcon.colcon_core.environment:checking '/home/hackathon-01/ros2/tutorials/harmonic_gui/install/robot_control/lib/python3.12/site-packages'
[1.427s] Level 1:colcon.colcon_core.environment:checking '/home/hackathon-01/ros2/tutorials/harmonic_gui/install/robot_control/bin'
[1.427s] INFO:colcon.colcon_core.shell:Creating package script '/home/hackathon-01/ros2/tutorials/harmonic_gui/install/robot_control/share/robot_control/package.ps1'
[1.428s] INFO:colcon.colcon_core.shell:Creating package descriptor '/home/hackathon-01/ros2/tutorials/harmonic_gui/install/robot_control/share/robot_control/package.dsv'
[1.428s] INFO:colcon.colcon_core.shell:Creating package script '/home/hackathon-01/ros2/tutorials/harmonic_gui/install/robot_control/share/robot_control/package.sh'
[1.429s] INFO:colcon.colcon_core.shell:Creating package script '/home/hackathon-01/ros2/tutorials/harmonic_gui/install/robot_control/share/robot_control/package.bash'
[1.429s] INFO:colcon.colcon_core.shell:Creating package script '/home/hackathon-01/ros2/tutorials/harmonic_gui/install/robot_control/share/robot_control/package.zsh'
[1.430s] Level 1:colcon.colcon_core.environment:create_file_with_runtime_dependencies(/home/hackathon-01/ros2/tutorials/harmonic_gui/install/robot_control/share/colcon-core/packages/robot_control)
[1.430s] Level 1:colcon.colcon_core.environment:create_environment_scripts_only(robot_gazebo)
[1.431s] Level 1:colcon.colcon_core.environment:checking '/home/hackathon-01/ros2/tutorials/harmonic_gui/install/robot_gazebo' for CMake module files
[1.432s] DEBUG:colcon.colcon_core.event_handler.log_command:Invoked command in '/home/hackathon-01/ros2/tutorials/harmonic_gui/build/robot_gazebo' returned '0': CMAKE_PREFIX_PATH=${CMAKE_PREFIX_PATH}:/opt/ros/jazzy /usr/bin/cmake --install /home/hackathon-01/ros2/tutorials/harmonic_gui/build/robot_gazebo
[1.432s] Level 1:colcon.colcon_core.environment:checking '/home/hackathon-01/ros2/tutorials/harmonic_gui/install/robot_gazebo' for CMake config files
[1.432s] Level 1:colcon.colcon_core.shell:create_environment_hook('robot_gazebo', 'cmake_prefix_path')
[1.432s] INFO:colcon.colcon_core.shell:Creating environment hook '/home/hackathon-01/ros2/tutorials/harmonic_gui/install/robot_gazebo/share/robot_gazebo/hook/cmake_prefix_path.ps1'
[1.433s] INFO:colcon.colcon_core.shell:Creating environment descriptor '/home/hackathon-01/ros2/tutorials/harmonic_gui/install/robot_gazebo/share/robot_gazebo/hook/cmake_prefix_path.dsv'
[1.433s] INFO:colcon.colcon_core.shell:Creating environment hook '/home/hackathon-01/ros2/tutorials/harmonic_gui/install/robot_gazebo/share/robot_gazebo/hook/cmake_prefix_path.sh'
[1.434s] Level 1:colcon.colcon_core.environment:checking '/home/hackathon-01/ros2/tutorials/harmonic_gui/install/robot_gazebo/bin'
[1.434s] Level 1:colcon.colcon_core.environment:checking '/home/hackathon-01/ros2/tutorials/harmonic_gui/install/robot_gazebo/lib/pkgconfig/robot_gazebo.pc'
[1.434s] Level 1:colcon.colcon_core.environment:checking '/home/hackathon-01/ros2/tutorials/harmonic_gui/install/robot_gazebo/lib/python3.12/site-packages'
[1.434s] Level 1:colcon.colcon_core.environment:checking '/home/hackathon-01/ros2/tutorials/harmonic_gui/install/robot_gazebo/bin'
[1.435s] INFO:colcon.colcon_core.shell:Creating package script '/home/hackathon-01/ros2/tutorials/harmonic_gui/install/robot_gazebo/share/robot_gazebo/package.ps1'
[1.435s] INFO:colcon.colcon_core.shell:Creating package descriptor '/home/hackathon-01/ros2/tutorials/harmonic_gui/install/robot_gazebo/share/robot_gazebo/package.dsv'
[1.436s] INFO:colcon.colcon_core.shell:Creating package script '/home/hackathon-01/ros2/tutorials/harmonic_gui/install/robot_gazebo/share/robot_gazebo/package.sh'
[1.436s] INFO:colcon.colcon_core.shell:Creating package script '/home/hackathon-01/ros2/tutorials/harmonic_gui/install/robot_gazebo/share/robot_gazebo/package.bash'
[1.436s] INFO:colcon.colcon_core.shell:Creating package script '/home/hackathon-01/ros2/tutorials/harmonic_gui/install/robot_gazebo/share/robot_gazebo/package.zsh'
[1.436s] Level 1:colcon.colcon_core.environment:create_file_with_runtime_dependencies(/home/hackathon-01/ros2/tutorials/harmonic_gui/install/robot_gazebo/share/colcon-core/packages/robot_gazebo)
[1.437s] Level 1:colcon.colcon_core.environment:create_environment_scripts_only(robot_gazebo)
[1.437s] Level 1:colcon.colcon_core.environment:checking '/home/hackathon-01/ros2/tutorials/harmonic_gui/install/robot_gazebo' for CMake module files
[1.440s] Level 1:colcon.colcon_core.environment:checking '/home/hackathon-01/ros2/tutorials/harmonic_gui/install/robot_gazebo' for CMake config files
[1.440s] Level 1:colcon.colcon_core.shell:create_environment_hook('robot_gazebo', 'cmake_prefix_path')
[1.440s] INFO:colcon.colcon_core.shell:Creating environment hook '/home/hackathon-01/ros2/tutorials/harmonic_gui/install/robot_gazebo/share/robot_gazebo/hook/cmake_prefix_path.ps1'
[1.441s] INFO:colcon.colcon_core.shell:Creating environment descriptor '/home/hackathon-01/ros2/tutorials/harmonic_gui/install/robot_gazebo/share/robot_gazebo/hook/cmake_prefix_path.dsv'
[1.441s] INFO:colcon.colcon_core.shell:Creating environment hook '/home/hackathon-01/ros2/tutorials/harmonic_gui/install/robot_gazebo/share/robot_gazebo/hook/cmake_prefix_path.sh'
[1.442s] Level 1:colcon.colcon_core.environment:checking '/home/hackathon-01/ros2/tutorials/harmonic_gui/install/robot_gazebo/bin'
[1.442s] Level 1:colcon.colcon_core.environment:checking '/home/hackathon-01/ros2/tutorials/harmonic_gui/install/robot_gazebo/lib/pkgconfig/robot_gazebo.pc'
[1.442s] Level 1:colcon.colcon_core.environment:checking '/home/hackathon-01/ros2/tutorials/harmonic_gui/install/robot_gazebo/lib/python3.12/site-packages'
[1.443s] Level 1:colcon.colcon_core.environment:checking '/home/hackathon-01/ros2/tutorials/harmonic_gui/install/robot_gazebo/bin'
[1.443s] INFO:colcon.colcon_core.shell:Creating package script '/home/hackathon-01/ros2/tutorials/harmonic_gui/install/robot_gazebo/share/robot_gazebo/package.ps1'
[1.444s] INFO:colcon.colcon_core.shell:Creating package descriptor '/home/hackathon-01/ros2/tutorials/harmonic_gui/install/robot_gazebo/share/robot_gazebo/package.dsv'
[1.444s] INFO:colcon.colcon_core.shell:Creating package script '/home/hackathon-01/ros2/tutorials/harmonic_gui/install/robot_gazebo/share/robot_gazebo/package.sh'
[1.445s] INFO:colcon.colcon_core.shell:Creating package script '/home/hackathon-01/ros2/tutorials/harmonic_gui/install/robot_gazebo/share/robot_gazebo/package.bash'
[1.445s] INFO:colcon.colcon_core.shell:Creating package script '/home/hackathon-01/ros2/tutorials/harmonic_gui/install/robot_gazebo/share/robot_gazebo/package.zsh'
[1.445s] Level 1:colcon.colcon_core.environment:create_file_with_runtime_dependencies(/home/hackathon-01/ros2/tutorials/harmonic_gui/install/robot_gazebo/share/colcon-core/packages/robot_gazebo)
[1.453s] DEBUG:colcon.colcon_core.event_handler.log_command:Invoked command in '/home/hackathon-01/ros2/tutorials/harmonic_gui/build/robot_description' returned '0': CMAKE_PREFIX_PATH=${CMAKE_PREFIX_PATH}:/opt/ros/jazzy /usr/bin/cmake --build /home/hackathon-01/ros2/tutorials/harmonic_gui/build/robot_description -- -j22 -l22
[1.454s] DEBUG:colcon.colcon_core.event_handler.log_command:Invoking command in '/home/hackathon-01/ros2/tutorials/harmonic_gui/build/robot_description': CMAKE_PREFIX_PATH=${CMAKE_PREFIX_PATH}:/opt/ros/jazzy /usr/bin/cmake --install /home/hackathon-01/ros2/tutorials/harmonic_gui/build/robot_description
[1.476s] Level 1:colcon.colcon_core.environment:create_environment_scripts_only(robot_description)
[1.476s] Level 1:colcon.colcon_core.environment:checking '/home/hackathon-01/ros2/tutorials/harmonic_gui/install/robot_description' for CMake module files
[1.477s] DEBUG:colcon.colcon_core.event_handler.log_command:Invoked command in '/home/hackathon-01/ros2/tutorials/harmonic_gui/build/robot_description' returned '0': CMAKE_PREFIX_PATH=${CMAKE_PREFIX_PATH}:/opt/ros/jazzy /usr/bin/cmake --install /home/hackathon-01/ros2/tutorials/harmonic_gui/build/robot_description
[1.477s] Level 1:colcon.colcon_core.environment:checking '/home/hackathon-01/ros2/tutorials/harmonic_gui/install/robot_description' for CMake config files
[1.478s] Level 1:colcon.colcon_core.shell:create_environment_hook('robot_description', 'cmake_prefix_path')
[1.478s] INFO:colcon.colcon_core.shell:Creating environment hook '/home/hackathon-01/ros2/tutorials/harmonic_gui/install/robot_description/share/robot_description/hook/cmake_prefix_path.ps1'
[1.479s] INFO:colcon.colcon_core.shell:Creating environment descriptor '/home/hackathon-01/ros2/tutorials/harmonic_gui/install/robot_description/share/robot_description/hook/cmake_prefix_path.dsv'
[1.479s] INFO:colcon.colcon_core.shell:Creating environment hook '/home/hackathon-01/ros2/tutorials/harmonic_gui/install/robot_description/share/robot_description/hook/cmake_prefix_path.sh'
[1.480s] Level 1:colcon.colcon_core.environment:checking '/home/hackathon-01/ros2/tutorials/harmonic_gui/install/robot_description/bin'
[1.480s] Level 1:colcon.colcon_core.environment:checking '/home/hackathon-01/ros2/tutorials/harmonic_gui/install/robot_description/lib/pkgconfig/robot_description.pc'
[1.480s] Level 1:colcon.colcon_core.environment:checking '/home/hackathon-01/ros2/tutorials/harmonic_gui/install/robot_description/lib/python3.12/site-packages'
[1.481s] Level 1:colcon.colcon_core.environment:checking '/home/hackathon-01/ros2/tutorials/harmonic_gui/install/robot_description/bin'
[1.481s] INFO:colcon.colcon_core.shell:Creating package script '/home/hackathon-01/ros2/tutorials/harmonic_gui/install/robot_description/share/robot_description/package.ps1'
[1.482s] INFO:colcon.colcon_core.shell:Creating package descriptor '/home/hackathon-01/ros2/tutorials/harmonic_gui/install/robot_description/share/robot_description/package.dsv'
[1.482s] INFO:colcon.colcon_core.shell:Creating package script '/home/hackathon-01/ros2/tutorials/harmonic_gui/install/robot_description/share/robot_description/package.sh'
[1.483s] INFO:colcon.colcon_core.shell:Creating package script '/home/hackathon-01/ros2/tutorials/harmonic_gui/install/robot_description/share/robot_description/package.bash'
[1.483s] INFO:colcon.colcon_core.shell:Creating package script '/home/hackathon-01/ros2/tutorials/harmonic_gui/install/robot_description/share/robot_description/package.zsh'
[1.483s] Level 1:colcon.colcon_core.environment:create_file_with_runtime_dependencies(/home/hackathon-01/ros2/tutorials/harmonic_gui/install/robot_description/share/colcon-core/packages/robot_description)
[1.484s] Level 1:colcon.colcon_core.environment:create_environment_scripts_only(robot_description)
[1.484s] Level 1:colcon.colcon_core.environment:checking '/home/hackathon-01/ros2/tutorials/harmonic_gui/install/robot_description' for CMake module files
[1.485s] Level 1:colcon.colcon_core.environment:checking '/home/hackathon-01/ros2/tutorials/harmonic_gui/install/robot_description' for CMake config files
[1.485s] Level 1:colcon.colcon_core.shell:create_environment_hook('robot_description', 'cmake_prefix_path')
[1.485s] INFO:colcon.colcon_core.shell:Creating environment hook '/home/hackathon-01/ros2/tutorials/harmonic_gui/install/robot_description/share/robot_description/hook/cmake_prefix_path.ps1'
[1.486s] INFO:colcon.colcon_core.shell:Creating environment descriptor '/home/hackathon-01/ros2/tutorials/harmonic_gui/install/robot_description/share/robot_description/hook/cmake_prefix_path.dsv'
[1.486s] INFO:colcon.colcon_core.shell:Creating environment hook '/home/hackathon-01/ros2/tutorials/harmonic_gui/install/robot_description/share/robot_description/hook/cmake_prefix_path.sh'
[1.487s] Level 1:colcon.colcon_core.environment:checking '/home/hackathon-01/ros2/tutorials/harmonic_gui/install/robot_description/bin'
[1.487s] Level 1:colcon.colcon_core.environment:checking '/home/hackathon-01/ros2/tutorials/harmonic_gui/install/robot_description/lib/pkgconfig/robot_description.pc'
[1.487s] Level 1:colcon.colcon_core.environment:checking '/home/hackathon-01/ros2/tutorials/harmonic_gui/install/robot_description/lib/python3.12/site-packages'
[1.487s] Level 1:colcon.colcon_core.environment:checking '/home/hackathon-01/ros2/tutorials/harmonic_gui/install/robot_description/bin'
[1.488s] INFO:colcon.colcon_core.shell:Creating package script '/home/hackathon-01/ros2/tutorials/harmonic_gui/install/robot_description/share/robot_description/package.ps1'
[1.488s] INFO:colcon.colcon_core.shell:Creating package descriptor '/home/hackathon-01/ros2/tutorials/harmonic_gui/install/robot_description/share/robot_description/package.dsv'
[1.489s] INFO:colcon.colcon_core.shell:Creating package script '/home/hackathon-01/ros2/tutorials/harmonic_gui/install/robot_description/share/robot_description/package.sh'
[1.489s] INFO:colcon.colcon_core.shell:Creating package script '/home/hackathon-01/ros2/tutorials/harmonic_gui/install/robot_description/share/robot_description/package.bash'
[1.490s] INFO:colcon.colcon_core.shell:Creating package script '/home/hackathon-01/ros2/tutorials/harmonic_gui/install/robot_description/share/robot_description/package.zsh'
[1.490s] Level 1:colcon.colcon_core.environment:create_file_with_runtime_dependencies(/home/hackathon-01/ros2/tutorials/harmonic_gui/install/robot_description/share/colcon-core/packages/robot_description)
[1.490s] DEBUG:colcon.colcon_parallel_executor.executor.parallel:closing loop
[1.490s] DEBUG:colcon.colcon_parallel_executor.executor.parallel:loop closed
[1.490s] DEBUG:colcon.colcon_parallel_executor.executor.parallel:run_until_complete finished with '0'
[1.490s] DEBUG:colcon.colcon_core.event_reactor:joining thread
[1.501s] INFO:colcon.colcon_core.plugin_system:Skipping extension 'colcon_notification.desktop_notification.notify_send': Could not find 'notify-send'
[1.501s] INFO:colcon.colcon_core.plugin_system:Skipping extension 'colcon_notification.desktop_notification.terminal_notifier': Not used on non-Darwin systems
[1.501s] INFO:colcon.colcon_core.plugin_system:Skipping extension 'colcon_notification.desktop_notification.win32': Not used on non-Windows systems
[1.502s] INFO:colcon.colcon_notification.desktop_notification:Sending desktop notification using 'notify2'
[1.520s] DEBUG:colcon.colcon_notification.desktop_notification.notify2:Failed to initialize notify2: org.freedesktop.DBus.Error.ServiceUnknown: The name org.freedesktop.Notifications was not provided by any .service files
[1.521s] DEBUG:colcon.colcon_core.event_reactor:joined thread
[1.521s] INFO:colcon.colcon_core.shell:Creating prefix script '/home/hackathon-01/ros2/tutorials/harmonic_gui/install/local_setup.ps1'
[1.523s] INFO:colcon.colcon_core.shell:Creating prefix util module '/home/hackathon-01/ros2/tutorials/harmonic_gui/install/_local_setup_util_ps1.py'
[1.524s] INFO:colcon.colcon_core.shell:Creating prefix chain script '/home/hackathon-01/ros2/tutorials/harmonic_gui/install/setup.ps1'
[1.525s] INFO:colcon.colcon_core.shell:Creating prefix script '/home/hackathon-01/ros2/tutorials/harmonic_gui/install/local_setup.sh'
[1.526s] INFO:colcon.colcon_core.shell:Creating prefix util module '/home/hackathon-01/ros2/tutorials/harmonic_gui/install/_local_setup_util_sh.py'
[1.526s] INFO:colcon.colcon_core.shell:Creating prefix chain script '/home/hackathon-01/ros2/tutorials/harmonic_gui/install/setup.sh'
[1.527s] INFO:colcon.colcon_core.shell:Creating prefix script '/home/hackathon-01/ros2/tutorials/harmonic_gui/install/local_setup.bash'
[1.528s] INFO:colcon.colcon_core.shell:Creating prefix chain script '/home/hackathon-01/ros2/tutorials/harmonic_gui/install/setup.bash'
[1.529s] INFO:colcon.colcon_core.shell:Creating prefix script '/home/hackathon-01/ros2/tutorials/harmonic_gui/install/local_setup.zsh'
[1.529s] INFO:colcon.colcon_core.shell:Creating prefix chain script '/home/hackathon-01/ros2/tutorials/harmonic_gui/install/setup.zsh'
