[0.009s] Invoking command in '/home/hackathon-01/ros2/tutorials/path_tracking_sim_ros2/build/robot_gazebo': CMAKE_PREFIX_PATH=${CMAKE_PREFIX_PATH}:/opt/ros/jazzy /usr/bin/cmake --build /home/hackathon-01/ros2/tutorials/path_tracking_sim_ros2/build/robot_gazebo -- -j22 -l22
[0.046s] Invoked command in '/home/hackathon-01/ros2/tutorials/path_tracking_sim_ros2/build/robot_gazebo' returned '0': CMAKE_PREFIX_PATH=${CMAKE_PREFIX_PATH}:/opt/ros/jazzy /usr/bin/cmake --build /home/hackathon-01/ros2/tutorials/path_tracking_sim_ros2/build/robot_gazebo -- -j22 -l22
[0.047s] Invoking command in '/home/hackathon-01/ros2/tutorials/path_tracking_sim_ros2/build/robot_gazebo': CMAKE_PREFIX_PATH=${CMAKE_PREFIX_PATH}:/opt/ros/jazzy /usr/bin/cmake --install /home/hackathon-01/ros2/tutorials/path_tracking_sim_ros2/build/robot_gazebo
[0.052s] -- Install configuration: ""
[0.052s] -- Up-to-date: /home/hackathon-01/ros2/tutorials/path_tracking_sim_ros2/install/robot_gazebo/share/robot_gazebo/launch
[0.053s] -- Up-to-date: /home/hackathon-01/ros2/tutorials/path_tracking_sim_ros2/install/robot_gazebo/share/robot_gazebo/launch/main.launch.py
[0.053s] -- Up-to-date: /home/hackathon-01/ros2/tutorials/path_tracking_sim_ros2/install/robot_gazebo/share/robot_gazebo/worlds
[0.053s] -- Up-to-date: /home/hackathon-01/ros2/tutorials/path_tracking_sim_ros2/install/robot_gazebo/share/robot_gazebo/worlds/path_tracking.sdf
[0.053s] -- Up-to-date: /home/hackathon-01/ros2/tutorials/path_tracking_sim_ros2/install/robot_gazebo/share/robot_gazebo/worlds/sun
[0.053s] -- Up-to-date: /home/hackathon-01/ros2/tutorials/path_tracking_sim_ros2/install/robot_gazebo/share/robot_gazebo/worlds/sun/model-1_3.sdf
[0.053s] -- Up-to-date: /home/hackathon-01/ros2/tutorials/path_tracking_sim_ros2/install/robot_gazebo/share/robot_gazebo/worlds/sun/model.sdf
[0.054s] -- Up-to-date: /home/hackathon-01/ros2/tutorials/path_tracking_sim_ros2/install/robot_gazebo/share/robot_gazebo/worlds/sun/model-1_4.sdf
[0.054s] -- Up-to-date: /home/hackathon-01/ros2/tutorials/path_tracking_sim_ros2/install/robot_gazebo/share/robot_gazebo/worlds/sun/model.config
[0.054s] -- Up-to-date: /home/hackathon-01/ros2/tutorials/path_tracking_sim_ros2/install/robot_gazebo/share/robot_gazebo/worlds/sun/model-1_2.sdf
[0.054s] -- Up-to-date: /home/hackathon-01/ros2/tutorials/path_tracking_sim_ros2/install/robot_gazebo/share/robot_gazebo/worlds/ground_plane
[0.054s] -- Up-to-date: /home/hackathon-01/ros2/tutorials/path_tracking_sim_ros2/install/robot_gazebo/share/robot_gazebo/worlds/ground_plane/model-1_3.sdf
[0.054s] -- Up-to-date: /home/hackathon-01/ros2/tutorials/path_tracking_sim_ros2/install/robot_gazebo/share/robot_gazebo/worlds/ground_plane/model.sdf
[0.054s] -- Up-to-date: /home/hackathon-01/ros2/tutorials/path_tracking_sim_ros2/install/robot_gazebo/share/robot_gazebo/worlds/ground_plane/model-1_4.sdf
[0.054s] -- Up-to-date: /home/hackathon-01/ros2/tutorials/path_tracking_sim_ros2/install/robot_gazebo/share/robot_gazebo/worlds/ground_plane/model.config
[0.054s] -- Up-to-date: /home/hackathon-01/ros2/tutorials/path_tracking_sim_ros2/install/robot_gazebo/share/robot_gazebo/worlds/ground_plane/model-1_2.sdf
[0.054s] -- Up-to-date: /home/hackathon-01/ros2/tutorials/path_tracking_sim_ros2/install/robot_gazebo/share/robot_gazebo/worlds/path_tracking_stage
[0.055s] -- Up-to-date: /home/hackathon-01/ros2/tutorials/path_tracking_sim_ros2/install/robot_gazebo/share/robot_gazebo/worlds/path_tracking_stage/model.sdf
[0.055s] -- Installing: /home/hackathon-01/ros2/tutorials/path_tracking_sim_ros2/install/robot_gazebo/share/robot_gazebo/worlds/path_tracking_stage/model.config
[0.055s] -- Up-to-date: /home/hackathon-01/ros2/tutorials/path_tracking_sim_ros2/install/robot_gazebo/share/robot_gazebo/worlds/path_tracking_stage/materials
[0.055s] -- Up-to-date: /home/hackathon-01/ros2/tutorials/path_tracking_sim_ros2/install/robot_gazebo/share/robot_gazebo/worlds/path_tracking_stage/meshes
[0.055s] -- Up-to-date: /home/hackathon-01/ros2/tutorials/path_tracking_sim_ros2/install/robot_gazebo/share/robot_gazebo/worlds/path_tracking_stage/meshes/path_tracking_stage.dae
[0.055s] -- Up-to-date: /home/hackathon-01/ros2/tutorials/path_tracking_sim_ros2/install/robot_gazebo/share/robot_gazebo/worlds/path_tracking_stage/meshes/stage.png
[0.055s] -- Up-to-date: /home/hackathon-01/ros2/tutorials/path_tracking_sim_ros2/install/robot_gazebo/share/robot_gazebo/worlds/path_tracking_stage/meshes/path_tracking_stage.stl
[0.055s] -- Up-to-date: /home/hackathon-01/ros2/tutorials/path_tracking_sim_ros2/install/robot_gazebo/share/ament_index/resource_index/package_run_dependencies/robot_gazebo
[0.055s] -- Up-to-date: /home/hackathon-01/ros2/tutorials/path_tracking_sim_ros2/install/robot_gazebo/share/ament_index/resource_index/parent_prefix_path/robot_gazebo
[0.055s] -- Up-to-date: /home/hackathon-01/ros2/tutorials/path_tracking_sim_ros2/install/robot_gazebo/share/robot_gazebo/environment/ament_prefix_path.sh
[0.055s] -- Up-to-date: /home/hackathon-01/ros2/tutorials/path_tracking_sim_ros2/install/robot_gazebo/share/robot_gazebo/environment/ament_prefix_path.dsv
[0.056s] -- Up-to-date: /home/hackathon-01/ros2/tutorials/path_tracking_sim_ros2/install/robot_gazebo/share/robot_gazebo/environment/path.sh
[0.056s] -- Up-to-date: /home/hackathon-01/ros2/tutorials/path_tracking_sim_ros2/install/robot_gazebo/share/robot_gazebo/environment/path.dsv
[0.056s] -- Up-to-date: /home/hackathon-01/ros2/tutorials/path_tracking_sim_ros2/install/robot_gazebo/share/robot_gazebo/local_setup.bash
[0.056s] -- Up-to-date: /home/hackathon-01/ros2/tutorials/path_tracking_sim_ros2/install/robot_gazebo/share/robot_gazebo/local_setup.sh
[0.056s] -- Up-to-date: /home/hackathon-01/ros2/tutorials/path_tracking_sim_ros2/install/robot_gazebo/share/robot_gazebo/local_setup.zsh
[0.056s] -- Up-to-date: /home/hackathon-01/ros2/tutorials/path_tracking_sim_ros2/install/robot_gazebo/share/robot_gazebo/local_setup.dsv
[0.056s] -- Up-to-date: /home/hackathon-01/ros2/tutorials/path_tracking_sim_ros2/install/robot_gazebo/share/robot_gazebo/package.dsv
[0.056s] -- Up-to-date: /home/hackathon-01/ros2/tutorials/path_tracking_sim_ros2/install/robot_gazebo/share/ament_index/resource_index/packages/robot_gazebo
[0.056s] -- Up-to-date: /home/hackathon-01/ros2/tutorials/path_tracking_sim_ros2/install/robot_gazebo/share/robot_gazebo/cmake/robot_gazeboConfig.cmake
[0.056s] -- Up-to-date: /home/hackathon-01/ros2/tutorials/path_tracking_sim_ros2/install/robot_gazebo/share/robot_gazebo/cmake/robot_gazeboConfig-version.cmake
[0.056s] -- Up-to-date: /home/hackathon-01/ros2/tutorials/path_tracking_sim_ros2/install/robot_gazebo/share/robot_gazebo/package.xml
[0.067s] Invoked command in '/home/hackathon-01/ros2/tutorials/path_tracking_sim_ros2/build/robot_gazebo' returned '0': CMAKE_PREFIX_PATH=${CMAKE_PREFIX_PATH}:/opt/ros/jazzy /usr/bin/cmake --install /home/hackathon-01/ros2/tutorials/path_tracking_sim_ros2/build/robot_gazebo
