-- Install configuration: ""
-- Up-to-date: /home/hackathon-01/ros2/tutorials/path_tracking_sim_ros2/install/robot_control/share/robot_control//scripts
-- Installing: /home/hackathon-01/ros2/tutorials/path_tracking_sim_ros2/install/robot_control/share/robot_control//scripts/pure_pursuit.py
-- Up-to-date: /home/hackathon-01/ros2/tutorials/path_tracking_sim_ros2/install/robot_control/share/robot_control//scripts/model_predictive_control.py
-- Installing: /home/hackathon-01/ros2/tutorials/path_tracking_sim_ros2/install/robot_control/lib/robot_control/pure_pursuit.py
-- Up-to-date: /home/hackathon-01/ros2/tutorials/path_tracking_sim_ros2/install/robot_control/lib/robot_control/model_predictive_control.py
-- Up-to-date: /home/hackathon-01/ros2/tutorials/path_tracking_sim_ros2/install/robot_control/share/ament_index/resource_index/package_run_dependencies/robot_control
-- Up-to-date: /home/hackathon-01/ros2/tutorials/path_tracking_sim_ros2/install/robot_control/share/ament_index/resource_index/parent_prefix_path/robot_control
-- Up-to-date: /home/hackathon-01/ros2/tutorials/path_tracking_sim_ros2/install/robot_control/share/robot_control/environment/ament_prefix_path.sh
-- Up-to-date: /home/hackathon-01/ros2/tutorials/path_tracking_sim_ros2/install/robot_control/share/robot_control/environment/ament_prefix_path.dsv
-- Up-to-date: /home/hackathon-01/ros2/tutorials/path_tracking_sim_ros2/install/robot_control/share/robot_control/environment/path.sh
-- Up-to-date: /home/hackathon-01/ros2/tutorials/path_tracking_sim_ros2/install/robot_control/share/robot_control/environment/path.dsv
-- Up-to-date: /home/hackathon-01/ros2/tutorials/path_tracking_sim_ros2/install/robot_control/share/robot_control/local_setup.bash
-- Up-to-date: /home/hackathon-01/ros2/tutorials/path_tracking_sim_ros2/install/robot_control/share/robot_control/local_setup.sh
-- Up-to-date: /home/hackathon-01/ros2/tutorials/path_tracking_sim_ros2/install/robot_control/share/robot_control/local_setup.zsh
-- Up-to-date: /home/hackathon-01/ros2/tutorials/path_tracking_sim_ros2/install/robot_control/share/robot_control/local_setup.dsv
-- Up-to-date: /home/hackathon-01/ros2/tutorials/path_tracking_sim_ros2/install/robot_control/share/robot_control/package.dsv
-- Up-to-date: /home/hackathon-01/ros2/tutorials/path_tracking_sim_ros2/install/robot_control/share/ament_index/resource_index/packages/robot_control
-- Up-to-date: /home/hackathon-01/ros2/tutorials/path_tracking_sim_ros2/install/robot_control/share/robot_control/cmake/robot_controlConfig.cmake
-- Up-to-date: /home/hackathon-01/ros2/tutorials/path_tracking_sim_ros2/install/robot_control/share/robot_control/cmake/robot_controlConfig-version.cmake
-- Up-to-date: /home/hackathon-01/ros2/tutorials/path_tracking_sim_ros2/install/robot_control/share/robot_control/package.xml
