[0.069s] DEBUG:colcon:Command line arguments: ['/usr/bin/colcon', 'build', '--base-paths', 'src']
[0.069s] DEBUG:colcon:Parsed command line arguments: Namespace(log_base=None, log_level=None, verb_name='build', build_base='build', install_base='install', merge_install=False, symlink_install=False, test_result_base=None, continue_on_error=False, executor='parallel', parallel_workers=22, event_handlers=None, ignore_user_meta=False, metas=['./colcon.meta'], base_paths=['src'], packages_ignore=None, packages_ignore_regex=None, paths=None, packages_up_to=None, packages_up_to_regex=None, packages_above=None, packages_above_and_dependencies=None, packages_above_depth=None, packages_select_by_dep=None, packages_skip_by_dep=None, packages_skip_up_to=None, packages_select_build_failed=False, packages_skip_build_finished=False, packages_select_test_failures=False, packages_skip_test_passed=False, packages_select=None, packages_skip=None, packages_select_regex=None, packages_skip_regex=None, packages_start=None, packages_end=None, cmake_args=None, cmake_target=None, cmake_target_skip_unavailable=False, cmake_clean_cache=False, cmake_clean_first=False, cmake_force_configure=False, ament_cmake_args=None, catkin_cmake_args=None, catkin_skip_building_tests=False, mixin_files=None, mixin=None, verb_parser=<colcon_mixin.mixin.mixin_argument.MixinArgumentDecorator object at 0x78f85ad47a10>, verb_extension=<colcon_core.verb.build.BuildVerb object at 0x78f85aea39b0>, main=<bound method BuildVerb.main of <colcon_core.verb.build.BuildVerb object at 0x78f85aea39b0>>, mixin_verb=('build',))
[0.092s] Level 1:colcon.colcon_core.package_discovery:discover_packages(colcon_meta) check parameters
[0.092s] Level 1:colcon.colcon_core.package_discovery:discover_packages(recursive) check parameters
[0.092s] Level 1:colcon.colcon_core.package_discovery:discover_packages(ignore) check parameters
[0.092s] Level 1:colcon.colcon_core.package_discovery:discover_packages(path) check parameters
[0.092s] Level 1:colcon.colcon_core.package_discovery:discover_packages(recursive) discover
[0.092s] INFO:colcon.colcon_core.package_discovery:Crawling recursively for packages in '/home/hackathon-01/ros2/tutorials/path_tracking_sim_ros2/src'
[0.092s] Level 1:colcon.colcon_core.package_identification:_identify(src) by extensions ['ignore', 'ignore_ament_install']
[0.092s] Level 1:colcon.colcon_core.package_identification:_identify(src) by extension 'ignore'
[0.092s] Level 1:colcon.colcon_core.package_identification:_identify(src) by extension 'ignore_ament_install'
[0.092s] Level 1:colcon.colcon_core.package_identification:_identify(src) by extensions ['colcon_pkg']
[0.092s] Level 1:colcon.colcon_core.package_identification:_identify(src) by extension 'colcon_pkg'
[0.092s] Level 1:colcon.colcon_core.package_identification:_identify(src) by extensions ['colcon_meta']
[0.092s] Level 1:colcon.colcon_core.package_identification:_identify(src) by extension 'colcon_meta'
[0.092s] Level 1:colcon.colcon_core.package_identification:_identify(src) by extensions ['ros']
[0.092s] Level 1:colcon.colcon_core.package_identification:_identify(src) by extension 'ros'
[0.107s] Level 1:colcon.colcon_core.package_identification:_identify(src) by extensions ['cmake', 'python']
[0.107s] Level 1:colcon.colcon_core.package_identification:_identify(src) by extension 'cmake'
[0.108s] Level 1:colcon.colcon_core.package_identification:_identify(src) by extension 'python'
[0.108s] Level 1:colcon.colcon_core.package_identification:_identify(src) by extensions ['python_setup_py']
[0.108s] Level 1:colcon.colcon_core.package_identification:_identify(src) by extension 'python_setup_py'
[0.108s] Level 1:colcon.colcon_core.package_identification:_identify(src/robot_control) by extensions ['ignore', 'ignore_ament_install']
[0.108s] Level 1:colcon.colcon_core.package_identification:_identify(src/robot_control) by extension 'ignore'
[0.108s] Level 1:colcon.colcon_core.package_identification:_identify(src/robot_control) by extension 'ignore_ament_install'
[0.108s] Level 1:colcon.colcon_core.package_identification:_identify(src/robot_control) by extensions ['colcon_pkg']
[0.108s] Level 1:colcon.colcon_core.package_identification:_identify(src/robot_control) by extension 'colcon_pkg'
[0.108s] Level 1:colcon.colcon_core.package_identification:_identify(src/robot_control) by extensions ['colcon_meta']
[0.108s] Level 1:colcon.colcon_core.package_identification:_identify(src/robot_control) by extension 'colcon_meta'
[0.108s] Level 1:colcon.colcon_core.package_identification:_identify(src/robot_control) by extensions ['ros']
[0.108s] Level 1:colcon.colcon_core.package_identification:_identify(src/robot_control) by extension 'ros'
[0.109s] DEBUG:colcon.colcon_core.package_identification:Package 'src/robot_control' with type 'ros.ament_cmake' and name 'robot_control'
[0.109s] Level 1:colcon.colcon_core.package_identification:_identify(src/robot_simulation) by extensions ['ignore', 'ignore_ament_install']
[0.109s] Level 1:colcon.colcon_core.package_identification:_identify(src/robot_simulation) by extension 'ignore'
[0.110s] Level 1:colcon.colcon_core.package_identification:_identify(src/robot_simulation) by extension 'ignore_ament_install'
[0.110s] Level 1:colcon.colcon_core.package_identification:_identify(src/robot_simulation) by extensions ['colcon_pkg']
[0.110s] Level 1:colcon.colcon_core.package_identification:_identify(src/robot_simulation) by extension 'colcon_pkg'
[0.110s] Level 1:colcon.colcon_core.package_identification:_identify(src/robot_simulation) by extensions ['colcon_meta']
[0.110s] Level 1:colcon.colcon_core.package_identification:_identify(src/robot_simulation) by extension 'colcon_meta'
[0.110s] Level 1:colcon.colcon_core.package_identification:_identify(src/robot_simulation) by extensions ['ros']
[0.110s] Level 1:colcon.colcon_core.package_identification:_identify(src/robot_simulation) by extension 'ros'
[0.110s] Level 1:colcon.colcon_core.package_identification:_identify(src/robot_simulation) by extensions ['cmake', 'python']
[0.110s] Level 1:colcon.colcon_core.package_identification:_identify(src/robot_simulation) by extension 'cmake'
[0.110s] Level 1:colcon.colcon_core.package_identification:_identify(src/robot_simulation) by extension 'python'
[0.110s] Level 1:colcon.colcon_core.package_identification:_identify(src/robot_simulation) by extensions ['python_setup_py']
[0.110s] Level 1:colcon.colcon_core.package_identification:_identify(src/robot_simulation) by extension 'python_setup_py'
[0.110s] Level 1:colcon.colcon_core.package_identification:_identify(src/robot_simulation/robot_description) by extensions ['ignore', 'ignore_ament_install']
[0.110s] Level 1:colcon.colcon_core.package_identification:_identify(src/robot_simulation/robot_description) by extension 'ignore'
[0.110s] Level 1:colcon.colcon_core.package_identification:_identify(src/robot_simulation/robot_description) by extension 'ignore_ament_install'
[0.110s] Level 1:colcon.colcon_core.package_identification:_identify(src/robot_simulation/robot_description) by extensions ['colcon_pkg']
[0.110s] Level 1:colcon.colcon_core.package_identification:_identify(src/robot_simulation/robot_description) by extension 'colcon_pkg'
[0.110s] Level 1:colcon.colcon_core.package_identification:_identify(src/robot_simulation/robot_description) by extensions ['colcon_meta']
[0.110s] Level 1:colcon.colcon_core.package_identification:_identify(src/robot_simulation/robot_description) by extension 'colcon_meta'
[0.110s] Level 1:colcon.colcon_core.package_identification:_identify(src/robot_simulation/robot_description) by extensions ['ros']
[0.110s] Level 1:colcon.colcon_core.package_identification:_identify(src/robot_simulation/robot_description) by extension 'ros'
[0.110s] DEBUG:colcon.colcon_core.package_identification:Package 'src/robot_simulation/robot_description' with type 'ros.ament_cmake' and name 'robot_description'
[0.110s] Level 1:colcon.colcon_core.package_identification:_identify(src/robot_simulation/robot_gazebo) by extensions ['ignore', 'ignore_ament_install']
[0.110s] Level 1:colcon.colcon_core.package_identification:_identify(src/robot_simulation/robot_gazebo) by extension 'ignore'
[0.110s] Level 1:colcon.colcon_core.package_identification:_identify(src/robot_simulation/robot_gazebo) by extension 'ignore_ament_install'
[0.110s] Level 1:colcon.colcon_core.package_identification:_identify(src/robot_simulation/robot_gazebo) by extensions ['colcon_pkg']
[0.110s] Level 1:colcon.colcon_core.package_identification:_identify(src/robot_simulation/robot_gazebo) by extension 'colcon_pkg'
[0.110s] Level 1:colcon.colcon_core.package_identification:_identify(src/robot_simulation/robot_gazebo) by extensions ['colcon_meta']
[0.110s] Level 1:colcon.colcon_core.package_identification:_identify(src/robot_simulation/robot_gazebo) by extension 'colcon_meta'
[0.110s] Level 1:colcon.colcon_core.package_identification:_identify(src/robot_simulation/robot_gazebo) by extensions ['ros']
[0.110s] Level 1:colcon.colcon_core.package_identification:_identify(src/robot_simulation/robot_gazebo) by extension 'ros'
[0.111s] DEBUG:colcon.colcon_core.package_identification:Package 'src/robot_simulation/robot_gazebo' with type 'ros.ament_cmake' and name 'robot_gazebo'
[0.111s] Level 1:colcon.colcon_core.package_discovery:discover_packages(recursive) using defaults
[0.121s] Level 5:colcon.colcon_core.verb:set package 'robot_control' build argument 'cmake_args' from command line to 'None'
[0.121s] Level 5:colcon.colcon_core.verb:set package 'robot_control' build argument 'cmake_target' from command line to 'None'
[0.121s] Level 5:colcon.colcon_core.verb:set package 'robot_control' build argument 'cmake_target_skip_unavailable' from command line to 'False'
[0.121s] Level 5:colcon.colcon_core.verb:set package 'robot_control' build argument 'cmake_clean_cache' from command line to 'False'
[0.121s] Level 5:colcon.colcon_core.verb:set package 'robot_control' build argument 'cmake_clean_first' from command line to 'False'
[0.121s] Level 5:colcon.colcon_core.verb:set package 'robot_control' build argument 'cmake_force_configure' from command line to 'False'
[0.121s] Level 5:colcon.colcon_core.verb:set package 'robot_control' build argument 'ament_cmake_args' from command line to 'None'
[0.121s] Level 5:colcon.colcon_core.verb:set package 'robot_control' build argument 'catkin_cmake_args' from command line to 'None'
[0.121s] Level 5:colcon.colcon_core.verb:set package 'robot_control' build argument 'catkin_skip_building_tests' from command line to 'False'
[0.121s] DEBUG:colcon.colcon_core.verb:Building package 'robot_control' with the following arguments: {'ament_cmake_args': None, 'build_base': '/home/hackathon-01/ros2/tutorials/path_tracking_sim_ros2/build/robot_control', 'catkin_cmake_args': None, 'catkin_skip_building_tests': False, 'cmake_args': None, 'cmake_clean_cache': False, 'cmake_clean_first': False, 'cmake_force_configure': False, 'cmake_target': None, 'cmake_target_skip_unavailable': False, 'install_base': '/home/hackathon-01/ros2/tutorials/path_tracking_sim_ros2/install/robot_control', 'merge_install': False, 'path': '/home/hackathon-01/ros2/tutorials/path_tracking_sim_ros2/src/robot_control', 'symlink_install': False, 'test_result_base': None}
[0.121s] Level 5:colcon.colcon_core.verb:set package 'robot_description' build argument 'cmake_args' from command line to 'None'
[0.121s] Level 5:colcon.colcon_core.verb:set package 'robot_description' build argument 'cmake_target' from command line to 'None'
[0.121s] Level 5:colcon.colcon_core.verb:set package 'robot_description' build argument 'cmake_target_skip_unavailable' from command line to 'False'
[0.122s] Level 5:colcon.colcon_core.verb:set package 'robot_description' build argument 'cmake_clean_cache' from command line to 'False'
[0.122s] Level 5:colcon.colcon_core.verb:set package 'robot_description' build argument 'cmake_clean_first' from command line to 'False'
[0.122s] Level 5:colcon.colcon_core.verb:set package 'robot_description' build argument 'cmake_force_configure' from command line to 'False'
[0.122s] Level 5:colcon.colcon_core.verb:set package 'robot_description' build argument 'ament_cmake_args' from command line to 'None'
[0.122s] Level 5:colcon.colcon_core.verb:set package 'robot_description' build argument 'catkin_cmake_args' from command line to 'None'
[0.122s] Level 5:colcon.colcon_core.verb:set package 'robot_description' build argument 'catkin_skip_building_tests' from command line to 'False'
[0.122s] DEBUG:colcon.colcon_core.verb:Building package 'robot_description' with the following arguments: {'ament_cmake_args': None, 'build_base': '/home/hackathon-01/ros2/tutorials/path_tracking_sim_ros2/build/robot_description', 'catkin_cmake_args': None, 'catkin_skip_building_tests': False, 'cmake_args': None, 'cmake_clean_cache': False, 'cmake_clean_first': False, 'cmake_force_configure': False, 'cmake_target': None, 'cmake_target_skip_unavailable': False, 'install_base': '/home/hackathon-01/ros2/tutorials/path_tracking_sim_ros2/install/robot_description', 'merge_install': False, 'path': '/home/hackathon-01/ros2/tutorials/path_tracking_sim_ros2/src/robot_simulation/robot_description', 'symlink_install': False, 'test_result_base': None}
[0.122s] Level 5:colcon.colcon_core.verb:set package 'robot_gazebo' build argument 'cmake_args' from command line to 'None'
[0.122s] Level 5:colcon.colcon_core.verb:set package 'robot_gazebo' build argument 'cmake_target' from command line to 'None'
[0.122s] Level 5:colcon.colcon_core.verb:set package 'robot_gazebo' build argument 'cmake_target_skip_unavailable' from command line to 'False'
[0.122s] Level 5:colcon.colcon_core.verb:set package 'robot_gazebo' build argument 'cmake_clean_cache' from command line to 'False'
[0.122s] Level 5:colcon.colcon_core.verb:set package 'robot_gazebo' build argument 'cmake_clean_first' from command line to 'False'
[0.122s] Level 5:colcon.colcon_core.verb:set package 'robot_gazebo' build argument 'cmake_force_configure' from command line to 'False'
[0.122s] Level 5:colcon.colcon_core.verb:set package 'robot_gazebo' build argument 'ament_cmake_args' from command line to 'None'
[0.122s] Level 5:colcon.colcon_core.verb:set package 'robot_gazebo' build argument 'catkin_cmake_args' from command line to 'None'
[0.122s] Level 5:colcon.colcon_core.verb:set package 'robot_gazebo' build argument 'catkin_skip_building_tests' from command line to 'False'
[0.122s] DEBUG:colcon.colcon_core.verb:Building package 'robot_gazebo' with the following arguments: {'ament_cmake_args': None, 'build_base': '/home/hackathon-01/ros2/tutorials/path_tracking_sim_ros2/build/robot_gazebo', 'catkin_cmake_args': None, 'catkin_skip_building_tests': False, 'cmake_args': None, 'cmake_clean_cache': False, 'cmake_clean_first': False, 'cmake_force_configure': False, 'cmake_target': None, 'cmake_target_skip_unavailable': False, 'install_base': '/home/hackathon-01/ros2/tutorials/path_tracking_sim_ros2/install/robot_gazebo', 'merge_install': False, 'path': '/home/hackathon-01/ros2/tutorials/path_tracking_sim_ros2/src/robot_simulation/robot_gazebo', 'symlink_install': False, 'test_result_base': None}
[0.122s] INFO:colcon.colcon_core.executor:Executing jobs using 'parallel' executor
[0.123s] DEBUG:colcon.colcon_parallel_executor.executor.parallel:run_until_complete
[0.123s] INFO:colcon.colcon_ros.task.ament_cmake.build:Building ROS package in '/home/hackathon-01/ros2/tutorials/path_tracking_sim_ros2/src/robot_control' with build type 'ament_cmake'
[0.123s] INFO:colcon.colcon_cmake.task.cmake.build:Building CMake package in '/home/hackathon-01/ros2/tutorials/path_tracking_sim_ros2/src/robot_control'
[0.124s] INFO:colcon.colcon_core.plugin_system:Skipping extension 'colcon_core.shell.bat': Not used on non-Windows systems
[0.124s] INFO:colcon.colcon_core.shell:Skip shell extension 'powershell' for command environment: Not usable outside of PowerShell
[0.124s] DEBUG:colcon.colcon_core.shell:Skip shell extension 'dsv' for command environment
[0.127s] INFO:colcon.colcon_ros.task.ament_cmake.build:Building ROS package in '/home/hackathon-01/ros2/tutorials/path_tracking_sim_ros2/src/robot_simulation/robot_description' with build type 'ament_cmake'
[0.127s] INFO:colcon.colcon_cmake.task.cmake.build:Building CMake package in '/home/hackathon-01/ros2/tutorials/path_tracking_sim_ros2/src/robot_simulation/robot_description'
[0.127s] INFO:colcon.colcon_core.shell:Skip shell extension 'powershell' for command environment: Not usable outside of PowerShell
[0.127s] DEBUG:colcon.colcon_core.shell:Skip shell extension 'dsv' for command environment
[0.129s] INFO:colcon.colcon_ros.task.ament_cmake.build:Building ROS package in '/home/hackathon-01/ros2/tutorials/path_tracking_sim_ros2/src/robot_simulation/robot_gazebo' with build type 'ament_cmake'
[0.129s] INFO:colcon.colcon_cmake.task.cmake.build:Building CMake package in '/home/hackathon-01/ros2/tutorials/path_tracking_sim_ros2/src/robot_simulation/robot_gazebo'
[0.129s] INFO:colcon.colcon_core.shell:Skip shell extension 'powershell' for command environment: Not usable outside of PowerShell
[0.129s] DEBUG:colcon.colcon_core.shell:Skip shell extension 'dsv' for command environment
[0.133s] DEBUG:colcon.colcon_core.event_handler.log_command:Invoking command in '/home/hackathon-01/ros2/tutorials/path_tracking_sim_ros2/build/robot_control': CMAKE_PREFIX_PATH=${CMAKE_PREFIX_PATH}:/opt/ros/jazzy /usr/bin/cmake /home/hackathon-01/ros2/tutorials/path_tracking_sim_ros2/src/robot_control -DCMAKE_INSTALL_PREFIX=/home/hackathon-01/ros2/tutorials/path_tracking_sim_ros2/install/robot_control
[0.136s] DEBUG:colcon.colcon_core.event_handler.log_command:Invoking command in '/home/hackathon-01/ros2/tutorials/path_tracking_sim_ros2/build/robot_description': CMAKE_PREFIX_PATH=${CMAKE_PREFIX_PATH}:/opt/ros/jazzy /usr/bin/cmake /home/hackathon-01/ros2/tutorials/path_tracking_sim_ros2/src/robot_simulation/robot_description -DCMAKE_INSTALL_PREFIX=/home/hackathon-01/ros2/tutorials/path_tracking_sim_ros2/install/robot_description
[0.137s] DEBUG:colcon.colcon_core.event_handler.log_command:Invoking command in '/home/hackathon-01/ros2/tutorials/path_tracking_sim_ros2/build/robot_gazebo': CMAKE_PREFIX_PATH=${CMAKE_PREFIX_PATH}:/opt/ros/jazzy /usr/bin/cmake /home/hackathon-01/ros2/tutorials/path_tracking_sim_ros2/src/robot_simulation/robot_gazebo -DCMAKE_INSTALL_PREFIX=/home/hackathon-01/ros2/tutorials/path_tracking_sim_ros2/install/robot_gazebo
[0.729s] DEBUG:colcon.colcon_core.event_handler.log_command:Invoked command in '/home/hackathon-01/ros2/tutorials/path_tracking_sim_ros2/build/robot_control' returned '0': CMAKE_PREFIX_PATH=${CMAKE_PREFIX_PATH}:/opt/ros/jazzy /usr/bin/cmake /home/hackathon-01/ros2/tutorials/path_tracking_sim_ros2/src/robot_control -DCMAKE_INSTALL_PREFIX=/home/hackathon-01/ros2/tutorials/path_tracking_sim_ros2/install/robot_control
[0.731s] DEBUG:colcon.colcon_core.event_handler.log_command:Invoking command in '/home/hackathon-01/ros2/tutorials/path_tracking_sim_ros2/build/robot_control': CMAKE_PREFIX_PATH=${CMAKE_PREFIX_PATH}:/opt/ros/jazzy /usr/bin/cmake --build /home/hackathon-01/ros2/tutorials/path_tracking_sim_ros2/build/robot_control -- -j22 -l22
[0.733s] DEBUG:colcon.colcon_core.event_handler.log_command:Invoked command in '/home/hackathon-01/ros2/tutorials/path_tracking_sim_ros2/build/robot_gazebo' returned '0': CMAKE_PREFIX_PATH=${CMAKE_PREFIX_PATH}:/opt/ros/jazzy /usr/bin/cmake /home/hackathon-01/ros2/tutorials/path_tracking_sim_ros2/src/robot_simulation/robot_gazebo -DCMAKE_INSTALL_PREFIX=/home/hackathon-01/ros2/tutorials/path_tracking_sim_ros2/install/robot_gazebo
[0.733s] DEBUG:colcon.colcon_core.event_handler.log_command:Invoking command in '/home/hackathon-01/ros2/tutorials/path_tracking_sim_ros2/build/robot_gazebo': CMAKE_PREFIX_PATH=${CMAKE_PREFIX_PATH}:/opt/ros/jazzy /usr/bin/cmake --build /home/hackathon-01/ros2/tutorials/path_tracking_sim_ros2/build/robot_gazebo -- -j22 -l22
[0.764s] DEBUG:colcon.colcon_core.event_handler.log_command:Invoked command in '/home/hackathon-01/ros2/tutorials/path_tracking_sim_ros2/build/robot_gazebo' returned '0': CMAKE_PREFIX_PATH=${CMAKE_PREFIX_PATH}:/opt/ros/jazzy /usr/bin/cmake --build /home/hackathon-01/ros2/tutorials/path_tracking_sim_ros2/build/robot_gazebo -- -j22 -l22
[0.772s] DEBUG:colcon.colcon_core.event_handler.log_command:Invoking command in '/home/hackathon-01/ros2/tutorials/path_tracking_sim_ros2/build/robot_gazebo': CMAKE_PREFIX_PATH=${CMAKE_PREFIX_PATH}:/opt/ros/jazzy /usr/bin/cmake --install /home/hackathon-01/ros2/tutorials/path_tracking_sim_ros2/build/robot_gazebo
[0.773s] DEBUG:colcon.colcon_core.event_handler.log_command:Invoked command in '/home/hackathon-01/ros2/tutorials/path_tracking_sim_ros2/build/robot_control' returned '0': CMAKE_PREFIX_PATH=${CMAKE_PREFIX_PATH}:/opt/ros/jazzy /usr/bin/cmake --build /home/hackathon-01/ros2/tutorials/path_tracking_sim_ros2/build/robot_control -- -j22 -l22
[0.774s] DEBUG:colcon.colcon_core.event_handler.log_command:Invoking command in '/home/hackathon-01/ros2/tutorials/path_tracking_sim_ros2/build/robot_control': CMAKE_PREFIX_PATH=${CMAKE_PREFIX_PATH}:/opt/ros/jazzy /usr/bin/cmake --install /home/hackathon-01/ros2/tutorials/path_tracking_sim_ros2/build/robot_control
[0.777s] DEBUG:colcon.colcon_core.event_handler.log_command:Invoked command in '/home/hackathon-01/ros2/tutorials/path_tracking_sim_ros2/build/robot_description' returned '0': CMAKE_PREFIX_PATH=${CMAKE_PREFIX_PATH}:/opt/ros/jazzy /usr/bin/cmake /home/hackathon-01/ros2/tutorials/path_tracking_sim_ros2/src/robot_simulation/robot_description -DCMAKE_INSTALL_PREFIX=/home/hackathon-01/ros2/tutorials/path_tracking_sim_ros2/install/robot_description
[0.778s] DEBUG:colcon.colcon_core.event_handler.log_command:Invoking command in '/home/hackathon-01/ros2/tutorials/path_tracking_sim_ros2/build/robot_description': CMAKE_PREFIX_PATH=${CMAKE_PREFIX_PATH}:/opt/ros/jazzy /usr/bin/cmake --build /home/hackathon-01/ros2/tutorials/path_tracking_sim_ros2/build/robot_description -- -j22 -l22
[0.781s] Level 1:colcon.colcon_core.environment:create_environment_scripts_only(robot_gazebo)
[0.781s] DEBUG:colcon.colcon_core.event_handler.log_command:Invoked command in '/home/hackathon-01/ros2/tutorials/path_tracking_sim_ros2/build/robot_gazebo' returned '0': CMAKE_PREFIX_PATH=${CMAKE_PREFIX_PATH}:/opt/ros/jazzy /usr/bin/cmake --install /home/hackathon-01/ros2/tutorials/path_tracking_sim_ros2/build/robot_gazebo
[0.784s] Level 1:colcon.colcon_core.environment:checking '/home/hackathon-01/ros2/tutorials/path_tracking_sim_ros2/install/robot_gazebo' for CMake module files
[0.785s] Level 1:colcon.colcon_core.environment:checking '/home/hackathon-01/ros2/tutorials/path_tracking_sim_ros2/install/robot_gazebo' for CMake config files
[0.785s] Level 1:colcon.colcon_core.shell:create_environment_hook('robot_gazebo', 'cmake_prefix_path')
[0.785s] INFO:colcon.colcon_core.shell:Creating environment hook '/home/hackathon-01/ros2/tutorials/path_tracking_sim_ros2/install/robot_gazebo/share/robot_gazebo/hook/cmake_prefix_path.ps1'
[0.785s] INFO:colcon.colcon_core.shell:Creating environment descriptor '/home/hackathon-01/ros2/tutorials/path_tracking_sim_ros2/install/robot_gazebo/share/robot_gazebo/hook/cmake_prefix_path.dsv'
[0.785s] INFO:colcon.colcon_core.shell:Creating environment hook '/home/hackathon-01/ros2/tutorials/path_tracking_sim_ros2/install/robot_gazebo/share/robot_gazebo/hook/cmake_prefix_path.sh'
[0.786s] Level 1:colcon.colcon_core.environment:checking '/home/hackathon-01/ros2/tutorials/path_tracking_sim_ros2/install/robot_gazebo/bin'
[0.786s] Level 1:colcon.colcon_core.environment:checking '/home/hackathon-01/ros2/tutorials/path_tracking_sim_ros2/install/robot_gazebo/lib/pkgconfig/robot_gazebo.pc'
[0.787s] Level 1:colcon.colcon_core.environment:checking '/home/hackathon-01/ros2/tutorials/path_tracking_sim_ros2/install/robot_gazebo/lib/python3.12/site-packages'
[0.788s] Level 1:colcon.colcon_core.environment:checking '/home/hackathon-01/ros2/tutorials/path_tracking_sim_ros2/install/robot_gazebo/bin'
[0.788s] INFO:colcon.colcon_core.shell:Creating package script '/home/hackathon-01/ros2/tutorials/path_tracking_sim_ros2/install/robot_gazebo/share/robot_gazebo/package.ps1'
[0.788s] INFO:colcon.colcon_core.shell:Creating package descriptor '/home/hackathon-01/ros2/tutorials/path_tracking_sim_ros2/install/robot_gazebo/share/robot_gazebo/package.dsv'
[0.788s] INFO:colcon.colcon_core.shell:Creating package script '/home/hackathon-01/ros2/tutorials/path_tracking_sim_ros2/install/robot_gazebo/share/robot_gazebo/package.sh'
[0.789s] INFO:colcon.colcon_core.shell:Creating package script '/home/hackathon-01/ros2/tutorials/path_tracking_sim_ros2/install/robot_gazebo/share/robot_gazebo/package.bash'
[0.789s] INFO:colcon.colcon_core.shell:Creating package script '/home/hackathon-01/ros2/tutorials/path_tracking_sim_ros2/install/robot_gazebo/share/robot_gazebo/package.zsh'
[0.789s] Level 1:colcon.colcon_core.environment:create_file_with_runtime_dependencies(/home/hackathon-01/ros2/tutorials/path_tracking_sim_ros2/install/robot_gazebo/share/colcon-core/packages/robot_gazebo)
[0.790s] Level 1:colcon.colcon_core.environment:create_environment_scripts_only(robot_gazebo)
[0.790s] Level 1:colcon.colcon_core.environment:checking '/home/hackathon-01/ros2/tutorials/path_tracking_sim_ros2/install/robot_gazebo' for CMake module files
[0.790s] Level 1:colcon.colcon_core.environment:checking '/home/hackathon-01/ros2/tutorials/path_tracking_sim_ros2/install/robot_gazebo' for CMake config files
[0.790s] Level 1:colcon.colcon_core.shell:create_environment_hook('robot_gazebo', 'cmake_prefix_path')
[0.790s] INFO:colcon.colcon_core.shell:Creating environment hook '/home/hackathon-01/ros2/tutorials/path_tracking_sim_ros2/install/robot_gazebo/share/robot_gazebo/hook/cmake_prefix_path.ps1'
[0.790s] INFO:colcon.colcon_core.shell:Creating environment descriptor '/home/hackathon-01/ros2/tutorials/path_tracking_sim_ros2/install/robot_gazebo/share/robot_gazebo/hook/cmake_prefix_path.dsv'
[0.790s] INFO:colcon.colcon_core.shell:Creating environment hook '/home/hackathon-01/ros2/tutorials/path_tracking_sim_ros2/install/robot_gazebo/share/robot_gazebo/hook/cmake_prefix_path.sh'
[0.791s] Level 1:colcon.colcon_core.environment:checking '/home/hackathon-01/ros2/tutorials/path_tracking_sim_ros2/install/robot_gazebo/bin'
[0.791s] Level 1:colcon.colcon_core.environment:checking '/home/hackathon-01/ros2/tutorials/path_tracking_sim_ros2/install/robot_gazebo/lib/pkgconfig/robot_gazebo.pc'
[0.791s] Level 1:colcon.colcon_core.environment:checking '/home/hackathon-01/ros2/tutorials/path_tracking_sim_ros2/install/robot_gazebo/lib/python3.12/site-packages'
[0.791s] Level 1:colcon.colcon_core.environment:checking '/home/hackathon-01/ros2/tutorials/path_tracking_sim_ros2/install/robot_gazebo/bin'
[0.791s] INFO:colcon.colcon_core.shell:Creating package script '/home/hackathon-01/ros2/tutorials/path_tracking_sim_ros2/install/robot_gazebo/share/robot_gazebo/package.ps1'
[0.791s] INFO:colcon.colcon_core.shell:Creating package descriptor '/home/hackathon-01/ros2/tutorials/path_tracking_sim_ros2/install/robot_gazebo/share/robot_gazebo/package.dsv'
[0.792s] INFO:colcon.colcon_core.shell:Creating package script '/home/hackathon-01/ros2/tutorials/path_tracking_sim_ros2/install/robot_gazebo/share/robot_gazebo/package.sh'
[0.792s] INFO:colcon.colcon_core.shell:Creating package script '/home/hackathon-01/ros2/tutorials/path_tracking_sim_ros2/install/robot_gazebo/share/robot_gazebo/package.bash'
[0.792s] INFO:colcon.colcon_core.shell:Creating package script '/home/hackathon-01/ros2/tutorials/path_tracking_sim_ros2/install/robot_gazebo/share/robot_gazebo/package.zsh'
[0.792s] Level 1:colcon.colcon_core.environment:create_file_with_runtime_dependencies(/home/hackathon-01/ros2/tutorials/path_tracking_sim_ros2/install/robot_gazebo/share/colcon-core/packages/robot_gazebo)
[0.793s] Level 1:colcon.colcon_core.environment:create_environment_scripts_only(robot_control)
[0.793s] Level 1:colcon.colcon_core.environment:checking '/home/hackathon-01/ros2/tutorials/path_tracking_sim_ros2/install/robot_control' for CMake module files
[0.793s] DEBUG:colcon.colcon_core.event_handler.log_command:Invoked command in '/home/hackathon-01/ros2/tutorials/path_tracking_sim_ros2/build/robot_control' returned '0': CMAKE_PREFIX_PATH=${CMAKE_PREFIX_PATH}:/opt/ros/jazzy /usr/bin/cmake --install /home/hackathon-01/ros2/tutorials/path_tracking_sim_ros2/build/robot_control
[0.794s] Level 1:colcon.colcon_core.environment:checking '/home/hackathon-01/ros2/tutorials/path_tracking_sim_ros2/install/robot_control' for CMake config files
[0.794s] Level 1:colcon.colcon_core.shell:create_environment_hook('robot_control', 'cmake_prefix_path')
[0.794s] INFO:colcon.colcon_core.shell:Creating environment hook '/home/hackathon-01/ros2/tutorials/path_tracking_sim_ros2/install/robot_control/share/robot_control/hook/cmake_prefix_path.ps1'
[0.794s] INFO:colcon.colcon_core.shell:Creating environment descriptor '/home/hackathon-01/ros2/tutorials/path_tracking_sim_ros2/install/robot_control/share/robot_control/hook/cmake_prefix_path.dsv'
[0.794s] INFO:colcon.colcon_core.shell:Creating environment hook '/home/hackathon-01/ros2/tutorials/path_tracking_sim_ros2/install/robot_control/share/robot_control/hook/cmake_prefix_path.sh'
[0.794s] Level 1:colcon.colcon_core.environment:checking '/home/hackathon-01/ros2/tutorials/path_tracking_sim_ros2/install/robot_control/lib'
[0.795s] Level 1:colcon.colcon_core.environment:checking '/home/hackathon-01/ros2/tutorials/path_tracking_sim_ros2/install/robot_control/bin'
[0.795s] Level 1:colcon.colcon_core.environment:checking '/home/hackathon-01/ros2/tutorials/path_tracking_sim_ros2/install/robot_control/lib/pkgconfig/robot_control.pc'
[0.795s] Level 1:colcon.colcon_core.environment:checking '/home/hackathon-01/ros2/tutorials/path_tracking_sim_ros2/install/robot_control/lib/python3.12/site-packages'
[0.795s] Level 1:colcon.colcon_core.environment:checking '/home/hackathon-01/ros2/tutorials/path_tracking_sim_ros2/install/robot_control/bin'
[0.795s] INFO:colcon.colcon_core.shell:Creating package script '/home/hackathon-01/ros2/tutorials/path_tracking_sim_ros2/install/robot_control/share/robot_control/package.ps1'
[0.795s] INFO:colcon.colcon_core.shell:Creating package descriptor '/home/hackathon-01/ros2/tutorials/path_tracking_sim_ros2/install/robot_control/share/robot_control/package.dsv'
[0.795s] INFO:colcon.colcon_core.shell:Creating package script '/home/hackathon-01/ros2/tutorials/path_tracking_sim_ros2/install/robot_control/share/robot_control/package.sh'
[0.796s] INFO:colcon.colcon_core.shell:Creating package script '/home/hackathon-01/ros2/tutorials/path_tracking_sim_ros2/install/robot_control/share/robot_control/package.bash'
[0.796s] INFO:colcon.colcon_core.shell:Creating package script '/home/hackathon-01/ros2/tutorials/path_tracking_sim_ros2/install/robot_control/share/robot_control/package.zsh'
[0.796s] Level 1:colcon.colcon_core.environment:create_file_with_runtime_dependencies(/home/hackathon-01/ros2/tutorials/path_tracking_sim_ros2/install/robot_control/share/colcon-core/packages/robot_control)
[0.796s] Level 1:colcon.colcon_core.environment:create_environment_scripts_only(robot_control)
[0.796s] Level 1:colcon.colcon_core.environment:checking '/home/hackathon-01/ros2/tutorials/path_tracking_sim_ros2/install/robot_control' for CMake module files
[0.796s] Level 1:colcon.colcon_core.environment:checking '/home/hackathon-01/ros2/tutorials/path_tracking_sim_ros2/install/robot_control' for CMake config files
[0.797s] Level 1:colcon.colcon_core.shell:create_environment_hook('robot_control', 'cmake_prefix_path')
[0.797s] INFO:colcon.colcon_core.shell:Creating environment hook '/home/hackathon-01/ros2/tutorials/path_tracking_sim_ros2/install/robot_control/share/robot_control/hook/cmake_prefix_path.ps1'
[0.797s] INFO:colcon.colcon_core.shell:Creating environment descriptor '/home/hackathon-01/ros2/tutorials/path_tracking_sim_ros2/install/robot_control/share/robot_control/hook/cmake_prefix_path.dsv'
[0.797s] INFO:colcon.colcon_core.shell:Creating environment hook '/home/hackathon-01/ros2/tutorials/path_tracking_sim_ros2/install/robot_control/share/robot_control/hook/cmake_prefix_path.sh'
[0.797s] Level 1:colcon.colcon_core.environment:checking '/home/hackathon-01/ros2/tutorials/path_tracking_sim_ros2/install/robot_control/lib'
[0.797s] Level 1:colcon.colcon_core.environment:checking '/home/hackathon-01/ros2/tutorials/path_tracking_sim_ros2/install/robot_control/bin'
[0.797s] Level 1:colcon.colcon_core.environment:checking '/home/hackathon-01/ros2/tutorials/path_tracking_sim_ros2/install/robot_control/lib/pkgconfig/robot_control.pc'
[0.797s] Level 1:colcon.colcon_core.environment:checking '/home/hackathon-01/ros2/tutorials/path_tracking_sim_ros2/install/robot_control/lib/python3.12/site-packages'
[0.798s] Level 1:colcon.colcon_core.environment:checking '/home/hackathon-01/ros2/tutorials/path_tracking_sim_ros2/install/robot_control/bin'
[0.798s] INFO:colcon.colcon_core.shell:Creating package script '/home/hackathon-01/ros2/tutorials/path_tracking_sim_ros2/install/robot_control/share/robot_control/package.ps1'
[0.798s] INFO:colcon.colcon_core.shell:Creating package descriptor '/home/hackathon-01/ros2/tutorials/path_tracking_sim_ros2/install/robot_control/share/robot_control/package.dsv'
[0.798s] INFO:colcon.colcon_core.shell:Creating package script '/home/hackathon-01/ros2/tutorials/path_tracking_sim_ros2/install/robot_control/share/robot_control/package.sh'
[0.798s] INFO:colcon.colcon_core.shell:Creating package script '/home/hackathon-01/ros2/tutorials/path_tracking_sim_ros2/install/robot_control/share/robot_control/package.bash'
[0.799s] INFO:colcon.colcon_core.shell:Creating package script '/home/hackathon-01/ros2/tutorials/path_tracking_sim_ros2/install/robot_control/share/robot_control/package.zsh'
[0.799s] Level 1:colcon.colcon_core.environment:create_file_with_runtime_dependencies(/home/hackathon-01/ros2/tutorials/path_tracking_sim_ros2/install/robot_control/share/colcon-core/packages/robot_control)
[0.804s] DEBUG:colcon.colcon_core.event_handler.log_command:Invoked command in '/home/hackathon-01/ros2/tutorials/path_tracking_sim_ros2/build/robot_description' returned '0': CMAKE_PREFIX_PATH=${CMAKE_PREFIX_PATH}:/opt/ros/jazzy /usr/bin/cmake --build /home/hackathon-01/ros2/tutorials/path_tracking_sim_ros2/build/robot_description -- -j22 -l22
[0.805s] DEBUG:colcon.colcon_core.event_handler.log_command:Invoking command in '/home/hackathon-01/ros2/tutorials/path_tracking_sim_ros2/build/robot_description': CMAKE_PREFIX_PATH=${CMAKE_PREFIX_PATH}:/opt/ros/jazzy /usr/bin/cmake --install /home/hackathon-01/ros2/tutorials/path_tracking_sim_ros2/build/robot_description
[0.816s] Level 1:colcon.colcon_core.environment:create_environment_scripts_only(robot_description)
[0.816s] Level 1:colcon.colcon_core.environment:checking '/home/hackathon-01/ros2/tutorials/path_tracking_sim_ros2/install/robot_description' for CMake module files
[0.816s] DEBUG:colcon.colcon_core.event_handler.log_command:Invoked command in '/home/hackathon-01/ros2/tutorials/path_tracking_sim_ros2/build/robot_description' returned '0': CMAKE_PREFIX_PATH=${CMAKE_PREFIX_PATH}:/opt/ros/jazzy /usr/bin/cmake --install /home/hackathon-01/ros2/tutorials/path_tracking_sim_ros2/build/robot_description
[0.817s] Level 1:colcon.colcon_core.environment:checking '/home/hackathon-01/ros2/tutorials/path_tracking_sim_ros2/install/robot_description' for CMake config files
[0.817s] Level 1:colcon.colcon_core.shell:create_environment_hook('robot_description', 'cmake_prefix_path')
[0.817s] INFO:colcon.colcon_core.shell:Creating environment hook '/home/hackathon-01/ros2/tutorials/path_tracking_sim_ros2/install/robot_description/share/robot_description/hook/cmake_prefix_path.ps1'
[0.817s] INFO:colcon.colcon_core.shell:Creating environment descriptor '/home/hackathon-01/ros2/tutorials/path_tracking_sim_ros2/install/robot_description/share/robot_description/hook/cmake_prefix_path.dsv'
[0.817s] INFO:colcon.colcon_core.shell:Creating environment hook '/home/hackathon-01/ros2/tutorials/path_tracking_sim_ros2/install/robot_description/share/robot_description/hook/cmake_prefix_path.sh'
[0.818s] Level 1:colcon.colcon_core.environment:checking '/home/hackathon-01/ros2/tutorials/path_tracking_sim_ros2/install/robot_description/bin'
[0.818s] Level 1:colcon.colcon_core.environment:checking '/home/hackathon-01/ros2/tutorials/path_tracking_sim_ros2/install/robot_description/lib/pkgconfig/robot_description.pc'
[0.818s] Level 1:colcon.colcon_core.environment:checking '/home/hackathon-01/ros2/tutorials/path_tracking_sim_ros2/install/robot_description/lib/python3.12/site-packages'
[0.818s] Level 1:colcon.colcon_core.environment:checking '/home/hackathon-01/ros2/tutorials/path_tracking_sim_ros2/install/robot_description/bin'
[0.818s] INFO:colcon.colcon_core.shell:Creating package script '/home/hackathon-01/ros2/tutorials/path_tracking_sim_ros2/install/robot_description/share/robot_description/package.ps1'
[0.818s] INFO:colcon.colcon_core.shell:Creating package descriptor '/home/hackathon-01/ros2/tutorials/path_tracking_sim_ros2/install/robot_description/share/robot_description/package.dsv'
[0.818s] INFO:colcon.colcon_core.shell:Creating package script '/home/hackathon-01/ros2/tutorials/path_tracking_sim_ros2/install/robot_description/share/robot_description/package.sh'
[0.819s] INFO:colcon.colcon_core.shell:Creating package script '/home/hackathon-01/ros2/tutorials/path_tracking_sim_ros2/install/robot_description/share/robot_description/package.bash'
[0.819s] INFO:colcon.colcon_core.shell:Creating package script '/home/hackathon-01/ros2/tutorials/path_tracking_sim_ros2/install/robot_description/share/robot_description/package.zsh'
[0.819s] Level 1:colcon.colcon_core.environment:create_file_with_runtime_dependencies(/home/hackathon-01/ros2/tutorials/path_tracking_sim_ros2/install/robot_description/share/colcon-core/packages/robot_description)
[0.819s] Level 1:colcon.colcon_core.environment:create_environment_scripts_only(robot_description)
[0.819s] Level 1:colcon.colcon_core.environment:checking '/home/hackathon-01/ros2/tutorials/path_tracking_sim_ros2/install/robot_description' for CMake module files
[0.820s] Level 1:colcon.colcon_core.environment:checking '/home/hackathon-01/ros2/tutorials/path_tracking_sim_ros2/install/robot_description' for CMake config files
[0.820s] Level 1:colcon.colcon_core.shell:create_environment_hook('robot_description', 'cmake_prefix_path')
[0.820s] INFO:colcon.colcon_core.shell:Creating environment hook '/home/hackathon-01/ros2/tutorials/path_tracking_sim_ros2/install/robot_description/share/robot_description/hook/cmake_prefix_path.ps1'
[0.820s] INFO:colcon.colcon_core.shell:Creating environment descriptor '/home/hackathon-01/ros2/tutorials/path_tracking_sim_ros2/install/robot_description/share/robot_description/hook/cmake_prefix_path.dsv'
[0.820s] INFO:colcon.colcon_core.shell:Creating environment hook '/home/hackathon-01/ros2/tutorials/path_tracking_sim_ros2/install/robot_description/share/robot_description/hook/cmake_prefix_path.sh'
[0.821s] Level 1:colcon.colcon_core.environment:checking '/home/hackathon-01/ros2/tutorials/path_tracking_sim_ros2/install/robot_description/bin'
[0.821s] Level 1:colcon.colcon_core.environment:checking '/home/hackathon-01/ros2/tutorials/path_tracking_sim_ros2/install/robot_description/lib/pkgconfig/robot_description.pc'
[0.821s] Level 1:colcon.colcon_core.environment:checking '/home/hackathon-01/ros2/tutorials/path_tracking_sim_ros2/install/robot_description/lib/python3.12/site-packages'
[0.822s] Level 1:colcon.colcon_core.environment:checking '/home/hackathon-01/ros2/tutorials/path_tracking_sim_ros2/install/robot_description/bin'
[0.822s] INFO:colcon.colcon_core.shell:Creating package script '/home/hackathon-01/ros2/tutorials/path_tracking_sim_ros2/install/robot_description/share/robot_description/package.ps1'
[0.822s] INFO:colcon.colcon_core.shell:Creating package descriptor '/home/hackathon-01/ros2/tutorials/path_tracking_sim_ros2/install/robot_description/share/robot_description/package.dsv'
[0.822s] INFO:colcon.colcon_core.shell:Creating package script '/home/hackathon-01/ros2/tutorials/path_tracking_sim_ros2/install/robot_description/share/robot_description/package.sh'
[0.822s] INFO:colcon.colcon_core.shell:Creating package script '/home/hackathon-01/ros2/tutorials/path_tracking_sim_ros2/install/robot_description/share/robot_description/package.bash'
[0.823s] INFO:colcon.colcon_core.shell:Creating package script '/home/hackathon-01/ros2/tutorials/path_tracking_sim_ros2/install/robot_description/share/robot_description/package.zsh'
[0.823s] Level 1:colcon.colcon_core.environment:create_file_with_runtime_dependencies(/home/hackathon-01/ros2/tutorials/path_tracking_sim_ros2/install/robot_description/share/colcon-core/packages/robot_description)
[0.823s] DEBUG:colcon.colcon_parallel_executor.executor.parallel:closing loop
[0.823s] DEBUG:colcon.colcon_parallel_executor.executor.parallel:loop closed
[0.823s] DEBUG:colcon.colcon_parallel_executor.executor.parallel:run_until_complete finished with '0'
[0.823s] DEBUG:colcon.colcon_core.event_reactor:joining thread
[0.826s] INFO:colcon.colcon_core.plugin_system:Skipping extension 'colcon_notification.desktop_notification.notify_send': Could not find 'notify-send'
[0.827s] INFO:colcon.colcon_core.plugin_system:Skipping extension 'colcon_notification.desktop_notification.terminal_notifier': Not used on non-Darwin systems
[0.827s] INFO:colcon.colcon_core.plugin_system:Skipping extension 'colcon_notification.desktop_notification.win32': Not used on non-Windows systems
[0.827s] INFO:colcon.colcon_notification.desktop_notification:Sending desktop notification using 'notify2'
[0.836s] DEBUG:colcon.colcon_notification.desktop_notification.notify2:Failed to initialize notify2: org.freedesktop.DBus.Error.ServiceUnknown: The name org.freedesktop.Notifications was not provided by any .service files
[0.836s] DEBUG:colcon.colcon_core.event_reactor:joined thread
[0.836s] INFO:colcon.colcon_core.shell:Creating prefix script '/home/hackathon-01/ros2/tutorials/path_tracking_sim_ros2/install/local_setup.ps1'
[0.837s] INFO:colcon.colcon_core.shell:Creating prefix util module '/home/hackathon-01/ros2/tutorials/path_tracking_sim_ros2/install/_local_setup_util_ps1.py'
[0.838s] INFO:colcon.colcon_core.shell:Creating prefix chain script '/home/hackathon-01/ros2/tutorials/path_tracking_sim_ros2/install/setup.ps1'
[0.838s] INFO:colcon.colcon_core.shell:Creating prefix script '/home/hackathon-01/ros2/tutorials/path_tracking_sim_ros2/install/local_setup.sh'
[0.838s] INFO:colcon.colcon_core.shell:Creating prefix util module '/home/hackathon-01/ros2/tutorials/path_tracking_sim_ros2/install/_local_setup_util_sh.py'
[0.839s] INFO:colcon.colcon_core.shell:Creating prefix chain script '/home/hackathon-01/ros2/tutorials/path_tracking_sim_ros2/install/setup.sh'
[0.839s] INFO:colcon.colcon_core.shell:Creating prefix script '/home/hackathon-01/ros2/tutorials/path_tracking_sim_ros2/install/local_setup.bash'
[0.839s] INFO:colcon.colcon_core.shell:Creating prefix chain script '/home/hackathon-01/ros2/tutorials/path_tracking_sim_ros2/install/setup.bash'
[0.840s] INFO:colcon.colcon_core.shell:Creating prefix script '/home/hackathon-01/ros2/tutorials/path_tracking_sim_ros2/install/local_setup.zsh'
[0.840s] INFO:colcon.colcon_core.shell:Creating prefix chain script '/home/hackathon-01/ros2/tutorials/path_tracking_sim_ros2/install/setup.zsh'
