[0.066s] DEBUG:colcon:Command line arguments: ['/usr/bin/colcon', 'build', '--base-paths', 'src']
[0.066s] DEBUG:colcon:Parsed command line arguments: Namespace(log_base=None, log_level=None, verb_name='build', build_base='build', install_base='install', merge_install=False, symlink_install=False, test_result_base=None, continue_on_error=False, executor='parallel', parallel_workers=22, event_handlers=None, ignore_user_meta=False, metas=['./colcon.meta'], base_paths=['src'], packages_ignore=None, packages_ignore_regex=None, paths=None, packages_up_to=None, packages_up_to_regex=None, packages_above=None, packages_above_and_dependencies=None, packages_above_depth=None, packages_select_by_dep=None, packages_skip_by_dep=None, packages_skip_up_to=None, packages_select_build_failed=False, packages_skip_build_finished=False, packages_select_test_failures=False, packages_skip_test_passed=False, packages_select=None, packages_skip=None, packages_select_regex=None, packages_skip_regex=None, packages_start=None, packages_end=None, cmake_args=None, cmake_target=None, cmake_target_skip_unavailable=False, cmake_clean_cache=False, cmake_clean_first=False, cmake_force_configure=False, ament_cmake_args=None, catkin_cmake_args=None, catkin_skip_building_tests=False, mixin_files=None, mixin=None, verb_parser=<colcon_mixin.mixin.mixin_argument.MixinArgumentDecorator object at 0x718fe833fa40>, verb_extension=<colcon_core.verb.build.BuildVerb object at 0x718fe84e4320>, main=<bound method BuildVerb.main of <colcon_core.verb.build.BuildVerb object at 0x718fe84e4320>>, mixin_verb=('build',))
[0.088s] Level 1:colcon.colcon_core.package_discovery:discover_packages(colcon_meta) check parameters
[0.088s] Level 1:colcon.colcon_core.package_discovery:discover_packages(recursive) check parameters
[0.088s] Level 1:colcon.colcon_core.package_discovery:discover_packages(ignore) check parameters
[0.088s] Level 1:colcon.colcon_core.package_discovery:discover_packages(path) check parameters
[0.089s] Level 1:colcon.colcon_core.package_discovery:discover_packages(recursive) discover
[0.089s] INFO:colcon.colcon_core.package_discovery:Crawling recursively for packages in '/home/hackathon-01/ros2/tutorials/path_tracking_sim_ros2/src'
[0.089s] Level 1:colcon.colcon_core.package_identification:_identify(src) by extensions ['ignore', 'ignore_ament_install']
[0.089s] Level 1:colcon.colcon_core.package_identification:_identify(src) by extension 'ignore'
[0.089s] Level 1:colcon.colcon_core.package_identification:_identify(src) by extension 'ignore_ament_install'
[0.089s] Level 1:colcon.colcon_core.package_identification:_identify(src) by extensions ['colcon_pkg']
[0.089s] Level 1:colcon.colcon_core.package_identification:_identify(src) by extension 'colcon_pkg'
[0.089s] Level 1:colcon.colcon_core.package_identification:_identify(src) by extensions ['colcon_meta']
[0.089s] Level 1:colcon.colcon_core.package_identification:_identify(src) by extension 'colcon_meta'
[0.089s] Level 1:colcon.colcon_core.package_identification:_identify(src) by extensions ['ros']
[0.089s] Level 1:colcon.colcon_core.package_identification:_identify(src) by extension 'ros'
[0.112s] Level 1:colcon.colcon_core.package_identification:_identify(src) by extensions ['cmake', 'python']
[0.112s] Level 1:colcon.colcon_core.package_identification:_identify(src) by extension 'cmake'
[0.112s] Level 1:colcon.colcon_core.package_identification:_identify(src) by extension 'python'
[0.112s] Level 1:colcon.colcon_core.package_identification:_identify(src) by extensions ['python_setup_py']
[0.112s] Level 1:colcon.colcon_core.package_identification:_identify(src) by extension 'python_setup_py'
[0.112s] Level 1:colcon.colcon_core.package_identification:_identify(src/robot_control) by extensions ['ignore', 'ignore_ament_install']
[0.112s] Level 1:colcon.colcon_core.package_identification:_identify(src/robot_control) by extension 'ignore'
[0.112s] Level 1:colcon.colcon_core.package_identification:_identify(src/robot_control) by extension 'ignore_ament_install'
[0.112s] Level 1:colcon.colcon_core.package_identification:_identify(src/robot_control) by extensions ['colcon_pkg']
[0.112s] Level 1:colcon.colcon_core.package_identification:_identify(src/robot_control) by extension 'colcon_pkg'
[0.112s] Level 1:colcon.colcon_core.package_identification:_identify(src/robot_control) by extensions ['colcon_meta']
[0.112s] Level 1:colcon.colcon_core.package_identification:_identify(src/robot_control) by extension 'colcon_meta'
[0.112s] Level 1:colcon.colcon_core.package_identification:_identify(src/robot_control) by extensions ['ros']
[0.112s] Level 1:colcon.colcon_core.package_identification:_identify(src/robot_control) by extension 'ros'
[0.113s] DEBUG:colcon.colcon_core.package_identification:Package 'src/robot_control' with type 'ros.ament_cmake' and name 'robot_control'
[0.113s] Level 1:colcon.colcon_core.package_identification:_identify(src/robot_simulation) by extensions ['ignore', 'ignore_ament_install']
[0.113s] Level 1:colcon.colcon_core.package_identification:_identify(src/robot_simulation) by extension 'ignore'
[0.114s] Level 1:colcon.colcon_core.package_identification:_identify(src/robot_simulation) by extension 'ignore_ament_install'
[0.114s] Level 1:colcon.colcon_core.package_identification:_identify(src/robot_simulation) by extensions ['colcon_pkg']
[0.114s] Level 1:colcon.colcon_core.package_identification:_identify(src/robot_simulation) by extension 'colcon_pkg'
[0.114s] Level 1:colcon.colcon_core.package_identification:_identify(src/robot_simulation) by extensions ['colcon_meta']
[0.114s] Level 1:colcon.colcon_core.package_identification:_identify(src/robot_simulation) by extension 'colcon_meta'
[0.114s] Level 1:colcon.colcon_core.package_identification:_identify(src/robot_simulation) by extensions ['ros']
[0.114s] Level 1:colcon.colcon_core.package_identification:_identify(src/robot_simulation) by extension 'ros'
[0.114s] Level 1:colcon.colcon_core.package_identification:_identify(src/robot_simulation) by extensions ['cmake', 'python']
[0.114s] Level 1:colcon.colcon_core.package_identification:_identify(src/robot_simulation) by extension 'cmake'
[0.114s] Level 1:colcon.colcon_core.package_identification:_identify(src/robot_simulation) by extension 'python'
[0.114s] Level 1:colcon.colcon_core.package_identification:_identify(src/robot_simulation) by extensions ['python_setup_py']
[0.114s] Level 1:colcon.colcon_core.package_identification:_identify(src/robot_simulation) by extension 'python_setup_py'
[0.114s] Level 1:colcon.colcon_core.package_identification:_identify(src/robot_simulation/robot_description) by extensions ['ignore', 'ignore_ament_install']
[0.114s] Level 1:colcon.colcon_core.package_identification:_identify(src/robot_simulation/robot_description) by extension 'ignore'
[0.114s] Level 1:colcon.colcon_core.package_identification:_identify(src/robot_simulation/robot_description) by extension 'ignore_ament_install'
[0.114s] Level 1:colcon.colcon_core.package_identification:_identify(src/robot_simulation/robot_description) by extensions ['colcon_pkg']
[0.114s] Level 1:colcon.colcon_core.package_identification:_identify(src/robot_simulation/robot_description) by extension 'colcon_pkg'
[0.114s] Level 1:colcon.colcon_core.package_identification:_identify(src/robot_simulation/robot_description) by extensions ['colcon_meta']
[0.114s] Level 1:colcon.colcon_core.package_identification:_identify(src/robot_simulation/robot_description) by extension 'colcon_meta'
[0.114s] Level 1:colcon.colcon_core.package_identification:_identify(src/robot_simulation/robot_description) by extensions ['ros']
[0.114s] Level 1:colcon.colcon_core.package_identification:_identify(src/robot_simulation/robot_description) by extension 'ros'
[0.114s] DEBUG:colcon.colcon_core.package_identification:Package 'src/robot_simulation/robot_description' with type 'ros.ament_cmake' and name 'robot_description'
[0.114s] Level 1:colcon.colcon_core.package_identification:_identify(src/robot_simulation/robot_gazebo) by extensions ['ignore', 'ignore_ament_install']
[0.114s] Level 1:colcon.colcon_core.package_identification:_identify(src/robot_simulation/robot_gazebo) by extension 'ignore'
[0.114s] Level 1:colcon.colcon_core.package_identification:_identify(src/robot_simulation/robot_gazebo) by extension 'ignore_ament_install'
[0.114s] Level 1:colcon.colcon_core.package_identification:_identify(src/robot_simulation/robot_gazebo) by extensions ['colcon_pkg']
[0.114s] Level 1:colcon.colcon_core.package_identification:_identify(src/robot_simulation/robot_gazebo) by extension 'colcon_pkg'
[0.114s] Level 1:colcon.colcon_core.package_identification:_identify(src/robot_simulation/robot_gazebo) by extensions ['colcon_meta']
[0.114s] Level 1:colcon.colcon_core.package_identification:_identify(src/robot_simulation/robot_gazebo) by extension 'colcon_meta'
[0.114s] Level 1:colcon.colcon_core.package_identification:_identify(src/robot_simulation/robot_gazebo) by extensions ['ros']
[0.114s] Level 1:colcon.colcon_core.package_identification:_identify(src/robot_simulation/robot_gazebo) by extension 'ros'
[0.115s] DEBUG:colcon.colcon_core.package_identification:Package 'src/robot_simulation/robot_gazebo' with type 'ros.ament_cmake' and name 'robot_gazebo'
[0.115s] Level 1:colcon.colcon_core.package_discovery:discover_packages(recursive) using defaults
[0.126s] Level 5:colcon.colcon_core.verb:set package 'robot_control' build argument 'cmake_args' from command line to 'None'
[0.126s] Level 5:colcon.colcon_core.verb:set package 'robot_control' build argument 'cmake_target' from command line to 'None'
[0.126s] Level 5:colcon.colcon_core.verb:set package 'robot_control' build argument 'cmake_target_skip_unavailable' from command line to 'False'
[0.126s] Level 5:colcon.colcon_core.verb:set package 'robot_control' build argument 'cmake_clean_cache' from command line to 'False'
[0.126s] Level 5:colcon.colcon_core.verb:set package 'robot_control' build argument 'cmake_clean_first' from command line to 'False'
[0.126s] Level 5:colcon.colcon_core.verb:set package 'robot_control' build argument 'cmake_force_configure' from command line to 'False'
[0.126s] Level 5:colcon.colcon_core.verb:set package 'robot_control' build argument 'ament_cmake_args' from command line to 'None'
[0.126s] Level 5:colcon.colcon_core.verb:set package 'robot_control' build argument 'catkin_cmake_args' from command line to 'None'
[0.126s] Level 5:colcon.colcon_core.verb:set package 'robot_control' build argument 'catkin_skip_building_tests' from command line to 'False'
[0.126s] DEBUG:colcon.colcon_core.verb:Building package 'robot_control' with the following arguments: {'ament_cmake_args': None, 'build_base': '/home/hackathon-01/ros2/tutorials/path_tracking_sim_ros2/build/robot_control', 'catkin_cmake_args': None, 'catkin_skip_building_tests': False, 'cmake_args': None, 'cmake_clean_cache': False, 'cmake_clean_first': False, 'cmake_force_configure': False, 'cmake_target': None, 'cmake_target_skip_unavailable': False, 'install_base': '/home/hackathon-01/ros2/tutorials/path_tracking_sim_ros2/install/robot_control', 'merge_install': False, 'path': '/home/hackathon-01/ros2/tutorials/path_tracking_sim_ros2/src/robot_control', 'symlink_install': False, 'test_result_base': None}
[0.126s] Level 5:colcon.colcon_core.verb:set package 'robot_description' build argument 'cmake_args' from command line to 'None'
[0.126s] Level 5:colcon.colcon_core.verb:set package 'robot_description' build argument 'cmake_target' from command line to 'None'
[0.126s] Level 5:colcon.colcon_core.verb:set package 'robot_description' build argument 'cmake_target_skip_unavailable' from command line to 'False'
[0.126s] Level 5:colcon.colcon_core.verb:set package 'robot_description' build argument 'cmake_clean_cache' from command line to 'False'
[0.126s] Level 5:colcon.colcon_core.verb:set package 'robot_description' build argument 'cmake_clean_first' from command line to 'False'
[0.126s] Level 5:colcon.colcon_core.verb:set package 'robot_description' build argument 'cmake_force_configure' from command line to 'False'
[0.126s] Level 5:colcon.colcon_core.verb:set package 'robot_description' build argument 'ament_cmake_args' from command line to 'None'
[0.126s] Level 5:colcon.colcon_core.verb:set package 'robot_description' build argument 'catkin_cmake_args' from command line to 'None'
[0.126s] Level 5:colcon.colcon_core.verb:set package 'robot_description' build argument 'catkin_skip_building_tests' from command line to 'False'
[0.126s] DEBUG:colcon.colcon_core.verb:Building package 'robot_description' with the following arguments: {'ament_cmake_args': None, 'build_base': '/home/hackathon-01/ros2/tutorials/path_tracking_sim_ros2/build/robot_description', 'catkin_cmake_args': None, 'catkin_skip_building_tests': False, 'cmake_args': None, 'cmake_clean_cache': False, 'cmake_clean_first': False, 'cmake_force_configure': False, 'cmake_target': None, 'cmake_target_skip_unavailable': False, 'install_base': '/home/hackathon-01/ros2/tutorials/path_tracking_sim_ros2/install/robot_description', 'merge_install': False, 'path': '/home/hackathon-01/ros2/tutorials/path_tracking_sim_ros2/src/robot_simulation/robot_description', 'symlink_install': False, 'test_result_base': None}
[0.126s] Level 5:colcon.colcon_core.verb:set package 'robot_gazebo' build argument 'cmake_args' from command line to 'None'
[0.126s] Level 5:colcon.colcon_core.verb:set package 'robot_gazebo' build argument 'cmake_target' from command line to 'None'
[0.126s] Level 5:colcon.colcon_core.verb:set package 'robot_gazebo' build argument 'cmake_target_skip_unavailable' from command line to 'False'
[0.126s] Level 5:colcon.colcon_core.verb:set package 'robot_gazebo' build argument 'cmake_clean_cache' from command line to 'False'
[0.126s] Level 5:colcon.colcon_core.verb:set package 'robot_gazebo' build argument 'cmake_clean_first' from command line to 'False'
[0.126s] Level 5:colcon.colcon_core.verb:set package 'robot_gazebo' build argument 'cmake_force_configure' from command line to 'False'
[0.126s] Level 5:colcon.colcon_core.verb:set package 'robot_gazebo' build argument 'ament_cmake_args' from command line to 'None'
[0.126s] Level 5:colcon.colcon_core.verb:set package 'robot_gazebo' build argument 'catkin_cmake_args' from command line to 'None'
[0.126s] Level 5:colcon.colcon_core.verb:set package 'robot_gazebo' build argument 'catkin_skip_building_tests' from command line to 'False'
[0.126s] DEBUG:colcon.colcon_core.verb:Building package 'robot_gazebo' with the following arguments: {'ament_cmake_args': None, 'build_base': '/home/hackathon-01/ros2/tutorials/path_tracking_sim_ros2/build/robot_gazebo', 'catkin_cmake_args': None, 'catkin_skip_building_tests': False, 'cmake_args': None, 'cmake_clean_cache': False, 'cmake_clean_first': False, 'cmake_force_configure': False, 'cmake_target': None, 'cmake_target_skip_unavailable': False, 'install_base': '/home/hackathon-01/ros2/tutorials/path_tracking_sim_ros2/install/robot_gazebo', 'merge_install': False, 'path': '/home/hackathon-01/ros2/tutorials/path_tracking_sim_ros2/src/robot_simulation/robot_gazebo', 'symlink_install': False, 'test_result_base': None}
[0.126s] INFO:colcon.colcon_core.executor:Executing jobs using 'parallel' executor
[0.127s] DEBUG:colcon.colcon_parallel_executor.executor.parallel:run_until_complete
[0.127s] INFO:colcon.colcon_ros.task.ament_cmake.build:Building ROS package in '/home/hackathon-01/ros2/tutorials/path_tracking_sim_ros2/src/robot_control' with build type 'ament_cmake'
[0.127s] INFO:colcon.colcon_cmake.task.cmake.build:Building CMake package in '/home/hackathon-01/ros2/tutorials/path_tracking_sim_ros2/src/robot_control'
[0.128s] INFO:colcon.colcon_core.plugin_system:Skipping extension 'colcon_core.shell.bat': Not used on non-Windows systems
[0.129s] INFO:colcon.colcon_core.shell:Skip shell extension 'powershell' for command environment: Not usable outside of PowerShell
[0.129s] DEBUG:colcon.colcon_core.shell:Skip shell extension 'dsv' for command environment
[0.131s] INFO:colcon.colcon_ros.task.ament_cmake.build:Building ROS package in '/home/hackathon-01/ros2/tutorials/path_tracking_sim_ros2/src/robot_simulation/robot_description' with build type 'ament_cmake'
[0.131s] INFO:colcon.colcon_cmake.task.cmake.build:Building CMake package in '/home/hackathon-01/ros2/tutorials/path_tracking_sim_ros2/src/robot_simulation/robot_description'
[0.131s] INFO:colcon.colcon_core.shell:Skip shell extension 'powershell' for command environment: Not usable outside of PowerShell
[0.131s] DEBUG:colcon.colcon_core.shell:Skip shell extension 'dsv' for command environment
[0.133s] INFO:colcon.colcon_ros.task.ament_cmake.build:Building ROS package in '/home/hackathon-01/ros2/tutorials/path_tracking_sim_ros2/src/robot_simulation/robot_gazebo' with build type 'ament_cmake'
[0.133s] INFO:colcon.colcon_cmake.task.cmake.build:Building CMake package in '/home/hackathon-01/ros2/tutorials/path_tracking_sim_ros2/src/robot_simulation/robot_gazebo'
[0.133s] INFO:colcon.colcon_core.shell:Skip shell extension 'powershell' for command environment: Not usable outside of PowerShell
[0.133s] DEBUG:colcon.colcon_core.shell:Skip shell extension 'dsv' for command environment
[0.138s] DEBUG:colcon.colcon_core.event_handler.log_command:Invoking command in '/home/hackathon-01/ros2/tutorials/path_tracking_sim_ros2/build/robot_control': CMAKE_PREFIX_PATH=${CMAKE_PREFIX_PATH}:/opt/ros/jazzy /usr/bin/cmake --build /home/hackathon-01/ros2/tutorials/path_tracking_sim_ros2/build/robot_control -- -j22 -l22
[0.141s] DEBUG:colcon.colcon_core.event_handler.log_command:Invoking command in '/home/hackathon-01/ros2/tutorials/path_tracking_sim_ros2/build/robot_description': CMAKE_PREFIX_PATH=${CMAKE_PREFIX_PATH}:/opt/ros/jazzy /usr/bin/cmake --build /home/hackathon-01/ros2/tutorials/path_tracking_sim_ros2/build/robot_description -- -j22 -l22
[0.142s] DEBUG:colcon.colcon_core.event_handler.log_command:Invoking command in '/home/hackathon-01/ros2/tutorials/path_tracking_sim_ros2/build/robot_gazebo': CMAKE_PREFIX_PATH=${CMAKE_PREFIX_PATH}:/opt/ros/jazzy /usr/bin/cmake --build /home/hackathon-01/ros2/tutorials/path_tracking_sim_ros2/build/robot_gazebo -- -j22 -l22
[0.177s] DEBUG:colcon.colcon_core.event_handler.log_command:Invoked command in '/home/hackathon-01/ros2/tutorials/path_tracking_sim_ros2/build/robot_gazebo' returned '0': CMAKE_PREFIX_PATH=${CMAKE_PREFIX_PATH}:/opt/ros/jazzy /usr/bin/cmake --build /home/hackathon-01/ros2/tutorials/path_tracking_sim_ros2/build/robot_gazebo -- -j22 -l22
[0.183s] DEBUG:colcon.colcon_core.event_handler.log_command:Invoking command in '/home/hackathon-01/ros2/tutorials/path_tracking_sim_ros2/build/robot_gazebo': CMAKE_PREFIX_PATH=${CMAKE_PREFIX_PATH}:/opt/ros/jazzy /usr/bin/cmake --install /home/hackathon-01/ros2/tutorials/path_tracking_sim_ros2/build/robot_gazebo
[0.185s] DEBUG:colcon.colcon_core.event_handler.log_command:Invoked command in '/home/hackathon-01/ros2/tutorials/path_tracking_sim_ros2/build/robot_control' returned '0': CMAKE_PREFIX_PATH=${CMAKE_PREFIX_PATH}:/opt/ros/jazzy /usr/bin/cmake --build /home/hackathon-01/ros2/tutorials/path_tracking_sim_ros2/build/robot_control -- -j22 -l22
[0.185s] DEBUG:colcon.colcon_core.event_handler.log_command:Invoking command in '/home/hackathon-01/ros2/tutorials/path_tracking_sim_ros2/build/robot_control': CMAKE_PREFIX_PATH=${CMAKE_PREFIX_PATH}:/opt/ros/jazzy /usr/bin/cmake --install /home/hackathon-01/ros2/tutorials/path_tracking_sim_ros2/build/robot_control
[0.186s] DEBUG:colcon.colcon_core.event_handler.log_command:Invoked command in '/home/hackathon-01/ros2/tutorials/path_tracking_sim_ros2/build/robot_description' returned '0': CMAKE_PREFIX_PATH=${CMAKE_PREFIX_PATH}:/opt/ros/jazzy /usr/bin/cmake --build /home/hackathon-01/ros2/tutorials/path_tracking_sim_ros2/build/robot_description -- -j22 -l22
[0.186s] DEBUG:colcon.colcon_core.event_handler.log_command:Invoking command in '/home/hackathon-01/ros2/tutorials/path_tracking_sim_ros2/build/robot_description': CMAKE_PREFIX_PATH=${CMAKE_PREFIX_PATH}:/opt/ros/jazzy /usr/bin/cmake --install /home/hackathon-01/ros2/tutorials/path_tracking_sim_ros2/build/robot_description
[0.191s] Level 1:colcon.colcon_core.environment:create_environment_scripts_only(robot_gazebo)
[0.191s] DEBUG:colcon.colcon_core.event_handler.log_command:Invoked command in '/home/hackathon-01/ros2/tutorials/path_tracking_sim_ros2/build/robot_gazebo' returned '0': CMAKE_PREFIX_PATH=${CMAKE_PREFIX_PATH}:/opt/ros/jazzy /usr/bin/cmake --install /home/hackathon-01/ros2/tutorials/path_tracking_sim_ros2/build/robot_gazebo
[0.194s] Level 1:colcon.colcon_core.environment:checking '/home/hackathon-01/ros2/tutorials/path_tracking_sim_ros2/install/robot_gazebo' for CMake module files
[0.196s] Level 1:colcon.colcon_core.environment:checking '/home/hackathon-01/ros2/tutorials/path_tracking_sim_ros2/install/robot_gazebo' for CMake config files
[0.196s] Level 1:colcon.colcon_core.shell:create_environment_hook('robot_gazebo', 'cmake_prefix_path')
[0.196s] INFO:colcon.colcon_core.shell:Creating environment hook '/home/hackathon-01/ros2/tutorials/path_tracking_sim_ros2/install/robot_gazebo/share/robot_gazebo/hook/cmake_prefix_path.ps1'
[0.196s] INFO:colcon.colcon_core.shell:Creating environment descriptor '/home/hackathon-01/ros2/tutorials/path_tracking_sim_ros2/install/robot_gazebo/share/robot_gazebo/hook/cmake_prefix_path.dsv'
[0.197s] INFO:colcon.colcon_core.shell:Creating environment hook '/home/hackathon-01/ros2/tutorials/path_tracking_sim_ros2/install/robot_gazebo/share/robot_gazebo/hook/cmake_prefix_path.sh'
[0.197s] Level 1:colcon.colcon_core.environment:checking '/home/hackathon-01/ros2/tutorials/path_tracking_sim_ros2/install/robot_gazebo/bin'
[0.197s] Level 1:colcon.colcon_core.environment:checking '/home/hackathon-01/ros2/tutorials/path_tracking_sim_ros2/install/robot_gazebo/lib/pkgconfig/robot_gazebo.pc'
[0.199s] Level 1:colcon.colcon_core.environment:checking '/home/hackathon-01/ros2/tutorials/path_tracking_sim_ros2/install/robot_gazebo/lib/python3.12/site-packages'
[0.199s] Level 1:colcon.colcon_core.environment:checking '/home/hackathon-01/ros2/tutorials/path_tracking_sim_ros2/install/robot_gazebo/bin'
[0.199s] INFO:colcon.colcon_core.shell:Creating package script '/home/hackathon-01/ros2/tutorials/path_tracking_sim_ros2/install/robot_gazebo/share/robot_gazebo/package.ps1'
[0.199s] INFO:colcon.colcon_core.shell:Creating package descriptor '/home/hackathon-01/ros2/tutorials/path_tracking_sim_ros2/install/robot_gazebo/share/robot_gazebo/package.dsv'
[0.200s] INFO:colcon.colcon_core.shell:Creating package script '/home/hackathon-01/ros2/tutorials/path_tracking_sim_ros2/install/robot_gazebo/share/robot_gazebo/package.sh'
[0.200s] INFO:colcon.colcon_core.shell:Creating package script '/home/hackathon-01/ros2/tutorials/path_tracking_sim_ros2/install/robot_gazebo/share/robot_gazebo/package.bash'
[0.200s] INFO:colcon.colcon_core.shell:Creating package script '/home/hackathon-01/ros2/tutorials/path_tracking_sim_ros2/install/robot_gazebo/share/robot_gazebo/package.zsh'
[0.201s] Level 1:colcon.colcon_core.environment:create_file_with_runtime_dependencies(/home/hackathon-01/ros2/tutorials/path_tracking_sim_ros2/install/robot_gazebo/share/colcon-core/packages/robot_gazebo)
[0.201s] Level 1:colcon.colcon_core.environment:create_environment_scripts_only(robot_gazebo)
[0.201s] Level 1:colcon.colcon_core.environment:checking '/home/hackathon-01/ros2/tutorials/path_tracking_sim_ros2/install/robot_gazebo' for CMake module files
[0.201s] Level 1:colcon.colcon_core.environment:checking '/home/hackathon-01/ros2/tutorials/path_tracking_sim_ros2/install/robot_gazebo' for CMake config files
[0.201s] Level 1:colcon.colcon_core.shell:create_environment_hook('robot_gazebo', 'cmake_prefix_path')
[0.201s] INFO:colcon.colcon_core.shell:Creating environment hook '/home/hackathon-01/ros2/tutorials/path_tracking_sim_ros2/install/robot_gazebo/share/robot_gazebo/hook/cmake_prefix_path.ps1'
[0.202s] INFO:colcon.colcon_core.shell:Creating environment descriptor '/home/hackathon-01/ros2/tutorials/path_tracking_sim_ros2/install/robot_gazebo/share/robot_gazebo/hook/cmake_prefix_path.dsv'
[0.202s] INFO:colcon.colcon_core.shell:Creating environment hook '/home/hackathon-01/ros2/tutorials/path_tracking_sim_ros2/install/robot_gazebo/share/robot_gazebo/hook/cmake_prefix_path.sh'
[0.202s] Level 1:colcon.colcon_core.environment:checking '/home/hackathon-01/ros2/tutorials/path_tracking_sim_ros2/install/robot_gazebo/bin'
[0.202s] Level 1:colcon.colcon_core.environment:checking '/home/hackathon-01/ros2/tutorials/path_tracking_sim_ros2/install/robot_gazebo/lib/pkgconfig/robot_gazebo.pc'
[0.202s] Level 1:colcon.colcon_core.environment:checking '/home/hackathon-01/ros2/tutorials/path_tracking_sim_ros2/install/robot_gazebo/lib/python3.12/site-packages'
[0.202s] Level 1:colcon.colcon_core.environment:checking '/home/hackathon-01/ros2/tutorials/path_tracking_sim_ros2/install/robot_gazebo/bin'
[0.202s] INFO:colcon.colcon_core.shell:Creating package script '/home/hackathon-01/ros2/tutorials/path_tracking_sim_ros2/install/robot_gazebo/share/robot_gazebo/package.ps1'
[0.203s] INFO:colcon.colcon_core.shell:Creating package descriptor '/home/hackathon-01/ros2/tutorials/path_tracking_sim_ros2/install/robot_gazebo/share/robot_gazebo/package.dsv'
[0.203s] INFO:colcon.colcon_core.shell:Creating package script '/home/hackathon-01/ros2/tutorials/path_tracking_sim_ros2/install/robot_gazebo/share/robot_gazebo/package.sh'
[0.203s] INFO:colcon.colcon_core.shell:Creating package script '/home/hackathon-01/ros2/tutorials/path_tracking_sim_ros2/install/robot_gazebo/share/robot_gazebo/package.bash'
[0.204s] INFO:colcon.colcon_core.shell:Creating package script '/home/hackathon-01/ros2/tutorials/path_tracking_sim_ros2/install/robot_gazebo/share/robot_gazebo/package.zsh'
[0.204s] Level 1:colcon.colcon_core.environment:create_file_with_runtime_dependencies(/home/hackathon-01/ros2/tutorials/path_tracking_sim_ros2/install/robot_gazebo/share/colcon-core/packages/robot_gazebo)
[0.205s] Level 1:colcon.colcon_core.environment:create_environment_scripts_only(robot_control)
[0.206s] Level 1:colcon.colcon_core.environment:checking '/home/hackathon-01/ros2/tutorials/path_tracking_sim_ros2/install/robot_control' for CMake module files
[0.206s] DEBUG:colcon.colcon_core.event_handler.log_command:Invoked command in '/home/hackathon-01/ros2/tutorials/path_tracking_sim_ros2/build/robot_control' returned '0': CMAKE_PREFIX_PATH=${CMAKE_PREFIX_PATH}:/opt/ros/jazzy /usr/bin/cmake --install /home/hackathon-01/ros2/tutorials/path_tracking_sim_ros2/build/robot_control
[0.206s] Level 1:colcon.colcon_core.environment:checking '/home/hackathon-01/ros2/tutorials/path_tracking_sim_ros2/install/robot_control' for CMake config files
[0.207s] Level 1:colcon.colcon_core.shell:create_environment_hook('robot_control', 'cmake_prefix_path')
[0.207s] INFO:colcon.colcon_core.shell:Creating environment hook '/home/hackathon-01/ros2/tutorials/path_tracking_sim_ros2/install/robot_control/share/robot_control/hook/cmake_prefix_path.ps1'
[0.207s] INFO:colcon.colcon_core.shell:Creating environment descriptor '/home/hackathon-01/ros2/tutorials/path_tracking_sim_ros2/install/robot_control/share/robot_control/hook/cmake_prefix_path.dsv'
[0.207s] INFO:colcon.colcon_core.shell:Creating environment hook '/home/hackathon-01/ros2/tutorials/path_tracking_sim_ros2/install/robot_control/share/robot_control/hook/cmake_prefix_path.sh'
[0.208s] Level 1:colcon.colcon_core.environment:checking '/home/hackathon-01/ros2/tutorials/path_tracking_sim_ros2/install/robot_control/lib'
[0.208s] Level 1:colcon.colcon_core.environment:checking '/home/hackathon-01/ros2/tutorials/path_tracking_sim_ros2/install/robot_control/bin'
[0.208s] Level 1:colcon.colcon_core.environment:checking '/home/hackathon-01/ros2/tutorials/path_tracking_sim_ros2/install/robot_control/lib/pkgconfig/robot_control.pc'
[0.208s] Level 1:colcon.colcon_core.environment:checking '/home/hackathon-01/ros2/tutorials/path_tracking_sim_ros2/install/robot_control/lib/python3.12/site-packages'
[0.208s] Level 1:colcon.colcon_core.environment:checking '/home/hackathon-01/ros2/tutorials/path_tracking_sim_ros2/install/robot_control/bin'
[0.209s] INFO:colcon.colcon_core.shell:Creating package script '/home/hackathon-01/ros2/tutorials/path_tracking_sim_ros2/install/robot_control/share/robot_control/package.ps1'
[0.209s] INFO:colcon.colcon_core.shell:Creating package descriptor '/home/hackathon-01/ros2/tutorials/path_tracking_sim_ros2/install/robot_control/share/robot_control/package.dsv'
[0.209s] INFO:colcon.colcon_core.shell:Creating package script '/home/hackathon-01/ros2/tutorials/path_tracking_sim_ros2/install/robot_control/share/robot_control/package.sh'
[0.209s] INFO:colcon.colcon_core.shell:Creating package script '/home/hackathon-01/ros2/tutorials/path_tracking_sim_ros2/install/robot_control/share/robot_control/package.bash'
[0.209s] INFO:colcon.colcon_core.shell:Creating package script '/home/hackathon-01/ros2/tutorials/path_tracking_sim_ros2/install/robot_control/share/robot_control/package.zsh'
[0.210s] Level 1:colcon.colcon_core.environment:create_file_with_runtime_dependencies(/home/hackathon-01/ros2/tutorials/path_tracking_sim_ros2/install/robot_control/share/colcon-core/packages/robot_control)
[0.210s] Level 1:colcon.colcon_core.environment:create_environment_scripts_only(robot_control)
[0.210s] Level 1:colcon.colcon_core.environment:checking '/home/hackathon-01/ros2/tutorials/path_tracking_sim_ros2/install/robot_control' for CMake module files
[0.210s] Level 1:colcon.colcon_core.environment:checking '/home/hackathon-01/ros2/tutorials/path_tracking_sim_ros2/install/robot_control' for CMake config files
[0.210s] Level 1:colcon.colcon_core.shell:create_environment_hook('robot_control', 'cmake_prefix_path')
[0.210s] INFO:colcon.colcon_core.shell:Creating environment hook '/home/hackathon-01/ros2/tutorials/path_tracking_sim_ros2/install/robot_control/share/robot_control/hook/cmake_prefix_path.ps1'
[0.210s] INFO:colcon.colcon_core.shell:Creating environment descriptor '/home/hackathon-01/ros2/tutorials/path_tracking_sim_ros2/install/robot_control/share/robot_control/hook/cmake_prefix_path.dsv'
[0.211s] INFO:colcon.colcon_core.shell:Creating environment hook '/home/hackathon-01/ros2/tutorials/path_tracking_sim_ros2/install/robot_control/share/robot_control/hook/cmake_prefix_path.sh'
[0.211s] Level 1:colcon.colcon_core.environment:checking '/home/hackathon-01/ros2/tutorials/path_tracking_sim_ros2/install/robot_control/lib'
[0.211s] Level 1:colcon.colcon_core.environment:checking '/home/hackathon-01/ros2/tutorials/path_tracking_sim_ros2/install/robot_control/bin'
[0.211s] Level 1:colcon.colcon_core.environment:checking '/home/hackathon-01/ros2/tutorials/path_tracking_sim_ros2/install/robot_control/lib/pkgconfig/robot_control.pc'
[0.211s] Level 1:colcon.colcon_core.environment:checking '/home/hackathon-01/ros2/tutorials/path_tracking_sim_ros2/install/robot_control/lib/python3.12/site-packages'
[0.211s] Level 1:colcon.colcon_core.environment:checking '/home/hackathon-01/ros2/tutorials/path_tracking_sim_ros2/install/robot_control/bin'
[0.211s] INFO:colcon.colcon_core.shell:Creating package script '/home/hackathon-01/ros2/tutorials/path_tracking_sim_ros2/install/robot_control/share/robot_control/package.ps1'
[0.212s] INFO:colcon.colcon_core.shell:Creating package descriptor '/home/hackathon-01/ros2/tutorials/path_tracking_sim_ros2/install/robot_control/share/robot_control/package.dsv'
[0.212s] INFO:colcon.colcon_core.shell:Creating package script '/home/hackathon-01/ros2/tutorials/path_tracking_sim_ros2/install/robot_control/share/robot_control/package.sh'
[0.212s] INFO:colcon.colcon_core.shell:Creating package script '/home/hackathon-01/ros2/tutorials/path_tracking_sim_ros2/install/robot_control/share/robot_control/package.bash'
[0.212s] INFO:colcon.colcon_core.shell:Creating package script '/home/hackathon-01/ros2/tutorials/path_tracking_sim_ros2/install/robot_control/share/robot_control/package.zsh'
[0.212s] Level 1:colcon.colcon_core.environment:create_file_with_runtime_dependencies(/home/hackathon-01/ros2/tutorials/path_tracking_sim_ros2/install/robot_control/share/colcon-core/packages/robot_control)
[0.213s] Level 1:colcon.colcon_core.environment:create_environment_scripts_only(robot_description)
[0.213s] Level 1:colcon.colcon_core.environment:checking '/home/hackathon-01/ros2/tutorials/path_tracking_sim_ros2/install/robot_description' for CMake module files
[0.213s] DEBUG:colcon.colcon_core.event_handler.log_command:Invoked command in '/home/hackathon-01/ros2/tutorials/path_tracking_sim_ros2/build/robot_description' returned '0': CMAKE_PREFIX_PATH=${CMAKE_PREFIX_PATH}:/opt/ros/jazzy /usr/bin/cmake --install /home/hackathon-01/ros2/tutorials/path_tracking_sim_ros2/build/robot_description
[0.213s] Level 1:colcon.colcon_core.environment:checking '/home/hackathon-01/ros2/tutorials/path_tracking_sim_ros2/install/robot_description' for CMake config files
[0.213s] Level 1:colcon.colcon_core.shell:create_environment_hook('robot_description', 'cmake_prefix_path')
[0.214s] INFO:colcon.colcon_core.shell:Creating environment hook '/home/hackathon-01/ros2/tutorials/path_tracking_sim_ros2/install/robot_description/share/robot_description/hook/cmake_prefix_path.ps1'
[0.214s] INFO:colcon.colcon_core.shell:Creating environment descriptor '/home/hackathon-01/ros2/tutorials/path_tracking_sim_ros2/install/robot_description/share/robot_description/hook/cmake_prefix_path.dsv'
[0.214s] INFO:colcon.colcon_core.shell:Creating environment hook '/home/hackathon-01/ros2/tutorials/path_tracking_sim_ros2/install/robot_description/share/robot_description/hook/cmake_prefix_path.sh'
[0.214s] Level 1:colcon.colcon_core.environment:checking '/home/hackathon-01/ros2/tutorials/path_tracking_sim_ros2/install/robot_description/bin'
[0.214s] Level 1:colcon.colcon_core.environment:checking '/home/hackathon-01/ros2/tutorials/path_tracking_sim_ros2/install/robot_description/lib/pkgconfig/robot_description.pc'
[0.214s] Level 1:colcon.colcon_core.environment:checking '/home/hackathon-01/ros2/tutorials/path_tracking_sim_ros2/install/robot_description/lib/python3.12/site-packages'
[0.215s] Level 1:colcon.colcon_core.environment:checking '/home/hackathon-01/ros2/tutorials/path_tracking_sim_ros2/install/robot_description/bin'
[0.215s] INFO:colcon.colcon_core.shell:Creating package script '/home/hackathon-01/ros2/tutorials/path_tracking_sim_ros2/install/robot_description/share/robot_description/package.ps1'
[0.215s] INFO:colcon.colcon_core.shell:Creating package descriptor '/home/hackathon-01/ros2/tutorials/path_tracking_sim_ros2/install/robot_description/share/robot_description/package.dsv'
[0.215s] INFO:colcon.colcon_core.shell:Creating package script '/home/hackathon-01/ros2/tutorials/path_tracking_sim_ros2/install/robot_description/share/robot_description/package.sh'
[0.215s] INFO:colcon.colcon_core.shell:Creating package script '/home/hackathon-01/ros2/tutorials/path_tracking_sim_ros2/install/robot_description/share/robot_description/package.bash'
[0.215s] INFO:colcon.colcon_core.shell:Creating package script '/home/hackathon-01/ros2/tutorials/path_tracking_sim_ros2/install/robot_description/share/robot_description/package.zsh'
[0.216s] Level 1:colcon.colcon_core.environment:create_file_with_runtime_dependencies(/home/hackathon-01/ros2/tutorials/path_tracking_sim_ros2/install/robot_description/share/colcon-core/packages/robot_description)
[0.216s] Level 1:colcon.colcon_core.environment:create_environment_scripts_only(robot_description)
[0.216s] Level 1:colcon.colcon_core.environment:checking '/home/hackathon-01/ros2/tutorials/path_tracking_sim_ros2/install/robot_description' for CMake module files
[0.216s] Level 1:colcon.colcon_core.environment:checking '/home/hackathon-01/ros2/tutorials/path_tracking_sim_ros2/install/robot_description' for CMake config files
[0.216s] Level 1:colcon.colcon_core.shell:create_environment_hook('robot_description', 'cmake_prefix_path')
[0.216s] INFO:colcon.colcon_core.shell:Creating environment hook '/home/hackathon-01/ros2/tutorials/path_tracking_sim_ros2/install/robot_description/share/robot_description/hook/cmake_prefix_path.ps1'
[0.216s] INFO:colcon.colcon_core.shell:Creating environment descriptor '/home/hackathon-01/ros2/tutorials/path_tracking_sim_ros2/install/robot_description/share/robot_description/hook/cmake_prefix_path.dsv'
[0.217s] INFO:colcon.colcon_core.shell:Creating environment hook '/home/hackathon-01/ros2/tutorials/path_tracking_sim_ros2/install/robot_description/share/robot_description/hook/cmake_prefix_path.sh'
[0.217s] Level 1:colcon.colcon_core.environment:checking '/home/hackathon-01/ros2/tutorials/path_tracking_sim_ros2/install/robot_description/bin'
[0.217s] Level 1:colcon.colcon_core.environment:checking '/home/hackathon-01/ros2/tutorials/path_tracking_sim_ros2/install/robot_description/lib/pkgconfig/robot_description.pc'
[0.217s] Level 1:colcon.colcon_core.environment:checking '/home/hackathon-01/ros2/tutorials/path_tracking_sim_ros2/install/robot_description/lib/python3.12/site-packages'
[0.217s] Level 1:colcon.colcon_core.environment:checking '/home/hackathon-01/ros2/tutorials/path_tracking_sim_ros2/install/robot_description/bin'
[0.217s] INFO:colcon.colcon_core.shell:Creating package script '/home/hackathon-01/ros2/tutorials/path_tracking_sim_ros2/install/robot_description/share/robot_description/package.ps1'
[0.218s] INFO:colcon.colcon_core.shell:Creating package descriptor '/home/hackathon-01/ros2/tutorials/path_tracking_sim_ros2/install/robot_description/share/robot_description/package.dsv'
[0.218s] INFO:colcon.colcon_core.shell:Creating package script '/home/hackathon-01/ros2/tutorials/path_tracking_sim_ros2/install/robot_description/share/robot_description/package.sh'
[0.218s] INFO:colcon.colcon_core.shell:Creating package script '/home/hackathon-01/ros2/tutorials/path_tracking_sim_ros2/install/robot_description/share/robot_description/package.bash'
[0.218s] INFO:colcon.colcon_core.shell:Creating package script '/home/hackathon-01/ros2/tutorials/path_tracking_sim_ros2/install/robot_description/share/robot_description/package.zsh'
[0.218s] Level 1:colcon.colcon_core.environment:create_file_with_runtime_dependencies(/home/hackathon-01/ros2/tutorials/path_tracking_sim_ros2/install/robot_description/share/colcon-core/packages/robot_description)
[0.218s] DEBUG:colcon.colcon_parallel_executor.executor.parallel:closing loop
[0.219s] DEBUG:colcon.colcon_parallel_executor.executor.parallel:loop closed
[0.219s] DEBUG:colcon.colcon_parallel_executor.executor.parallel:run_until_complete finished with '0'
[0.219s] DEBUG:colcon.colcon_core.event_reactor:joining thread
[0.224s] INFO:colcon.colcon_core.plugin_system:Skipping extension 'colcon_notification.desktop_notification.notify_send': Could not find 'notify-send'
[0.224s] INFO:colcon.colcon_core.plugin_system:Skipping extension 'colcon_notification.desktop_notification.terminal_notifier': Not used on non-Darwin systems
[0.224s] INFO:colcon.colcon_core.plugin_system:Skipping extension 'colcon_notification.desktop_notification.win32': Not used on non-Windows systems
[0.224s] INFO:colcon.colcon_notification.desktop_notification:Sending desktop notification using 'notify2'
[0.234s] DEBUG:colcon.colcon_notification.desktop_notification.notify2:Failed to initialize notify2: org.freedesktop.DBus.Error.ServiceUnknown: The name org.freedesktop.Notifications was not provided by any .service files
[0.234s] DEBUG:colcon.colcon_core.event_reactor:joined thread
[0.235s] INFO:colcon.colcon_core.shell:Creating prefix script '/home/hackathon-01/ros2/tutorials/path_tracking_sim_ros2/install/local_setup.ps1'
[0.235s] INFO:colcon.colcon_core.shell:Creating prefix util module '/home/hackathon-01/ros2/tutorials/path_tracking_sim_ros2/install/_local_setup_util_ps1.py'
[0.236s] INFO:colcon.colcon_core.shell:Creating prefix chain script '/home/hackathon-01/ros2/tutorials/path_tracking_sim_ros2/install/setup.ps1'
[0.236s] INFO:colcon.colcon_core.shell:Creating prefix script '/home/hackathon-01/ros2/tutorials/path_tracking_sim_ros2/install/local_setup.sh'
[0.236s] INFO:colcon.colcon_core.shell:Creating prefix util module '/home/hackathon-01/ros2/tutorials/path_tracking_sim_ros2/install/_local_setup_util_sh.py'
[0.237s] INFO:colcon.colcon_core.shell:Creating prefix chain script '/home/hackathon-01/ros2/tutorials/path_tracking_sim_ros2/install/setup.sh'
[0.237s] INFO:colcon.colcon_core.shell:Creating prefix script '/home/hackathon-01/ros2/tutorials/path_tracking_sim_ros2/install/local_setup.bash'
[0.238s] INFO:colcon.colcon_core.shell:Creating prefix chain script '/home/hackathon-01/ros2/tutorials/path_tracking_sim_ros2/install/setup.bash'
[0.238s] INFO:colcon.colcon_core.shell:Creating prefix script '/home/hackathon-01/ros2/tutorials/path_tracking_sim_ros2/install/local_setup.zsh'
[0.238s] INFO:colcon.colcon_core.shell:Creating prefix chain script '/home/hackathon-01/ros2/tutorials/path_tracking_sim_ros2/install/setup.zsh'
