[0.010s] Invoking command in '/home/hackathon-01/ros2/tutorials/path_tracking_sim_ros2/build/robot_control': CMAKE_PREFIX_PATH=${CMAKE_PREFIX_PATH}:/opt/ros/jazzy /usr/bin/cmake /home/hackathon-01/ros2/tutorials/path_tracking_sim_ros2/src/robot_control -DCMAKE_INSTALL_PREFIX=/home/hackathon-01/ros2/tutorials/path_tracking_sim_ros2/install/robot_control
[0.068s] -- The C compiler identification is GNU 13.3.0
[0.109s] -- The CXX compiler identification is GNU 13.3.0
[0.121s] -- Detecting C compiler ABI info
[0.191s] -- Detecting C compiler ABI info - done
[0.196s] -- Check for working C compiler: /usr/bin/cc - skipped
[0.196s] -- Detecting C compile features
[0.196s] -- Detecting C compile features - done
[0.204s] -- Detecting CXX compiler ABI info
[0.290s] -- Detecting CXX compiler ABI info - done
[0.300s] -- Check for working CXX compiler: /usr/bin/c++ - skipped
[0.300s] -- Detecting CXX compile features
[0.301s] -- Detecting CXX compile features - done
[0.306s] -- Found ament_cmake: 2.5.4 (/opt/ros/jazzy/share/ament_cmake/cmake)
[0.424s] -- Found Python3: /usr/bin/python3 (found version "3.12.3") found components: Interpreter 
[0.520s] -- Found ament_lint_auto: 0.17.3 (/opt/ros/jazzy/share/ament_lint_auto/cmake)
[0.596s] -- Added test 'copyright' to check source files copyright and LICENSE
[0.597s] -- Added test 'flake8' to check Python code syntax and style conventions
[0.597s] -- Configured 'flake8' exclude dirs and/or files: 
[0.598s] -- Added test 'lint_cmake' to check CMake code style
[0.598s] -- Added test 'pep257' to check Python code against some of the docstring style conventions in PEP 257
[0.599s] -- Added test 'xmllint' to check XML markup files
[0.600s] -- Configuring done (0.6s)
[0.602s] -- Generating done (0.0s)
[0.603s] -- Build files have been written to: /home/hackathon-01/ros2/tutorials/path_tracking_sim_ros2/build/robot_control
[0.606s] Invoked command in '/home/hackathon-01/ros2/tutorials/path_tracking_sim_ros2/build/robot_control' returned '0': CMAKE_PREFIX_PATH=${CMAKE_PREFIX_PATH}:/opt/ros/jazzy /usr/bin/cmake /home/hackathon-01/ros2/tutorials/path_tracking_sim_ros2/src/robot_control -DCMAKE_INSTALL_PREFIX=/home/hackathon-01/ros2/tutorials/path_tracking_sim_ros2/install/robot_control
[0.608s] Invoking command in '/home/hackathon-01/ros2/tutorials/path_tracking_sim_ros2/build/robot_control': CMAKE_PREFIX_PATH=${CMAKE_PREFIX_PATH}:/opt/ros/jazzy /usr/bin/cmake --build /home/hackathon-01/ros2/tutorials/path_tracking_sim_ros2/build/robot_control -- -j22 -l22
[0.650s] Invoked command in '/home/hackathon-01/ros2/tutorials/path_tracking_sim_ros2/build/robot_control' returned '0': CMAKE_PREFIX_PATH=${CMAKE_PREFIX_PATH}:/opt/ros/jazzy /usr/bin/cmake --build /home/hackathon-01/ros2/tutorials/path_tracking_sim_ros2/build/robot_control -- -j22 -l22
[0.651s] Invoking command in '/home/hackathon-01/ros2/tutorials/path_tracking_sim_ros2/build/robot_control': CMAKE_PREFIX_PATH=${CMAKE_PREFIX_PATH}:/opt/ros/jazzy /usr/bin/cmake --install /home/hackathon-01/ros2/tutorials/path_tracking_sim_ros2/build/robot_control
[0.656s] -- Install configuration: ""
[0.656s] -- Installing: /home/hackathon-01/ros2/tutorials/path_tracking_sim_ros2/install/robot_control/share/robot_control//scripts
[0.656s] -- Installing: /home/hackathon-01/ros2/tutorials/path_tracking_sim_ros2/install/robot_control/share/robot_control//scripts/pure_pursuit.py
[0.656s] -- Installing: /home/hackathon-01/ros2/tutorials/path_tracking_sim_ros2/install/robot_control/share/robot_control//scripts/model_predictive_control.py
[0.657s] -- Installing: /home/hackathon-01/ros2/tutorials/path_tracking_sim_ros2/install/robot_control/lib/robot_control/pure_pursuit.py
[0.657s] -- Installing: /home/hackathon-01/ros2/tutorials/path_tracking_sim_ros2/install/robot_control/lib/robot_control/model_predictive_control.py
[0.657s] -- Installing: /home/hackathon-01/ros2/tutorials/path_tracking_sim_ros2/install/robot_control/share/ament_index/resource_index/package_run_dependencies/robot_control
[0.657s] -- Installing: /home/hackathon-01/ros2/tutorials/path_tracking_sim_ros2/install/robot_control/share/ament_index/resource_index/parent_prefix_path/robot_control
[0.657s] -- Installing: /home/hackathon-01/ros2/tutorials/path_tracking_sim_ros2/install/robot_control/share/robot_control/environment/ament_prefix_path.sh
[0.657s] -- Installing: /home/hackathon-01/ros2/tutorials/path_tracking_sim_ros2/install/robot_control/share/robot_control/environment/ament_prefix_path.dsv
[0.657s] -- Installing: /home/hackathon-01/ros2/tutorials/path_tracking_sim_ros2/install/robot_control/share/robot_control/environment/path.sh
[0.657s] -- Installing: /home/hackathon-01/ros2/tutorials/path_tracking_sim_ros2/install/robot_control/share/robot_control/environment/path.dsv
[0.657s] -- Installing: /home/hackathon-01/ros2/tutorials/path_tracking_sim_ros2/install/robot_control/share/robot_control/local_setup.bash
[0.658s] -- Installing: /home/hackathon-01/ros2/tutorials/path_tracking_sim_ros2/install/robot_control/share/robot_control/local_setup.sh
[0.658s] -- Installing: /home/hackathon-01/ros2/tutorials/path_tracking_sim_ros2/install/robot_control/share/robot_control/local_setup.zsh
[0.658s] -- Installing: /home/hackathon-01/ros2/tutorials/path_tracking_sim_ros2/install/robot_control/share/robot_control/local_setup.dsv
[0.658s] -- Installing: /home/hackathon-01/ros2/tutorials/path_tracking_sim_ros2/install/robot_control/share/robot_control/package.dsv
[0.658s] -- Installing: /home/hackathon-01/ros2/tutorials/path_tracking_sim_ros2/install/robot_control/share/ament_index/resource_index/packages/robot_control
[0.658s] -- Installing: /home/hackathon-01/ros2/tutorials/path_tracking_sim_ros2/install/robot_control/share/robot_control/cmake/robot_controlConfig.cmake
[0.658s] -- Installing: /home/hackathon-01/ros2/tutorials/path_tracking_sim_ros2/install/robot_control/share/robot_control/cmake/robot_controlConfig-version.cmake
[0.658s] -- Installing: /home/hackathon-01/ros2/tutorials/path_tracking_sim_ros2/install/robot_control/share/robot_control/package.xml
[0.670s] Invoked command in '/home/hackathon-01/ros2/tutorials/path_tracking_sim_ros2/build/robot_control' returned '0': CMAKE_PREFIX_PATH=${CMAKE_PREFIX_PATH}:/opt/ros/jazzy /usr/bin/cmake --install /home/hackathon-01/ros2/tutorials/path_tracking_sim_ros2/build/robot_control
