[0.013s] Invoking command in '/home/hackathon-01/ros2/tutorials/path_tracking_sim_ros2/build/robot_description': CMAKE_PREFIX_PATH=${CMAKE_PREFIX_PATH}:/opt/ros/jazzy /usr/bin/cmake --build /home/hackathon-01/ros2/tutorials/path_tracking_sim_ros2/build/robot_description -- -j22 -l22
[0.076s] Invoked command in '/home/hackathon-01/ros2/tutorials/path_tracking_sim_ros2/build/robot_description' returned '0': CMAKE_PREFIX_PATH=${CMAKE_PREFIX_PATH}:/opt/ros/jazzy /usr/bin/cmake --build /home/hackathon-01/ros2/tutorials/path_tracking_sim_ros2/build/robot_description -- -j22 -l22
[0.090s] Invoking command in '/home/hackathon-01/ros2/tutorials/path_tracking_sim_ros2/build/robot_description': CMAKE_PREFIX_PATH=${CMAKE_PREFIX_PATH}:/opt/ros/jazzy /usr/bin/cmake --install /home/hackathon-01/ros2/tutorials/path_tracking_sim_ros2/build/robot_description
[0.101s] -- Install configuration: ""
[0.102s] -- Up-to-date: /home/hackathon-01/ros2/tutorials/path_tracking_sim_ros2/install/robot_description/share/robot_description//robot
[0.102s] -- Up-to-date: /home/hackathon-01/ros2/tutorials/path_tracking_sim_ros2/install/robot_description/share/robot_description//robot/parts
[0.103s] -- Up-to-date: /home/hackathon-01/ros2/tutorials/path_tracking_sim_ros2/install/robot_description/share/robot_description//robot/parts/base
[0.103s] -- Up-to-date: /home/hackathon-01/ros2/tutorials/path_tracking_sim_ros2/install/robot_description/share/robot_description//robot/parts/base/base.xacro
[0.103s] -- Up-to-date: /home/hackathon-01/ros2/tutorials/path_tracking_sim_ros2/install/robot_description/share/robot_description//robot/parts/base/base.gazebo
[0.103s] -- Up-to-date: /home/hackathon-01/ros2/tutorials/path_tracking_sim_ros2/install/robot_description/share/robot_description//robot/parts/wheel
[0.103s] -- Up-to-date: /home/hackathon-01/ros2/tutorials/path_tracking_sim_ros2/install/robot_description/share/robot_description//robot/parts/wheel/wheel.xacro
[0.103s] -- Up-to-date: /home/hackathon-01/ros2/tutorials/path_tracking_sim_ros2/install/robot_description/share/robot_description//robot/parts/wheel/wheel.gazebo
[0.104s] -- Up-to-date: /home/hackathon-01/ros2/tutorials/path_tracking_sim_ros2/install/robot_description/share/robot_description//robot/parts/knuckle
[0.104s] -- Up-to-date: /home/hackathon-01/ros2/tutorials/path_tracking_sim_ros2/install/robot_description/share/robot_description//robot/parts/knuckle/knuckle.gazebo
[0.104s] -- Up-to-date: /home/hackathon-01/ros2/tutorials/path_tracking_sim_ros2/install/robot_description/share/robot_description//robot/parts/knuckle/knuckle.xacro
[0.104s] -- Up-to-date: /home/hackathon-01/ros2/tutorials/path_tracking_sim_ros2/install/robot_description/share/robot_description//robot/robot_control_gazebo.xacro
[0.104s] -- Up-to-date: /home/hackathon-01/ros2/tutorials/path_tracking_sim_ros2/install/robot_description/share/robot_description//robot/robot.xacro
[0.104s] -- Up-to-date: /home/hackathon-01/ros2/tutorials/path_tracking_sim_ros2/install/robot_description/share/robot_description//meshes
[0.104s] -- Up-to-date: /home/hackathon-01/ros2/tutorials/path_tracking_sim_ros2/install/robot_description/share/robot_description//meshes/DAE
[0.105s] -- Up-to-date: /home/hackathon-01/ros2/tutorials/path_tracking_sim_ros2/install/robot_description/share/robot_description//meshes/DAE/base
[0.105s] -- Up-to-date: /home/hackathon-01/ros2/tutorials/path_tracking_sim_ros2/install/robot_description/share/robot_description//meshes/DAE/base/base_link.png
[0.105s] -- Up-to-date: /home/hackathon-01/ros2/tutorials/path_tracking_sim_ros2/install/robot_description/share/robot_description//meshes/DAE/base/base_link.dae
[0.105s] -- Up-to-date: /home/hackathon-01/ros2/tutorials/path_tracking_sim_ros2/install/robot_description/share/robot_description//meshes/DAE/wheel
[0.105s] -- Up-to-date: /home/hackathon-01/ros2/tutorials/path_tracking_sim_ros2/install/robot_description/share/robot_description//meshes/DAE/wheel/wheel.dae
[0.105s] -- Up-to-date: /home/hackathon-01/ros2/tutorials/path_tracking_sim_ros2/install/robot_description/share/robot_description//meshes/DAE/nuckle
[0.105s] -- Up-to-date: /home/hackathon-01/ros2/tutorials/path_tracking_sim_ros2/install/robot_description/share/robot_description//meshes/DAE/nuckle/knuckle.dae
[0.105s] -- Up-to-date: /home/hackathon-01/ros2/tutorials/path_tracking_sim_ros2/install/robot_description/share/robot_description//meshes/STL
[0.106s] -- Up-to-date: /home/hackathon-01/ros2/tutorials/path_tracking_sim_ros2/install/robot_description/share/robot_description//meshes/STL/base
[0.106s] -- Up-to-date: /home/hackathon-01/ros2/tutorials/path_tracking_sim_ros2/install/robot_description/share/robot_description//meshes/STL/base/base_link.stl
[0.106s] -- Up-to-date: /home/hackathon-01/ros2/tutorials/path_tracking_sim_ros2/install/robot_description/share/robot_description//meshes/STL/wheel
[0.106s] -- Up-to-date: /home/hackathon-01/ros2/tutorials/path_tracking_sim_ros2/install/robot_description/share/robot_description//meshes/STL/wheel/wheel.stl
[0.106s] -- Up-to-date: /home/hackathon-01/ros2/tutorials/path_tracking_sim_ros2/install/robot_description/share/robot_description//meshes/STL/knuckle
[0.106s] -- Up-to-date: /home/hackathon-01/ros2/tutorials/path_tracking_sim_ros2/install/robot_description/share/robot_description//meshes/STL/knuckle/knuckle.stl
[0.106s] -- Up-to-date: /home/hackathon-01/ros2/tutorials/path_tracking_sim_ros2/install/robot_description/share/robot_description//config
[0.107s] -- Up-to-date: /home/hackathon-01/ros2/tutorials/path_tracking_sim_ros2/install/robot_description/share/robot_description//config/robot_controller.yaml
[0.107s] -- Up-to-date: /home/hackathon-01/ros2/tutorials/path_tracking_sim_ros2/install/robot_description/share/ament_index/resource_index/package_run_dependencies/robot_description
[0.107s] -- Up-to-date: /home/hackathon-01/ros2/tutorials/path_tracking_sim_ros2/install/robot_description/share/ament_index/resource_index/parent_prefix_path/robot_description
[0.107s] -- Up-to-date: /home/hackathon-01/ros2/tutorials/path_tracking_sim_ros2/install/robot_description/share/robot_description/environment/ament_prefix_path.sh
[0.107s] -- Up-to-date: /home/hackathon-01/ros2/tutorials/path_tracking_sim_ros2/install/robot_description/share/robot_description/environment/ament_prefix_path.dsv
[0.107s] -- Up-to-date: /home/hackathon-01/ros2/tutorials/path_tracking_sim_ros2/install/robot_description/share/robot_description/environment/path.sh
[0.107s] -- Up-to-date: /home/hackathon-01/ros2/tutorials/path_tracking_sim_ros2/install/robot_description/share/robot_description/environment/path.dsv
[0.107s] -- Up-to-date: /home/hackathon-01/ros2/tutorials/path_tracking_sim_ros2/install/robot_description/share/robot_description/local_setup.bash
[0.107s] -- Up-to-date: /home/hackathon-01/ros2/tutorials/path_tracking_sim_ros2/install/robot_description/share/robot_description/local_setup.sh
[0.107s] -- Up-to-date: /home/hackathon-01/ros2/tutorials/path_tracking_sim_ros2/install/robot_description/share/robot_description/local_setup.zsh
[0.108s] -- Up-to-date: /home/hackathon-01/ros2/tutorials/path_tracking_sim_ros2/install/robot_description/share/robot_description/local_setup.dsv
[0.108s] -- Installing: /home/hackathon-01/ros2/tutorials/path_tracking_sim_ros2/install/robot_description/share/robot_description/package.dsv
[0.108s] -- Up-to-date: /home/hackathon-01/ros2/tutorials/path_tracking_sim_ros2/install/robot_description/share/ament_index/resource_index/packages/robot_description
[0.108s] -- Up-to-date: /home/hackathon-01/ros2/tutorials/path_tracking_sim_ros2/install/robot_description/share/robot_description/cmake/robot_descriptionConfig.cmake
[0.108s] -- Up-to-date: /home/hackathon-01/ros2/tutorials/path_tracking_sim_ros2/install/robot_description/share/robot_description/cmake/robot_descriptionConfig-version.cmake
[0.108s] -- Up-to-date: /home/hackathon-01/ros2/tutorials/path_tracking_sim_ros2/install/robot_description/share/robot_description/package.xml
[0.116s] Invoked command in '/home/hackathon-01/ros2/tutorials/path_tracking_sim_ros2/build/robot_description' returned '0': CMAKE_PREFIX_PATH=${CMAKE_PREFIX_PATH}:/opt/ros/jazzy /usr/bin/cmake --install /home/hackathon-01/ros2/tutorials/path_tracking_sim_ros2/build/robot_description
