[0.008s] Invoking command in '/home/hackathon-01/ros2/tutorials/path_tracking_sim_ros2/build/robot_description': CMAKE_PREFIX_PATH=${CMAKE_PREFIX_PATH}:/opt/ros/jazzy /usr/bin/cmake /home/hackathon-01/ros2/tutorials/path_tracking_sim_ros2/src/robot_simulation/robot_description -DCMAKE_INSTALL_PREFIX=/home/hackathon-01/ros2/tutorials/path_tracking_sim_ros2/install/robot_description
[0.068s] -- The C compiler identification is GNU 13.3.0
[0.117s] -- The CXX compiler identification is GNU 13.3.0
[0.133s] -- Detecting C compiler ABI info
[0.207s] -- Detecting C compiler ABI info - done
[0.213s] -- Check for working C compiler: /usr/bin/cc - skipped
[0.213s] -- Detecting C compile features
[0.213s] -- Detecting C compile features - done
[0.219s] -- Detecting CXX compiler ABI info
[0.298s] -- Detecting CXX compiler ABI info - done
[0.304s] -- Check for working CXX compiler: /usr/bin/c++ - skipped
[0.304s] -- Detecting CXX compile features
[0.304s] -- Detecting CXX compile features - done
[0.308s] -- Found ament_cmake: 2.5.4 (/opt/ros/jazzy/share/ament_cmake/cmake)
[0.419s] -- Found Python3: /usr/bin/python3 (found version "3.12.3") found components: Interpreter 
[0.516s] -- Found urdf: 2.10.0 (/opt/ros/jazzy/share/urdf/cmake)
[0.552s] -- Found TinyXML2 via Config file: /usr/lib/x86_64-linux-gnu/cmake/tinyxml2
[0.561s] -- Found ament_lint_auto: 0.17.3 (/opt/ros/jazzy/share/ament_lint_auto/cmake)
[0.638s] -- Added test 'copyright' to check source files copyright and LICENSE
[0.641s] -- Added test 'lint_cmake' to check CMake code style
[0.643s] -- Added test 'xmllint' to check XML markup files
[0.644s] -- Configuring done (0.6s)
[0.646s] -- Generating done (0.0s)
[0.647s] -- Build files have been written to: /home/hackathon-01/ros2/tutorials/path_tracking_sim_ros2/build/robot_description
[0.650s] Invoked command in '/home/hackathon-01/ros2/tutorials/path_tracking_sim_ros2/build/robot_description' returned '0': CMAKE_PREFIX_PATH=${CMAKE_PREFIX_PATH}:/opt/ros/jazzy /usr/bin/cmake /home/hackathon-01/ros2/tutorials/path_tracking_sim_ros2/src/robot_simulation/robot_description -DCMAKE_INSTALL_PREFIX=/home/hackathon-01/ros2/tutorials/path_tracking_sim_ros2/install/robot_description
[0.650s] Invoking command in '/home/hackathon-01/ros2/tutorials/path_tracking_sim_ros2/build/robot_description': CMAKE_PREFIX_PATH=${CMAKE_PREFIX_PATH}:/opt/ros/jazzy /usr/bin/cmake --build /home/hackathon-01/ros2/tutorials/path_tracking_sim_ros2/build/robot_description -- -j22 -l22
[0.677s] Invoked command in '/home/hackathon-01/ros2/tutorials/path_tracking_sim_ros2/build/robot_description' returned '0': CMAKE_PREFIX_PATH=${CMAKE_PREFIX_PATH}:/opt/ros/jazzy /usr/bin/cmake --build /home/hackathon-01/ros2/tutorials/path_tracking_sim_ros2/build/robot_description -- -j22 -l22
[0.678s] Invoking command in '/home/hackathon-01/ros2/tutorials/path_tracking_sim_ros2/build/robot_description': CMAKE_PREFIX_PATH=${CMAKE_PREFIX_PATH}:/opt/ros/jazzy /usr/bin/cmake --install /home/hackathon-01/ros2/tutorials/path_tracking_sim_ros2/build/robot_description
[0.684s] -- Install configuration: ""
[0.684s] -- Installing: /home/hackathon-01/ros2/tutorials/path_tracking_sim_ros2/install/robot_description/share/robot_description//robot
[0.684s] -- Installing: /home/hackathon-01/ros2/tutorials/path_tracking_sim_ros2/install/robot_description/share/robot_description//robot/parts
[0.684s] -- Installing: /home/hackathon-01/ros2/tutorials/path_tracking_sim_ros2/install/robot_description/share/robot_description//robot/parts/base
[0.684s] -- Installing: /home/hackathon-01/ros2/tutorials/path_tracking_sim_ros2/install/robot_description/share/robot_description//robot/parts/base/base.xacro
[0.684s] -- Installing: /home/hackathon-01/ros2/tutorials/path_tracking_sim_ros2/install/robot_description/share/robot_description//robot/parts/base/base.gazebo
[0.684s] -- Installing: /home/hackathon-01/ros2/tutorials/path_tracking_sim_ros2/install/robot_description/share/robot_description//robot/parts/wheel
[0.684s] -- Installing: /home/hackathon-01/ros2/tutorials/path_tracking_sim_ros2/install/robot_description/share/robot_description//robot/parts/wheel/wheel.xacro
[0.684s] -- Installing: /home/hackathon-01/ros2/tutorials/path_tracking_sim_ros2/install/robot_description/share/robot_description//robot/parts/wheel/wheel.gazebo
[0.684s] -- Installing: /home/hackathon-01/ros2/tutorials/path_tracking_sim_ros2/install/robot_description/share/robot_description//robot/parts/knuckle
[0.685s] -- Installing: /home/hackathon-01/ros2/tutorials/path_tracking_sim_ros2/install/robot_description/share/robot_description//robot/parts/knuckle/knuckle.gazebo
[0.685s] -- Installing: /home/hackathon-01/ros2/tutorials/path_tracking_sim_ros2/install/robot_description/share/robot_description//robot/parts/knuckle/knuckle.xacro
[0.685s] -- Installing: /home/hackathon-01/ros2/tutorials/path_tracking_sim_ros2/install/robot_description/share/robot_description//robot/robot_control_gazebo.xacro
[0.685s] -- Installing: /home/hackathon-01/ros2/tutorials/path_tracking_sim_ros2/install/robot_description/share/robot_description//robot/robot.xacro
[0.685s] -- Installing: /home/hackathon-01/ros2/tutorials/path_tracking_sim_ros2/install/robot_description/share/robot_description//meshes
[0.685s] -- Installing: /home/hackathon-01/ros2/tutorials/path_tracking_sim_ros2/install/robot_description/share/robot_description//meshes/DAE
[0.685s] -- Installing: /home/hackathon-01/ros2/tutorials/path_tracking_sim_ros2/install/robot_description/share/robot_description//meshes/DAE/base
[0.685s] -- Installing: /home/hackathon-01/ros2/tutorials/path_tracking_sim_ros2/install/robot_description/share/robot_description//meshes/DAE/base/base_link.png
[0.685s] -- Installing: /home/hackathon-01/ros2/tutorials/path_tracking_sim_ros2/install/robot_description/share/robot_description//meshes/DAE/base/base_link.dae
[0.685s] -- Installing: /home/hackathon-01/ros2/tutorials/path_tracking_sim_ros2/install/robot_description/share/robot_description//meshes/DAE/wheel
[0.685s] -- Installing: /home/hackathon-01/ros2/tutorials/path_tracking_sim_ros2/install/robot_description/share/robot_description//meshes/DAE/wheel/wheel.dae
[0.685s] -- Installing: /home/hackathon-01/ros2/tutorials/path_tracking_sim_ros2/install/robot_description/share/robot_description//meshes/DAE/nuckle
[0.686s] -- Installing: /home/hackathon-01/ros2/tutorials/path_tracking_sim_ros2/install/robot_description/share/robot_description//meshes/DAE/nuckle/knuckle.dae
[0.686s] -- Installing: /home/hackathon-01/ros2/tutorials/path_tracking_sim_ros2/install/robot_description/share/robot_description//meshes/STL
[0.686s] -- Installing: /home/hackathon-01/ros2/tutorials/path_tracking_sim_ros2/install/robot_description/share/robot_description//meshes/STL/base
[0.686s] -- Installing: /home/hackathon-01/ros2/tutorials/path_tracking_sim_ros2/install/robot_description/share/robot_description//meshes/STL/base/base_link.stl
[0.686s] -- Installing: /home/hackathon-01/ros2/tutorials/path_tracking_sim_ros2/install/robot_description/share/robot_description//meshes/STL/wheel
[0.686s] -- Installing: /home/hackathon-01/ros2/tutorials/path_tracking_sim_ros2/install/robot_description/share/robot_description//meshes/STL/wheel/wheel.stl
[0.686s] -- Installing: /home/hackathon-01/ros2/tutorials/path_tracking_sim_ros2/install/robot_description/share/robot_description//meshes/STL/knuckle
[0.686s] -- Installing: /home/hackathon-01/ros2/tutorials/path_tracking_sim_ros2/install/robot_description/share/robot_description//meshes/STL/knuckle/knuckle.stl
[0.686s] -- Installing: /home/hackathon-01/ros2/tutorials/path_tracking_sim_ros2/install/robot_description/share/robot_description//config
[0.686s] -- Installing: /home/hackathon-01/ros2/tutorials/path_tracking_sim_ros2/install/robot_description/share/robot_description//config/robot_controller.yaml
[0.686s] -- Installing: /home/hackathon-01/ros2/tutorials/path_tracking_sim_ros2/install/robot_description/share/ament_index/resource_index/package_run_dependencies/robot_description
[0.687s] -- Installing: /home/hackathon-01/ros2/tutorials/path_tracking_sim_ros2/install/robot_description/share/ament_index/resource_index/parent_prefix_path/robot_description
[0.687s] -- Installing: /home/hackathon-01/ros2/tutorials/path_tracking_sim_ros2/install/robot_description/share/robot_description/environment/ament_prefix_path.sh
[0.687s] -- Installing: /home/hackathon-01/ros2/tutorials/path_tracking_sim_ros2/install/robot_description/share/robot_description/environment/ament_prefix_path.dsv
[0.687s] -- Installing: /home/hackathon-01/ros2/tutorials/path_tracking_sim_ros2/install/robot_description/share/robot_description/environment/path.sh
[0.687s] -- Installing: /home/hackathon-01/ros2/tutorials/path_tracking_sim_ros2/install/robot_description/share/robot_description/environment/path.dsv
[0.687s] -- Installing: /home/hackathon-01/ros2/tutorials/path_tracking_sim_ros2/install/robot_description/share/robot_description/local_setup.bash
[0.687s] -- Installing: /home/hackathon-01/ros2/tutorials/path_tracking_sim_ros2/install/robot_description/share/robot_description/local_setup.sh
[0.687s] -- Installing: /home/hackathon-01/ros2/tutorials/path_tracking_sim_ros2/install/robot_description/share/robot_description/local_setup.zsh
[0.687s] -- Installing: /home/hackathon-01/ros2/tutorials/path_tracking_sim_ros2/install/robot_description/share/robot_description/local_setup.dsv
[0.687s] -- Installing: /home/hackathon-01/ros2/tutorials/path_tracking_sim_ros2/install/robot_description/share/robot_description/package.dsv
[0.688s] -- Installing: /home/hackathon-01/ros2/tutorials/path_tracking_sim_ros2/install/robot_description/share/ament_index/resource_index/packages/robot_description
[0.688s] -- Installing: /home/hackathon-01/ros2/tutorials/path_tracking_sim_ros2/install/robot_description/share/robot_description/cmake/robot_descriptionConfig.cmake
[0.688s] -- Installing: /home/hackathon-01/ros2/tutorials/path_tracking_sim_ros2/install/robot_description/share/robot_description/cmake/robot_descriptionConfig-version.cmake
[0.688s] -- Installing: /home/hackathon-01/ros2/tutorials/path_tracking_sim_ros2/install/robot_description/share/robot_description/package.xml
[0.689s] Invoked command in '/home/hackathon-01/ros2/tutorials/path_tracking_sim_ros2/build/robot_description' returned '0': CMAKE_PREFIX_PATH=${CMAKE_PREFIX_PATH}:/opt/ros/jazzy /usr/bin/cmake --install /home/hackathon-01/ros2/tutorials/path_tracking_sim_ros2/build/robot_description
