[0.013s] Invoking command in '/home/hackathon-01/ros2/tutorials/harmonic_gui/build/robot_description': CMAKE_PREFIX_PATH=${CMAKE_PREFIX_PATH}:/opt/ros/jazzy /usr/bin/cmake /home/hackathon-01/ros2/tutorials/harmonic_gui/src/robot_simulation/robot_description -DCMAKE_INSTALL_PREFIX=/home/hackathon-01/ros2/tutorials/harmonic_gui/install/robot_description
[0.104s] -- The C compiler identification is GNU 13.3.0
[0.179s] -- The CXX compiler identification is GNU 13.3.0
[0.208s] -- Detecting C compiler ABI info
[0.343s] -- Detecting C compiler ABI info - done
[0.353s] -- Check for working C compiler: /usr/bin/cc - skipped
[0.355s] -- Detecting C compile features
[0.355s] -- Detecting C compile features - done
[0.370s] -- Detecting CXX compiler ABI info
[0.508s] -- Detecting CXX compiler ABI info - done
[0.523s] -- Check for working CXX compiler: /usr/bin/c++ - skipped
[0.524s] -- Detecting CXX compile features
[0.524s] -- Detecting CXX compile features - done
[0.529s] -- Found ament_cmake: 2.5.4 (/opt/ros/jazzy/share/ament_cmake/cmake)
[0.735s] -- Found Python3: /usr/bin/python3 (found version "3.12.3") found components: Interpreter 
[0.897s] -- Found urdf: 2.10.0 (/opt/ros/jazzy/share/urdf/cmake)
[0.961s] -- Found TinyXML2 via Config file: /usr/lib/x86_64-linux-gnu/cmake/tinyxml2
[0.978s] -- Found ament_lint_auto: 0.17.3 (/opt/ros/jazzy/share/ament_lint_auto/cmake)
[1.123s] -- Added test 'copyright' to check source files copyright and LICENSE
[1.129s] -- Added test 'lint_cmake' to check CMake code style
[1.132s] -- Added test 'xmllint' to check XML markup files
[1.135s] -- Configuring done (1.1s)
[1.139s] -- Generating done (0.0s)
[1.142s] -- Build files have been written to: /home/hackathon-01/ros2/tutorials/harmonic_gui/build/robot_description
[1.162s] Invoked command in '/home/hackathon-01/ros2/tutorials/harmonic_gui/build/robot_description' returned '0': CMAKE_PREFIX_PATH=${CMAKE_PREFIX_PATH}:/opt/ros/jazzy /usr/bin/cmake /home/hackathon-01/ros2/tutorials/harmonic_gui/src/robot_simulation/robot_description -DCMAKE_INSTALL_PREFIX=/home/hackathon-01/ros2/tutorials/harmonic_gui/install/robot_description
[1.166s] Invoking command in '/home/hackathon-01/ros2/tutorials/harmonic_gui/build/robot_description': CMAKE_PREFIX_PATH=${CMAKE_PREFIX_PATH}:/opt/ros/jazzy /usr/bin/cmake --build /home/hackathon-01/ros2/tutorials/harmonic_gui/build/robot_description -- -j22 -l22
[1.208s] Invoked command in '/home/hackathon-01/ros2/tutorials/harmonic_gui/build/robot_description' returned '0': CMAKE_PREFIX_PATH=${CMAKE_PREFIX_PATH}:/opt/ros/jazzy /usr/bin/cmake --build /home/hackathon-01/ros2/tutorials/harmonic_gui/build/robot_description -- -j22 -l22
[1.209s] Invoking command in '/home/hackathon-01/ros2/tutorials/harmonic_gui/build/robot_description': CMAKE_PREFIX_PATH=${CMAKE_PREFIX_PATH}:/opt/ros/jazzy /usr/bin/cmake --install /home/hackathon-01/ros2/tutorials/harmonic_gui/build/robot_description
[1.222s] -- Install configuration: ""
[1.222s] -- Installing: /home/hackathon-01/ros2/tutorials/harmonic_gui/install/robot_description/share/robot_description//robot
[1.222s] -- Installing: /home/hackathon-01/ros2/tutorials/harmonic_gui/install/robot_description/share/robot_description//robot/parts
[1.222s] -- Installing: /home/hackathon-01/ros2/tutorials/harmonic_gui/install/robot_description/share/robot_description//robot/parts/base
[1.222s] -- Installing: /home/hackathon-01/ros2/tutorials/harmonic_gui/install/robot_description/share/robot_description//robot/parts/base/base.xacro
[1.222s] -- Installing: /home/hackathon-01/ros2/tutorials/harmonic_gui/install/robot_description/share/robot_description//robot/parts/base/base.gazebo
[1.223s] -- Installing: /home/hackathon-01/ros2/tutorials/harmonic_gui/install/robot_description/share/robot_description//robot/parts/wheel
[1.223s] -- Installing: /home/hackathon-01/ros2/tutorials/harmonic_gui/install/robot_description/share/robot_description//robot/parts/wheel/wheel.xacro
[1.223s] -- Installing: /home/hackathon-01/ros2/tutorials/harmonic_gui/install/robot_description/share/robot_description//robot/parts/wheel/wheel.gazebo
[1.223s] -- Installing: /home/hackathon-01/ros2/tutorials/harmonic_gui/install/robot_description/share/robot_description//robot/parts/knuckle
[1.224s] -- Installing: /home/hackathon-01/ros2/tutorials/harmonic_gui/install/robot_description/share/robot_description//robot/parts/knuckle/knuckle.gazebo
[1.224s] -- Installing: /home/hackathon-01/ros2/tutorials/harmonic_gui/install/robot_description/share/robot_description//robot/parts/knuckle/knuckle.xacro
[1.224s] -- Installing: /home/hackathon-01/ros2/tutorials/harmonic_gui/install/robot_description/share/robot_description//robot/robot_control_gazebo.xacro
[1.224s] -- Installing: /home/hackathon-01/ros2/tutorials/harmonic_gui/install/robot_description/share/robot_description//robot/robot.xacro
[1.224s] -- Installing: /home/hackathon-01/ros2/tutorials/harmonic_gui/install/robot_description/share/robot_description//meshes
[1.224s] -- Installing: /home/hackathon-01/ros2/tutorials/harmonic_gui/install/robot_description/share/robot_description//meshes/DAE
[1.224s] -- Installing: /home/hackathon-01/ros2/tutorials/harmonic_gui/install/robot_description/share/robot_description//meshes/DAE/base
[1.225s] -- Installing: /home/hackathon-01/ros2/tutorials/harmonic_gui/install/robot_description/share/robot_description//meshes/DAE/base/base_link.png
[1.225s] -- Installing: /home/hackathon-01/ros2/tutorials/harmonic_gui/install/robot_description/share/robot_description//meshes/DAE/base/base_link.dae
[1.225s] -- Installing: /home/hackathon-01/ros2/tutorials/harmonic_gui/install/robot_description/share/robot_description//meshes/DAE/wheel
[1.225s] -- Installing: /home/hackathon-01/ros2/tutorials/harmonic_gui/install/robot_description/share/robot_description//meshes/DAE/wheel/wheel.dae
[1.225s] -- Installing: /home/hackathon-01/ros2/tutorials/harmonic_gui/install/robot_description/share/robot_description//meshes/DAE/nuckle
[1.226s] -- Installing: /home/hackathon-01/ros2/tutorials/harmonic_gui/install/robot_description/share/robot_description//meshes/DAE/nuckle/knuckle.dae
[1.226s] -- Installing: /home/hackathon-01/ros2/tutorials/harmonic_gui/install/robot_description/share/robot_description//meshes/STL
[1.226s] -- Installing: /home/hackathon-01/ros2/tutorials/harmonic_gui/install/robot_description/share/robot_description//meshes/STL/base
[1.226s] -- Installing: /home/hackathon-01/ros2/tutorials/harmonic_gui/install/robot_description/share/robot_description//meshes/STL/base/base_link.stl
[1.226s] -- Installing: /home/hackathon-01/ros2/tutorials/harmonic_gui/install/robot_description/share/robot_description//meshes/STL/wheel
[1.226s] -- Installing: /home/hackathon-01/ros2/tutorials/harmonic_gui/install/robot_description/share/robot_description//meshes/STL/wheel/wheel.stl
[1.226s] -- Installing: /home/hackathon-01/ros2/tutorials/harmonic_gui/install/robot_description/share/robot_description//meshes/STL/knuckle
[1.227s] -- Installing: /home/hackathon-01/ros2/tutorials/harmonic_gui/install/robot_description/share/robot_description//meshes/STL/knuckle/knuckle.stl
[1.227s] -- Installing: /home/hackathon-01/ros2/tutorials/harmonic_gui/install/robot_description/share/robot_description//config
[1.227s] -- Installing: /home/hackathon-01/ros2/tutorials/harmonic_gui/install/robot_description/share/robot_description//config/robot_controller.yaml
[1.227s] -- Installing: /home/hackathon-01/ros2/tutorials/harmonic_gui/install/robot_description/share/ament_index/resource_index/package_run_dependencies/robot_description
[1.227s] -- Installing: /home/hackathon-01/ros2/tutorials/harmonic_gui/install/robot_description/share/ament_index/resource_index/parent_prefix_path/robot_description
[1.227s] -- Installing: /home/hackathon-01/ros2/tutorials/harmonic_gui/install/robot_description/share/robot_description/environment/ament_prefix_path.sh
[1.228s] -- Installing: /home/hackathon-01/ros2/tutorials/harmonic_gui/install/robot_description/share/robot_description/environment/ament_prefix_path.dsv
[1.228s] -- Installing: /home/hackathon-01/ros2/tutorials/harmonic_gui/install/robot_description/share/robot_description/environment/path.sh
[1.228s] -- Installing: /home/hackathon-01/ros2/tutorials/harmonic_gui/install/robot_description/share/robot_description/environment/path.dsv
[1.228s] -- Installing: /home/hackathon-01/ros2/tutorials/harmonic_gui/install/robot_description/share/robot_description/local_setup.bash
[1.228s] -- Installing: /home/hackathon-01/ros2/tutorials/harmonic_gui/install/robot_description/share/robot_description/local_setup.sh
[1.228s] -- Installing: /home/hackathon-01/ros2/tutorials/harmonic_gui/install/robot_description/share/robot_description/local_setup.zsh
[1.228s] -- Installing: /home/hackathon-01/ros2/tutorials/harmonic_gui/install/robot_description/share/robot_description/local_setup.dsv
[1.229s] -- Installing: /home/hackathon-01/ros2/tutorials/harmonic_gui/install/robot_description/share/robot_description/package.dsv
[1.229s] -- Installing: /home/hackathon-01/ros2/tutorials/harmonic_gui/install/robot_description/share/ament_index/resource_index/packages/robot_description
[1.229s] -- Installing: /home/hackathon-01/ros2/tutorials/harmonic_gui/install/robot_description/share/robot_description/cmake/robot_descriptionConfig.cmake
[1.229s] -- Installing: /home/hackathon-01/ros2/tutorials/harmonic_gui/install/robot_description/share/robot_description/cmake/robot_descriptionConfig-version.cmake
[1.229s] -- Installing: /home/hackathon-01/ros2/tutorials/harmonic_gui/install/robot_description/share/robot_description/package.xml
[1.232s] Invoked command in '/home/hackathon-01/ros2/tutorials/harmonic_gui/build/robot_description' returned '0': CMAKE_PREFIX_PATH=${CMAKE_PREFIX_PATH}:/opt/ros/jazzy /usr/bin/cmake --install /home/hackathon-01/ros2/tutorials/harmonic_gui/build/robot_description
