-- Install configuration: ""
-- Up-to-date: /home/hackathon-01/ros2/tutorials/path_tracking_sim_ros2/install/robot_description/share/robot_description//robot
-- Up-to-date: /home/hackathon-01/ros2/tutorials/path_tracking_sim_ros2/install/robot_description/share/robot_description//robot/parts
-- Up-to-date: /home/hackathon-01/ros2/tutorials/path_tracking_sim_ros2/install/robot_description/share/robot_description//robot/parts/base
-- Up-to-date: /home/hackathon-01/ros2/tutorials/path_tracking_sim_ros2/install/robot_description/share/robot_description//robot/parts/base/base.xacro
-- Up-to-date: /home/hackathon-01/ros2/tutorials/path_tracking_sim_ros2/install/robot_description/share/robot_description//robot/parts/base/base.gazebo
-- Up-to-date: /home/hackathon-01/ros2/tutorials/path_tracking_sim_ros2/install/robot_description/share/robot_description//robot/parts/wheel
-- Up-to-date: /home/hackathon-01/ros2/tutorials/path_tracking_sim_ros2/install/robot_description/share/robot_description//robot/parts/wheel/wheel.xacro
-- Up-to-date: /home/hackathon-01/ros2/tutorials/path_tracking_sim_ros2/install/robot_description/share/robot_description//robot/parts/wheel/wheel.gazebo
-- Up-to-date: /home/hackathon-01/ros2/tutorials/path_tracking_sim_ros2/install/robot_description/share/robot_description//robot/parts/knuckle
-- Up-to-date: /home/hackathon-01/ros2/tutorials/path_tracking_sim_ros2/install/robot_description/share/robot_description//robot/parts/knuckle/knuckle.gazebo
-- Up-to-date: /home/hackathon-01/ros2/tutorials/path_tracking_sim_ros2/install/robot_description/share/robot_description//robot/parts/knuckle/knuckle.xacro
-- Up-to-date: /home/hackathon-01/ros2/tutorials/path_tracking_sim_ros2/install/robot_description/share/robot_description//robot/robot_control_gazebo.xacro
-- Up-to-date: /home/hackathon-01/ros2/tutorials/path_tracking_sim_ros2/install/robot_description/share/robot_description//robot/robot.xacro
-- Up-to-date: /home/hackathon-01/ros2/tutorials/path_tracking_sim_ros2/install/robot_description/share/robot_description//meshes
-- Up-to-date: /home/hackathon-01/ros2/tutorials/path_tracking_sim_ros2/install/robot_description/share/robot_description//meshes/DAE
-- Up-to-date: /home/hackathon-01/ros2/tutorials/path_tracking_sim_ros2/install/robot_description/share/robot_description//meshes/DAE/base
-- Up-to-date: /home/hackathon-01/ros2/tutorials/path_tracking_sim_ros2/install/robot_description/share/robot_description//meshes/DAE/base/base_link.png
-- Up-to-date: /home/hackathon-01/ros2/tutorials/path_tracking_sim_ros2/install/robot_description/share/robot_description//meshes/DAE/base/base_link.dae
-- Up-to-date: /home/hackathon-01/ros2/tutorials/path_tracking_sim_ros2/install/robot_description/share/robot_description//meshes/DAE/wheel
-- Up-to-date: /home/hackathon-01/ros2/tutorials/path_tracking_sim_ros2/install/robot_description/share/robot_description//meshes/DAE/wheel/wheel.dae
-- Up-to-date: /home/hackathon-01/ros2/tutorials/path_tracking_sim_ros2/install/robot_description/share/robot_description//meshes/DAE/nuckle
-- Up-to-date: /home/hackathon-01/ros2/tutorials/path_tracking_sim_ros2/install/robot_description/share/robot_description//meshes/DAE/nuckle/knuckle.dae
-- Up-to-date: /home/hackathon-01/ros2/tutorials/path_tracking_sim_ros2/install/robot_description/share/robot_description//meshes/STL
-- Up-to-date: /home/hackathon-01/ros2/tutorials/path_tracking_sim_ros2/install/robot_description/share/robot_description//meshes/STL/base
-- Up-to-date: /home/hackathon-01/ros2/tutorials/path_tracking_sim_ros2/install/robot_description/share/robot_description//meshes/STL/base/base_link.stl
-- Up-to-date: /home/hackathon-01/ros2/tutorials/path_tracking_sim_ros2/install/robot_description/share/robot_description//meshes/STL/wheel
-- Up-to-date: /home/hackathon-01/ros2/tutorials/path_tracking_sim_ros2/install/robot_description/share/robot_description//meshes/STL/wheel/wheel.stl
-- Up-to-date: /home/hackathon-01/ros2/tutorials/path_tracking_sim_ros2/install/robot_description/share/robot_description//meshes/STL/knuckle
-- Up-to-date: /home/hackathon-01/ros2/tutorials/path_tracking_sim_ros2/install/robot_description/share/robot_description//meshes/STL/knuckle/knuckle.stl
-- Up-to-date: /home/hackathon-01/ros2/tutorials/path_tracking_sim_ros2/install/robot_description/share/robot_description//config
-- Up-to-date: /home/hackathon-01/ros2/tutorials/path_tracking_sim_ros2/install/robot_description/share/robot_description//config/robot_controller.yaml
-- Up-to-date: /home/hackathon-01/ros2/tutorials/path_tracking_sim_ros2/install/robot_description/share/ament_index/resource_index/package_run_dependencies/robot_description
-- Up-to-date: /home/hackathon-01/ros2/tutorials/path_tracking_sim_ros2/install/robot_description/share/ament_index/resource_index/parent_prefix_path/robot_description
-- Up-to-date: /home/hackathon-01/ros2/tutorials/path_tracking_sim_ros2/install/robot_description/share/robot_description/environment/ament_prefix_path.sh
-- Up-to-date: /home/hackathon-01/ros2/tutorials/path_tracking_sim_ros2/install/robot_description/share/robot_description/environment/ament_prefix_path.dsv
-- Up-to-date: /home/hackathon-01/ros2/tutorials/path_tracking_sim_ros2/install/robot_description/share/robot_description/environment/path.sh
-- Up-to-date: /home/hackathon-01/ros2/tutorials/path_tracking_sim_ros2/install/robot_description/share/robot_description/environment/path.dsv
-- Up-to-date: /home/hackathon-01/ros2/tutorials/path_tracking_sim_ros2/install/robot_description/share/robot_description/local_setup.bash
-- Up-to-date: /home/hackathon-01/ros2/tutorials/path_tracking_sim_ros2/install/robot_description/share/robot_description/local_setup.sh
-- Up-to-date: /home/hackathon-01/ros2/tutorials/path_tracking_sim_ros2/install/robot_description/share/robot_description/local_setup.zsh
-- Up-to-date: /home/hackathon-01/ros2/tutorials/path_tracking_sim_ros2/install/robot_description/share/robot_description/local_setup.dsv
-- Installing: /home/hackathon-01/ros2/tutorials/path_tracking_sim_ros2/install/robot_description/share/robot_description/package.dsv
-- Up-to-date: /home/hackathon-01/ros2/tutorials/path_tracking_sim_ros2/install/robot_description/share/ament_index/resource_index/packages/robot_description
-- Up-to-date: /home/hackathon-01/ros2/tutorials/path_tracking_sim_ros2/install/robot_description/share/robot_description/cmake/robot_descriptionConfig.cmake
-- Up-to-date: /home/hackathon-01/ros2/tutorials/path_tracking_sim_ros2/install/robot_description/share/robot_description/cmake/robot_descriptionConfig-version.cmake
-- Up-to-date: /home/hackathon-01/ros2/tutorials/path_tracking_sim_ros2/install/robot_description/share/robot_description/package.xml
