[0.024s] Invoking command in '/home/hackathon-01/ros2/tutorials/harmonic_gui/build/robot_control': CMAKE_PREFIX_PATH=${CMAKE_PREFIX_PATH}:/opt/ros/jazzy /usr/bin/cmake --build /home/hackathon-01/ros2/tutorials/harmonic_gui/build/robot_control -- -j22 -l22
[0.116s] Invoked command in '/home/hackathon-01/ros2/tutorials/harmonic_gui/build/robot_control' returned '0': CMAKE_PREFIX_PATH=${CMAKE_PREFIX_PATH}:/opt/ros/jazzy /usr/bin/cmake --build /home/hackathon-01/ros2/tutorials/harmonic_gui/build/robot_control -- -j22 -l22
[0.117s] Invoking command in '/home/hackathon-01/ros2/tutorials/harmonic_gui/build/robot_control': CMAKE_PREFIX_PATH=${CMAKE_PREFIX_PATH}:/opt/ros/jazzy /usr/bin/cmake --install /home/hackathon-01/ros2/tutorials/harmonic_gui/build/robot_control
[0.129s] -- Install configuration: ""
[0.132s] -- Up-to-date: /home/hackathon-01/ros2/tutorials/harmonic_gui/install/robot_control/share/robot_control//launch
[0.132s] -- Up-to-date: /home/hackathon-01/ros2/tutorials/harmonic_gui/install/robot_control/share/robot_control//launch/robot_control.launch.py
[0.132s] -- Up-to-date: /home/hackathon-01/ros2/tutorials/harmonic_gui/install/robot_control/share/robot_control//scripts
[0.132s] -- Up-to-date: /home/hackathon-01/ros2/tutorials/harmonic_gui/install/robot_control/share/robot_control//scripts/robot_controller.py
[0.132s] -- Up-to-date: /home/hackathon-01/ros2/tutorials/harmonic_gui/install/robot_control/lib/robot_control/robot_controller.py
[0.132s] -- Up-to-date: /home/hackathon-01/ros2/tutorials/harmonic_gui/install/robot_control/lib/robot_control/robot_control.launch.py
[0.132s] -- Up-to-date: /home/hackathon-01/ros2/tutorials/harmonic_gui/install/robot_control/share/ament_index/resource_index/package_run_dependencies/robot_control
[0.132s] -- Up-to-date: /home/hackathon-01/ros2/tutorials/harmonic_gui/install/robot_control/share/ament_index/resource_index/parent_prefix_path/robot_control
[0.132s] -- Up-to-date: /home/hackathon-01/ros2/tutorials/harmonic_gui/install/robot_control/share/robot_control/environment/ament_prefix_path.sh
[0.132s] -- Up-to-date: /home/hackathon-01/ros2/tutorials/harmonic_gui/install/robot_control/share/robot_control/environment/ament_prefix_path.dsv
[0.132s] -- Up-to-date: /home/hackathon-01/ros2/tutorials/harmonic_gui/install/robot_control/share/robot_control/environment/path.sh
[0.132s] -- Up-to-date: /home/hackathon-01/ros2/tutorials/harmonic_gui/install/robot_control/share/robot_control/environment/path.dsv
[0.133s] -- Up-to-date: /home/hackathon-01/ros2/tutorials/harmonic_gui/install/robot_control/share/robot_control/local_setup.bash
[0.133s] -- Up-to-date: /home/hackathon-01/ros2/tutorials/harmonic_gui/install/robot_control/share/robot_control/local_setup.sh
[0.133s] -- Up-to-date: /home/hackathon-01/ros2/tutorials/harmonic_gui/install/robot_control/share/robot_control/local_setup.zsh
[0.133s] -- Up-to-date: /home/hackathon-01/ros2/tutorials/harmonic_gui/install/robot_control/share/robot_control/local_setup.dsv
[0.133s] -- Up-to-date: /home/hackathon-01/ros2/tutorials/harmonic_gui/install/robot_control/share/robot_control/package.dsv
[0.133s] -- Up-to-date: /home/hackathon-01/ros2/tutorials/harmonic_gui/install/robot_control/share/ament_index/resource_index/packages/robot_control
[0.133s] -- Up-to-date: /home/hackathon-01/ros2/tutorials/harmonic_gui/install/robot_control/share/robot_control/cmake/robot_controlConfig.cmake
[0.133s] -- Up-to-date: /home/hackathon-01/ros2/tutorials/harmonic_gui/install/robot_control/share/robot_control/cmake/robot_controlConfig-version.cmake
[0.133s] -- Up-to-date: /home/hackathon-01/ros2/tutorials/harmonic_gui/install/robot_control/share/robot_control/package.xml
[0.160s] Invoked command in '/home/hackathon-01/ros2/tutorials/harmonic_gui/build/robot_control' returned '0': CMAKE_PREFIX_PATH=${CMAKE_PREFIX_PATH}:/opt/ros/jazzy /usr/bin/cmake --install /home/hackathon-01/ros2/tutorials/harmonic_gui/build/robot_control
